mode/oranges.csv
Sales_Date,Store,Month,Weekday,Sales,Unit_Price,State,Climate,Promo,Test20t,Test50t
12/31/2008,86,12,4,50.5,1.98831683,AM,EQUATORIAL / HOT / HUMID,1,0,0
1/02/2009,86,1,6,73.69,2.58990365,AM,EQUATORIAL / HOT / HUMID,0,0,0
1/04/2009,86,1,1,237.45,1.98909244,AM,EQUATORIAL / HOT / HUMID,1,0,0
1/05/2009,86,1,2,71.63,2.18986458,AM,EQUATORIAL / HOT / HUMID,0,0,0
1/06/2009,86,1,3,53.43,2.78925697,AM,EQUATORIAL / HOT / HUMID,1,0,0
1/07/2009,86,1,4,503.34,0.97967577,AM,EQUATORIAL / HOT / HUMID,1,0,0
1/08/2009,86,1,5,168.9,1.8901717,AM,EQUATORIAL / HOT / HUMID,1,0,0
1/13/2009,86,1,3,27.27,2.58892556,AM,EQUATORIAL / HOT / HUMID,0,0,0
1/14/2009,86,1,4,29.84,2.10187668,AM,EQUATORIAL / HOT / HUMID,1,0,0
1/15/2009,86,1,5,53.95,2.18943466,AM,EQUATORIAL / HOT / HUMID,1,0,0
1/16/2009,86,1,6,105.69,2.18942189,AM,EQUATORIAL / HOT / HUMID,1,0,0
1/17/2009,86,1,7,88.02,2.18938878,AM,EQUATORIAL / HOT / HUMID,1,0,0
1/18/2009,86,1,1,19.97,2.18928393,AM,EQUATORIAL / HOT / HUMID,1,0,0
1/19/2009,86,1,2,11.18,2.19051878,AM,EQUATORIAL / HOT / HUMID,1,0,0
1/20/2009,86,1,3,18.51,2.19016748,AM,EQUATORIAL / HOT / HUMID,1,0,0
1/21/2009,86,1,4,164.78,1.48980459,AM,EQUATORIAL / HOT / HUMID,1,0,0
1/22/2009,86,1,5,56.85,2.59032542,AM,EQUATORIAL / HOT / HUMID,0,0,0
1/23/2009,86,1,6,17.16,2.59207459,AM,EQUATORIAL / HOT / HUMID,0,0,0
1/24/2009,86,1,7,13.07,2.59066565,AM,EQUATORIAL / HOT / HUMID,0,0,0
1/25/2009,86,1,1,15.58,2.59050064,AM,EQUATORIAL / HOT / HUMID,0,0,0
1/26/2009,86,1,2,9.85,2.58984772,AM,EQUATORIAL / HOT / HUMID,0,0,1
1/27/2009,86,1,3,72.71,2.5898776,AM,EQUATORIAL / HOT / HUMID,0,0,1
1/28/2009,86,1,4,189.13,1.87950087,AM,EQUATORIAL / HOT / HUMID,1,0,1
1/29/2009,86,1,5,59.03,2.59020837,AM,EQUATORIAL / HOT / HUMID,0,0,1
1/30/2009,86,1,6,32.47,2.59039113,AM,EQUATORIAL / HOT / HUMID,0,0,1
1/31/2009,86,1,7,116.85,2.5893881,AM,EQUATORIAL / HOT / HUMID,0,0,1
2/01/2009,86,2,1,69.35,2.24931507,AM,EQUATORIAL / HOT / HUMID,0,0,1
2/02/2009,86,2,2,94.15,2.58959108,AM,EQUATORIAL / HOT / HUMID,0,0,1
2/04/2009,86,2,4,90.04,2.68869391,AM,EQUATORIAL / HOT / HUMID,0,0,1
2/05/2009,86,2,5,86.08,2.18947491,AM,EQUATORIAL / HOT / HUMID,0,0,1
2/06/2009,86,2,6,23.73,2.39064475,AM,EQUATORIAL / HOT / HUMID,1,0,1
2/07/2009,86,2,7,97.21,2.4898673,AM,EQUATORIAL / HOT / HUMID,0,0,1
2/08/2009,86,2,1,93.25,1.88986595,AM,EQUATORIAL / HOT / HUMID,1,0,1
2/13/2009,86,2,6,44.72,2.58922182,AM,EQUATORIAL / HOT / HUMID,1,0,1
2/14/2009,86,2,7,31.76,2.48960957,AM,EQUATORIAL / HOT / HUMID,1,0,1
2/15/2009,86,2,1,13.42,2.48956781,AM,EQUATORIAL / HOT / HUMID,1,0,1
2/16/2009,86,2,2,12.46,2.48876404,AM,EQUATORIAL / HOT / HUMID,1,0,1
2/17/2009,86,2,3,128.15,2.48958252,AM,EQUATORIAL / HOT / HUMID,1,0,1
2/18/2009,86,2,4,164.77,2.38969473,AM,EQUATORIAL / HOT / HUMID,1,0,1
2/19/2009,86,2,5,86.05,2.58942475,AM,EQUATORIAL / HOT / HUMID,1,0,1
2/20/2009,86,2,6,54.93,2.58893137,AM,EQUATORIAL / HOT / HUMID,1,0,1
2/21/2009,86,2,7,100.32,2.58961324,AM,EQUATORIAL / HOT / HUMID,1,0,1
2/22/2009,86,2,1,73.39,2.5894536,AM,EQUATORIAL / HOT / HUMID,1,0,1
2/23/2009,86,2,2,79.74,2.58903938,AM,EQUATORIAL / HOT / HUMID,1,0,1
2/24/2009,86,2,3,62.01,2.58942106,AM,EQUATORIAL / HOT / HUMID,1,0,1
2/25/2009,86,2,4,81.46,2.38877977,AM,EQUATORIAL / HOT / HUMID,1,0,1
2/26/2009,86,2,5,78.36,2.68095967,AM,EQUATORIAL / HOT / HUMID,0,0,1
2/27/2009,86,2,6,93.83,2.7892998,AM,EQUATORIAL / HOT / HUMID,1,0,1
2/28/2009,86,2,7,100.85,2.78968765,AM,EQUATORIAL / HOT / HUMID,1,0,1
3/01/2009,86,3,1,148.94,2.28931113,AM,EQUATORIAL / HOT / HUMID,0,0,1
3/02/2009,86,3,2,83.6,2.58947368,AM,EQUATORIAL / HOT / HUMID,1,0,1
3/04/2009,86,3,4,63.28,2.68915929,AM,EQUATORIAL / HOT / HUMID,0,0,1
3/05/2009,86,3,5,43.47,2.19070623,AM,EQUATORIAL / HOT / HUMID,0,0,1
3/06/2009,86,3,6,138.73,2.27960787,AM,EQUATORIAL / HOT / HUMID,1,0,1
3/07/2009,86,3,7,102.87,2.78973462,AM,EQUATORIAL / HOT / HUMID,0,0,1
3/08/2009,86,3,1,65.78,2.79020979,AM,EQUATORIAL / HOT / HUMID,0,0,1
4/01/2009,86,4,4,94.63,2.2890204,AM,EQUATORIAL / HOT / HUMID,0,0,1
4/02/2009,86,4,5,280.14,1.48914828,AM,EQUATORIAL / HOT / HUMID,1,0,1
4/04/2009,86,4,7,125.5,2.68916335,AM,EQUATORIAL / HOT / HUMID,0,0,1
4/05/2009,86,4,1,44.38,2.18814781,AM,EQUATORIAL / HOT / HUMID,0,0,1
4/06/2009,86,4,2,69.65,2.78923187,AM,EQUATORIAL / HOT / HUMID,0,0,1
4/07/2009,86,4,3,142.55,2.78940723,AM,EQUATORIAL / HOT / HUMID,1,0,1
4/08/2009,86,4,4,98.42,2.78998171,AM,EQUATORIAL / HOT / HUMID,0,0,1
4/13/2009,86,4,2,57.29,2.78949206,AM,EQUATORIAL / HOT / HUMID,0,0,1
4/14/2009,86,4,3,52,2.78923077,AM,EQUATORIAL / HOT / HUMID,0,0,1
4/15/2009,86,4,4,137.51,1.97934696,AM,EQUATORIAL / HOT / HUMID,1,0,1
4/16/2009,86,4,5,85.96,1.78920428,AM,EQUATORIAL / HOT / HUMID,1,0,1
4/17/2009,86,4,6,63.51,2.75358211,AM,EQUATORIAL / HOT / HUMID,0,0,1
4/18/2009,86,4,7,77.43,2.78922898,AM,EQUATORIAL / HOT / HUMID,0,0,1
4/19/2009,86,4,1,39.77,2.7897913,AM,EQUATORIAL / HOT / HUMID,0,0,1
4/20/2009,86,4,2,69.02,2.78919154,AM,EQUATORIAL / HOT / HUMID,0,0,1
4/21/2009,86,4,3,22.47,2.78949711,AM,EQUATORIAL / HOT / HUMID,0,0,1
4/22/2009,86,4,4,59.12,2.79008796,AM,EQUATORIAL / HOT / HUMID,0,0,1
4/23/2009,86,4,5,63.8,2.78949843,AM,EQUATORIAL / HOT / HUMID,0,0,1
4/24/2009,86,4,6,65.99,2.70040915,AM,EQUATORIAL / HOT / HUMID,0,0,1
4/25/2009,86,4,7,143.2,1.95614525,AM,EQUATORIAL / HOT / HUMID,1,0,1
4/26/2009,86,4,1,89.39,1.88969683,AM,EQUATORIAL / HOT / HUMID,1,0,1
4/27/2009,86,4,2,110.08,1.88917151,AM,EQUATORIAL / HOT / HUMID,1,0,1
4/28/2009,86,4,3,54.19,2.69846835,AM,EQUATORIAL / HOT / HUMID,0,0,1
4/29/2009,86,4,4,420.72,0.97963016,AM,EQUATORIAL / HOT / HUMID,1,0,1
4/30/2009,86,4,5,62.58,2.18919783,AM,EQUATORIAL / HOT / HUMID,0,0,1
5/01/2009,86,5,6,65.35,2.28982402,AM,EQUATORIAL / HOT / HUMID,0,0,1
5/02/2009,86,5,7,57.8,1.9283737,AM,EQUATORIAL / HOT / HUMID,1,0,1
5/04/2009,86,5,2,46.37,2.68902308,AM,EQUATORIAL / HOT / HUMID,0,0,1
5/05/2009,86,5,3,33.58,2.48927933,AM,EQUATORIAL / HOT / HUMID,0,0,1
5/06/2009,86,5,4,43.25,2.79098266,AM,EQUATORIAL / HOT / HUMID,0,0,1
5/07/2009,86,5,5,65.8,2.29012158,AM,EQUATORIAL / HOT / HUMID,1,0,1
5/08/2009,86,5,6,273.45,1.69983544,AM,EQUATORIAL / HOT / HUMID,1,0,1
5/13/2009,86,5,4,111.44,2.78957286,AM,EQUATORIAL / HOT / HUMID,0,0,1
5/14/2009,86,5,5,56.48,2.78895184,AM,EQUATORIAL / HOT / HUMID,0,0,1
5/15/2009,86,5,6,66.86,2.78881244,AM,EQUATORIAL / HOT / HUMID,0,0,1
5/16/2009,86,5,7,109.47,2.78953138,AM,EQUATORIAL / HOT / HUMID,0,0,1
5/17/2009,86,5,1,51.54,2.78890182,AM,EQUATORIAL / HOT / HUMID,0,0,1
5/18/2009,86,5,2,97.04,2.78936521,AM,EQUATORIAL / HOT / HUMID,0,0,1
5/19/2009,86,5,3,73.78,2.18948224,AM,EQUATORIAL / HOT / HUMID,0,0,1
5/20/2009,86,5,4,193.89,1.92469957,AM,EQUATORIAL / HOT / HUMID,1,0,1
5/21/2009,86,5,5,108.73,1.88880714,AM,EQUATORIAL / HOT / HUMID,1,0,1
5/22/2009,86,5,6,77.99,2.18899859,AM,EQUATORIAL / HOT / HUMID,0,0,1
5/23/2009,86,5,7,95.12,2.18955004,AM,EQUATORIAL / HOT / HUMID,0,0,1
5/24/2009,86,5,1,43.23,2.18945177,AM,EQUATORIAL / HOT / HUMID,0,0,1
5/25/2009,86,5,2,54.73,2.18984104,AM,EQUATORIAL / HOT / HUMID,0,0,1
5/26/2009,86,5,3,36.6,2.18907104,AM,EQUATORIAL / HOT / HUMID,0,0,1
5/27/2009,86,5,4,94.99,1.99789452,AM,EQUATORIAL / HOT / HUMID,1,0,1
5/28/2009,86,5,5,78.1,2.18988476,AM,EQUATORIAL / HOT / HUMID,0,0,1
5/29/2009,86,5,6,56.42,2.78925913,AM,EQUATORIAL / HOT / HUMID,0,0,1
5/30/2009,86,5,7,59.62,2.78950017,AM,EQUATORIAL / HOT / HUMID,0,0,1
5/31/2009,86,5,1,33.92,2.78979953,AM,EQUATORIAL / HOT / HUMID,0,0,1
6/01/2009,86,6,2,117.29,2.28962401,AM,EQUATORIAL / HOT / HUMID,0,0,1
6/02/2009,86,6,3,35.26,2.58905275,AM,EQUATORIAL / HOT / HUMID,1,0,1
6/04/2009,86,6,5,47.16,2.68871925,AM,EQUATORIAL / HOT / HUMID,0,0,1
6/05/2009,86,6,6,56.79,2.48899454,AM,EQUATORIAL / HOT / HUMID,1,0,1
6/06/2009,86,6,7,95.19,2.78999895,AM,EQUATORIAL / HOT / HUMID,0,0,1
6/07/2009,86,6,1,92.76,2.11125485,AM,EQUATORIAL / HOT / HUMID,1,0,1
6/08/2009,86,6,2,73.06,2.79017246,AM,EQUATORIAL / HOT / HUMID,0,0,1
6/13/2009,86,6,7,71.62,2.79000279,AM,EQUATORIAL / HOT / HUMID,0,0,1
6/14/2009,86,6,1,38.7,2.79018088,AM,EQUATORIAL / HOT / HUMID,0,0,1
6/15/2009,86,6,2,46.4,2.54482759,AM,EQUATORIAL / HOT / HUMID,1,0,1
6/16/2009,86,6,3,80.81,2.79024873,AM,EQUATORIAL / HOT / HUMID,0,0,1
6/17/2009,86,6,4,211.77,1.3841904,AM,EQUATORIAL / HOT / HUMID,1,0,1
6/18/2009,86,6,5,124.89,2.6020498,AM,EQUATORIAL / HOT / HUMID,0,0,1
6/19/2009,86,6,6,63.18,1.79012346,AM,EQUATORIAL / HOT / HUMID,1,0,1
6/20/2009,86,6,7,42.54,1.78984485,AM,EQUATORIAL / HOT / HUMID,1,0,1
6/21/2009,86,6,1,13.1,2.79236641,AM,EQUATORIAL / HOT / HUMID,0,0,1
6/22/2009,86,6,2,11.85,2.68691983,AM,EQUATORIAL / HOT / HUMID,1,0,1
6/23/2009,86,6,3,64.79,1.98950455,AM,EQUATORIAL / HOT / HUMID,1,0,1
6/24/2009,86,6,4,164.68,1.90278115,AM,EQUATORIAL / HOT / HUMID,1,0,1
6/25/2009,86,6,5,92.89,1.88933147,AM,EQUATORIAL / HOT / HUMID,1,0,1
6/27/2009,86,6,7,119.3,2.27191953,AM,EQUATORIAL / HOT / HUMID,1,0,1
6/28/2009,86,6,1,69.99,1.98885555,AM,EQUATORIAL / HOT / HUMID,1,0,1
6/29/2009,86,6,2,94.81,2.4896108,AM,EQUATORIAL / HOT / HUMID,0,0,1
6/30/2009,86,6,3,63.02,2.48968581,AM,EQUATORIAL / HOT / HUMID,0,1,1
7/01/2009,86,7,4,170.44,1.88946257,AM,EQUATORIAL / HOT / HUMID,1,1,1
7/02/2009,86,7,5,10.21,2.48873653,AM,EQUATORIAL / HOT / HUMID,1,1,1
7/04/2009,86,7,7,24.72,2.68972492,AM,EQUATORIAL / HOT / HUMID,0,1,1
7/05/2009,86,7,1,45.7,2.48905908,AM,EQUATORIAL / HOT / HUMID,1,1,1
7/06/2009,86,7,2,67.77,2.79076287,AM,EQUATORIAL / HOT / HUMID,0,1,1
7/07/2009,86,7,3,86.02,1.98872355,AM,EQUATORIAL / HOT / HUMID,1,1,1
7/08/2009,86,7,4,66.45,2.7890143,AM,EQUATORIAL / HOT / HUMID,0,1,1
7/13/2009,86,7,2,28.72,2.05396936,AM,EQUATORIAL / HOT / HUMID,1,1,1
7/14/2009,86,7,3,96.51,1.9891203,AM,EQUATORIAL / HOT / HUMID,1,1,1
7/15/2009,86,7,4,195.73,1.88949062,AM,EQUATORIAL / HOT / HUMID,1,1,1
7/16/2009,86,7,5,41.29,2.34366675,AM,EQUATORIAL / HOT / HUMID,1,1,1
7/17/2009,86,7,6,100.23,2.15005487,AM,EQUATORIAL / HOT / HUMID,1,1,1
7/18/2009,86,7,7,163.65,2.7898564,AM,EQUATORIAL / HOT / HUMID,0,1,1
7/19/2009,86,7,1,59.71,2.78931502,AM,EQUATORIAL / HOT / HUMID,0,1,1
7/20/2009,86,7,2,72.78,2.79005221,AM,EQUATORIAL / HOT / HUMID,0,1,1
7/21/2009,86,7,3,80.41,2.7899515,AM,EQUATORIAL / HOT / HUMID,0,1,1
7/22/2009,86,7,4,200.75,1.78983811,AM,EQUATORIAL / HOT / HUMID,1,1,1
7/23/2009,86,7,5,73.9,2.78985115,AM,EQUATORIAL / HOT / HUMID,0,1,1
7/24/2009,86,7,6,87.91,2.78978501,AM,EQUATORIAL / HOT / HUMID,0,1,1
7/25/2009,86,7,7,110.09,2.78999001,AM,EQUATORIAL / HOT / HUMID,0,1,1
7/26/2009,86,7,1,35.94,2.78992766,AM,EQUATORIAL / HOT / HUMID,0,1,1
7/27/2009,86,7,2,61.03,2.78977552,AM,EQUATORIAL / HOT / HUMID,0,1,1
7/28/2009,86,7,3,60.61,2.45784524,AM,EQUATORIAL / HOT / HUMID,1,1,1
7/29/2009,86,7,4,149.76,1.77958066,AM,EQUATORIAL / HOT / HUMID,1,1,1
7/30/2009,86,7,5,72.49,2.78976411,AM,EQUATORIAL / HOT / HUMID,0,1,1
7/31/2009,86,7,6,46.35,2.78985976,AM,EQUATORIAL / HOT / HUMID,0,1,1
8/01/2009,86,8,7,40.35,2.28946716,AM,EQUATORIAL / HOT / HUMID,0,1,1
8/02/2009,86,8,1,7.31,2.48837209,AM,EQUATORIAL / HOT / HUMID,1,1,1
8/04/2009,86,8,3,177.73,1.8496596,AM,EQUATORIAL / HOT / HUMID,1,1,1
8/05/2009,86,8,4,83.42,2.48921122,AM,EQUATORIAL / HOT / HUMID,0,1,1
8/06/2009,86,8,5,62.86,2.79000955,AM,EQUATORIAL / HOT / HUMID,0,1,1
8/07/2009,86,8,6,68.13,2.48950536,AM,EQUATORIAL / HOT / HUMID,1,1,1
8/08/2009,86,8,7,101.72,2.78961856,AM,EQUATORIAL / HOT / HUMID,0,1,1
8/13/2009,86,8,5,116.87,2.78933858,AM,EQUATORIAL / HOT / HUMID,0,1,1
8/14/2009,86,8,6,114.25,2.94984683,AM,EQUATORIAL / HOT / HUMID,0,1,1
8/15/2009,86,8,7,147.34,2.19974209,AM,EQUATORIAL / HOT / HUMID,0,1,1
8/16/2009,86,8,1,53.92,2.19974036,AM,EQUATORIAL / HOT / HUMID,0,1,1
8/17/2009,86,8,2,68.5,2.2,AM,EQUATORIAL / HOT / HUMID,0,1,1
8/19/2009,86,8,4,80.34,2.06621857,AM,EQUATORIAL / HOT / HUMID,1,1,1
8/22/2009,86,8,7,108.57,2.94998618,AM,EQUATORIAL / HOT / HUMID,0,1,1
8/24/2009,86,8,2,39.42,2.95027905,AM,EQUATORIAL / HOT / HUMID,0,1,1
8/26/2009,86,8,4,82.28,2.48991249,AM,EQUATORIAL / HOT / HUMID,1,1,1
8/27/2009,86,8,5,60.1,2.94975042,AM,EQUATORIAL / HOT / HUMID,0,1,1
8/31/2009,86,8,2,64.35,2.94996115,AM,EQUATORIAL / HOT / HUMID,0,1,1
9/01/2009,86,9,3,24.45,2.58854806,AM,EQUATORIAL / HOT / HUMID,0,1,1
9/02/2009,86,9,4,6.71,2.48733234,AM,EQUATORIAL / HOT / HUMID,1,1,1
9/04/2009,86,9,6,219.26,1.84931132,AM,EQUATORIAL / HOT / HUMID,1,1,1
9/05/2009,86,9,7,72.64,2.48939978,AM,EQUATORIAL / HOT / HUMID,0,1,1
9/06/2009,86,9,1,56.2,2.79021352,AM,EQUATORIAL / HOT / HUMID,0,1,1
9/07/2009,86,9,2,69.59,2.5417445,AM,EQUATORIAL / HOT / HUMID,1,1,1
9/08/2009,86,9,3,68.54,2.78975781,AM,EQUATORIAL / HOT / HUMID,0,1,1
10/01/2009,86,10,5,99.46,1.98914136,AM,EQUATORIAL / HOT / HUMID,1,1,1
10/02/2009,86,10,6,60.79,2.59006416,AM,EQUATORIAL / HOT / HUMID,1,1,1
10/04/2009,86,10,1,5.3,2.78867925,AM,EQUATORIAL / HOT / HUMID,0,1,1
10/05/2009,86,10,2,51.99,2.48855549,AM,EQUATORIAL / HOT / HUMID,0,1,1
10/06/2009,86,10,3,95.29,2.27977752,AM,EQUATORIAL / HOT / HUMID,1,1,1
10/07/2009,86,10,4,55.58,2.48938467,AM,EQUATORIAL / HOT / HUMID,1,1,1
10/08/2009,86,10,5,56.71,2.78945512,AM,EQUATORIAL / HOT / HUMID,0,1,1
11/01/2009,86,11,1,85.55,1.98971362,AM,EQUATORIAL / HOT / HUMID,1,1,1
11/02/2009,86,11,2,75.74,2.28993927,AM,EQUATORIAL / HOT / HUMID,1,1,1
11/04/2009,86,11,4,115.5,2.78987013,AM,EQUATORIAL / HOT / HUMID,0,1,1
11/05/2009,86,11,5,59.43,2.48948343,AM,EQUATORIAL / HOT / HUMID,0,1,1
11/06/2009,86,11,6,98.58,1.98985595,AM,EQUATORIAL / HOT / HUMID,1,1,1
11/07/2009,86,11,7,21.05,2.78954869,AM,EQUATORIAL / HOT / HUMID,0,1,1
11/08/2009,86,11,1,59.51,2.79028735,AM,EQUATORIAL / HOT / HUMID,0,1,1
12/01/2009,86,12,3,80.5,1.98944099,AM,EQUATORIAL / HOT / HUMID,1,1,1
12/02/2009,86,12,4,43.66,2.58955566,AM,EQUATORIAL / HOT / HUMID,1,1,1
12/04/2009,86,12,6,40.25,2.78832298,AM,EQUATORIAL / HOT / HUMID,0,1,1
12/05/2009,86,12,7,54.71,2.48894169,AM,EQUATORIAL / HOT / HUMID,0,1,1
12/06/2009,86,12,1,89.79,1.99008798,AM,EQUATORIAL / HOT / HUMID,1,1,1
12/07/2009,86,12,2,9.97,2.7883651,AM,EQUATORIAL / HOT / HUMID,0,1,1
12/08/2009,86,12,3,165.67,2.28967224,AM,EQUATORIAL / HOT / HUMID,1,1,1
1/07/2008,248,1,2,51.87,1.98978215,AM,EQUATORIAL / HOT / HUMID,0,0,0
1/08/2008,248,1,3,55.14,2.5901342,AM,EQUATORIAL / HOT / HUMID,1,0,0
1/09/2008,248,1,4,34.59,2.80080948,AM,EQUATORIAL / HOT / HUMID,0,0,0
1/10/2008,248,1,5,3.77,2.35013263,AM,EQUATORIAL / HOT / HUMID,0,0,0
1/11/2008,248,1,6,59.66,2.11783439,AM,EQUATORIAL / HOT / HUMID,1,0,0
1/12/2008,248,1,7,15.14,2.7992074,AM,EQUATORIAL / HOT / HUMID,0,0,0
2/07/2008,248,2,5,105.79,1.98950751,AM,EQUATORIAL / HOT / HUMID,1,0,0
2/08/2008,248,2,6,117.16,2.64996586,AM,EQUATORIAL / HOT / HUMID,1,0,0
2/09/2008,248,2,7,11.14,2.8016158,AM,EQUATORIAL / HOT / HUMID,0,0,0
2/10/2008,248,2,1,18.46,2.29035753,AM,EQUATORIAL / HOT / HUMID,0,0,0
2/11/2008,248,2,2,19.85,1.89118388,AM,EQUATORIAL / HOT / HUMID,1,0,0
2/12/2008,248,2,3,9.1,2.29120879,AM,EQUATORIAL / HOT / HUMID,0,0,0
3/07/2008,248,3,6,21.24,2.29048964,AM,EQUATORIAL / HOT / HUMID,0,0,0
3/08/2008,248,3,7,46.52,2.64961307,AM,EQUATORIAL / HOT / HUMID,1,0,0
3/09/2008,248,3,1,105.7,1.79006623,AM,EQUATORIAL / HOT / HUMID,1,0,0
3/10/2008,248,3,2,21.04,2.4904943,AM,EQUATORIAL / HOT / HUMID,0,0,0
3/11/2008,248,3,3,44.91,2.00578936,AM,EQUATORIAL / HOT / HUMID,1,0,0
3/12/2008,248,3,4,39.57,2.49027041,AM,EQUATORIAL / HOT / HUMID,1,0,0
4/07/2008,248,4,2,37.68,2.58996815,AM,EQUATORIAL / HOT / HUMID,0,0,0
4/08/2008,248,4,3,39.63,2.65102195,AM,EQUATORIAL / HOT / HUMID,1,0,0
4/09/2008,248,4,4,21.28,2.78994361,AM,EQUATORIAL / HOT / HUMID,0,0,0
4/10/2008,248,4,5,19.78,2.80131446,AM,EQUATORIAL / HOT / HUMID,0,0,0
4/11/2008,248,4,6,38.11,2.79952768,AM,EQUATORIAL / HOT / HUMID,0,0,0
5/07/2008,248,5,4,59.6,2.2897651,AM,EQUATORIAL / HOT / HUMID,0,0,0
5/08/2008,248,5,5,49.99,2.49029806,AM,EQUATORIAL / HOT / HUMID,1,0,0
5/09/2008,248,5,6,9.36,2.13675214,AM,EQUATORIAL / HOT / HUMID,1,0,0
5/10/2008,248,5,7,8.37,2.8004779,AM,EQUATORIAL / HOT / HUMID,0,0,0
5/11/2008,248,5,1,59.57,2.29041464,AM,EQUATORIAL / HOT / HUMID,1,0,0
5/12/2008,248,5,2,43.11,2.29041986,AM,EQUATORIAL / HOT / HUMID,0,0,0
6/07/2008,248,6,7,29.86,2.29002009,AM,EQUATORIAL / HOT / HUMID,0,0,0
6/08/2008,248,6,1,195.25,1.77997439,AM,EQUATORIAL / HOT / HUMID,1,0,0
6/09/2008,248,6,2,38.82,1.88974755,AM,EQUATORIAL / HOT / HUMID,1,0,0
6/10/2008,248,6,3,20.31,2.80009847,AM,EQUATORIAL / HOT / HUMID,0,0,0
6/11/2008,248,6,4,24.9,2.40080321,AM,EQUATORIAL / HOT / HUMID,0,0,0
6/12/2008,248,6,5,134.22,1.9802563,AM,EQUATORIAL / HOT / HUMID,1,0,0
7/07/2008,248,7,2,48.91,2.28951135,AM,EQUATORIAL / HOT / HUMID,0,0,0
7/08/2008,248,7,3,40.26,2.80004968,AM,EQUATORIAL / HOT / HUMID,1,0,0
7/09/2008,248,7,4,18.44,1.89099783,AM,EQUATORIAL / HOT / HUMID,1,0,0
7/10/2008,248,7,5,17.85,2.29131653,AM,EQUATORIAL / HOT / HUMID,0,0,0
7/11/2008,248,7,6,60.32,2.29045093,AM,EQUATORIAL / HOT / HUMID,0,0,0
7/12/2008,248,7,7,40.57,2.49001725,AM,EQUATORIAL / HOT / HUMID,1,0,0
7/13/2008,248,7,1,10.14,2.58974359,AM,EQUATORIAL / HOT / HUMID,0,0,0
7/14/2008,248,7,2,16.2,2.58950617,AM,EQUATORIAL / HOT / HUMID,0,0,0
7/15/2008,248,7,3,47.7,2.58972746,AM,EQUATORIAL / HOT / HUMID,0,0,0
7/16/2008,248,7,4,146.11,1.88987749,AM,EQUATORIAL / HOT / HUMID,1,0,0
7/17/2008,248,7,5,40.58,2.4898965,AM,EQUATORIAL / HOT / HUMID,0,0,0
7/18/2008,248,7,6,22.77,2.58981116,AM,EQUATORIAL / HOT / HUMID,0,0,0
7/19/2008,248,7,7,22.88,1.49300699,AM,EQUATORIAL / HOT / HUMID,1,0,0
7/20/2008,248,7,1,11.33,1.29037952,AM,EQUATORIAL / HOT / HUMID,1,0,0
7/21/2008,248,7,2,4.84,2.2892562,AM,EQUATORIAL / HOT / HUMID,0,0,0
7/22/2008,248,7,3,58.89,2.59059263,AM,EQUATORIAL / HOT / HUMID,0,0,0
7/23/2008,248,7,4,163.5,1.56122324,AM,EQUATORIAL / HOT / HUMID,1,0,0
7/24/2008,248,7,5,16.28,2.59090909,AM,EQUATORIAL / HOT / HUMID,0,0,0
7/25/2008,248,7,6,8.41,2.5921522,AM,EQUATORIAL / HOT / HUMID,0,0,0
7/26/2008,248,7,7,119.53,1.85192002,AM,EQUATORIAL / HOT / HUMID,1,0,0
7/27/2008,248,7,1,64.41,1.8503338,AM,EQUATORIAL / HOT / HUMID,1,0,0
7/28/2008,248,7,2,75.41,1.85041772,AM,EQUATORIAL / HOT / HUMID,1,0,0
7/29/2008,248,7,3,49.57,2.49041759,AM,EQUATORIAL / HOT / HUMID,0,0,0
7/30/2008,248,7,4,96.02,2.59029369,AM,EQUATORIAL / HOT / HUMID,0,0,0
