mode/oranges.csv
Sales_Date,Store,Month,Weekday,Sales,Unit_Price,State,Climate,Promo,Test20t,Test50t
2/05/2009,264,2,5,102.26,0.94963818,SP,TEMPERED / HUMID,0,0,1
2/06/2009,264,2,6,57.78,1.07649706,SP,TEMPERED / HUMID,0,0,1
2/07/2009,264,2,7,35.05,0.88958631,SP,TEMPERED / HUMID,0,0,1
2/08/2009,264,2,1,52.72,0.8495827,SP,TEMPERED / HUMID,0,0,1
2/13/2009,264,2,6,97.01,0.98010514,SP,TEMPERED / HUMID,0,0,1
2/14/2009,264,2,7,150.9,0.97958913,SP,TEMPERED / HUMID,0,0,1
2/15/2009,264,2,1,143.71,0.97961172,SP,TEMPERED / HUMID,0,0,1
2/16/2009,264,2,2,93.33,0.97878496,SP,TEMPERED / HUMID,0,0,1
2/17/2009,264,2,3,58.32,1.36659808,SP,TEMPERED / HUMID,0,0,1
2/18/2009,264,2,4,117.4,1.48969336,SP,TEMPERED / HUMID,0,0,1
2/19/2009,264,2,5,55.35,1.45004517,SP,TEMPERED / HUMID,0,0,1
2/20/2009,264,2,6,58.38,1.44981158,SP,TEMPERED / HUMID,0,0,1
2/21/2009,264,2,7,58.03,1.45011201,SP,TEMPERED / HUMID,0,0,1
2/22/2009,264,2,1,27.56,1.4488389,SP,TEMPERED / HUMID,0,0,1
2/23/2009,264,2,2,50.95,1.44828263,SP,TEMPERED / HUMID,0,0,1
2/24/2009,264,2,3,34.63,1.16777361,SP,TEMPERED / HUMID,0,0,1
2/25/2009,264,2,4,183.11,0.84998089,SP,TEMPERED / HUMID,1,0,1
2/26/2009,264,2,5,57.13,1.24453002,SP,TEMPERED / HUMID,0,0,1
2/27/2009,264,2,6,82.81,1.44934187,SP,TEMPERED / HUMID,0,0,1
2/28/2009,264,2,7,139.57,1.44945189,SP,TEMPERED / HUMID,0,0,1
3/01/2009,264,3,1,51.64,1.28950426,SP,TEMPERED / HUMID,0,0,1
3/02/2009,264,3,2,95.84,0.97934057,SP,TEMPERED / HUMID,0,0,1
3/04/2009,264,3,4,62.76,1.13814532,SP,TEMPERED / HUMID,1,0,1
3/05/2009,264,3,5,63.64,0.95018856,SP,TEMPERED / HUMID,0,0,1
3/06/2009,264,3,6,107.02,0.93982433,SP,TEMPERED / HUMID,1,0,1
3/07/2009,264,3,7,35.37,0.89001979,SP,TEMPERED / HUMID,1,0,1
3/08/2009,264,3,1,76.11,0.84942846,SP,TEMPERED / HUMID,0,0,1
4/01/2009,264,4,4,67.54,1.28886586,SP,TEMPERED / HUMID,0,0,1
4/02/2009,264,4,5,273.65,0.97968208,SP,TEMPERED / HUMID,0,0,1
4/04/2009,264,4,7,67.09,1.15009688,SP,TEMPERED / HUMID,1,0,1
4/05/2009,264,4,1,37.34,0.94938404,SP,TEMPERED / HUMID,0,0,1
4/06/2009,264,4,2,61.62,1.18971113,SP,TEMPERED / HUMID,0,0,1
4/07/2009,264,4,3,49.67,0.88947051,SP,TEMPERED / HUMID,1,0,1
4/08/2009,264,4,4,63.62,0.81530965,SP,TEMPERED / HUMID,0,0,1
4/13/2009,264,4,2,36.48,0.94928728,SP,TEMPERED / HUMID,1,0,1
4/14/2009,264,4,3,41.86,1.11108457,SP,TEMPERED / HUMID,0,0,1
4/15/2009,264,4,4,75.69,0.97952173,SP,TEMPERED / HUMID,1,0,1
4/16/2009,264,4,5,10.48,1.2490458,SP,TEMPERED / HUMID,0,0,1
4/17/2009,264,4,6,45.78,1.24923547,SP,TEMPERED / HUMID,0,0,1
4/18/2009,264,4,7,42.1,1.24916865,SP,TEMPERED / HUMID,0,0,1
4/19/2009,264,4,1,33.71,1.24948087,SP,TEMPERED / HUMID,0,0,1
4/20/2009,264,4,2,59.77,1.24995817,SP,TEMPERED / HUMID,0,0,1
4/21/2009,264,4,3,78.44,1.1872769,SP,TEMPERED / HUMID,0,0,1
4/22/2009,264,4,4,130.56,0.9385723,SP,TEMPERED / HUMID,1,0,1
4/23/2009,264,4,5,26.53,0.94986807,SP,TEMPERED / HUMID,1,0,1
4/24/2009,264,4,6,58.31,0.94872235,SP,TEMPERED / HUMID,0,0,1
4/25/2009,264,4,7,93.01,0.9494678,SP,TEMPERED / HUMID,0,0,1
4/26/2009,264,4,1,42.58,0.94974166,SP,TEMPERED / HUMID,0,0,1
4/27/2009,264,4,2,36.5,0.9490411,SP,TEMPERED / HUMID,0,0,1
4/28/2009,264,4,3,26.36,0.89681335,SP,TEMPERED / HUMID,0,0,1
4/29/2009,264,4,4,104.72,0.95015279,SP,TEMPERED / HUMID,1,0,1
4/30/2009,264,4,5,99.83,1.28959231,SP,TEMPERED / HUMID,0,0,1
5/01/2009,264,5,6,30.72,1.29036458,SP,TEMPERED / HUMID,0,0,1
5/02/2009,264,5,7,77.49,2.18983095,SP,TEMPERED / HUMID,0,0,1
5/04/2009,264,5,2,51.48,1.14957265,SP,TEMPERED / HUMID,1,0,1
5/05/2009,264,5,3,14.53,0.9889883,SP,TEMPERED / HUMID,0,0,1
5/06/2009,264,5,4,92.46,0.88946571,SP,TEMPERED / HUMID,1,0,1
5/07/2009,264,5,5,49.6,0.88991935,SP,TEMPERED / HUMID,0,0,1
5/08/2009,264,5,6,281.32,0.47956064,SP,TEMPERED / HUMID,1,0,1
5/13/2009,264,5,4,80.83,0.88890264,SP,TEMPERED / HUMID,1,0,1
5/14/2009,264,5,5,60.79,0.98996545,SP,TEMPERED / HUMID,0,0,1
5/15/2009,264,5,6,66.94,0.98954287,SP,TEMPERED / HUMID,0,0,1
5/16/2009,264,5,7,147.28,0.98961162,SP,TEMPERED / HUMID,0,0,1
5/17/2009,264,5,1,111.85,0.98953956,SP,TEMPERED / HUMID,0,0,1
5/18/2009,264,5,2,74.98,0.98946386,SP,TEMPERED / HUMID,0,0,1
5/19/2009,264,5,3,98.2,0.86547862,SP,TEMPERED / HUMID,0,0,1
5/20/2009,264,5,4,238.5,0.77953878,SP,TEMPERED / HUMID,1,0,1
5/21/2009,264,5,5,76.29,0.98964478,SP,TEMPERED / HUMID,0,0,1
5/22/2009,264,5,6,97.45,0.88968702,SP,TEMPERED / HUMID,0,0,1
5/23/2009,264,5,7,83.34,0.88948884,SP,TEMPERED / HUMID,0,0,1
5/24/2009,264,5,1,90.99,0.89009781,SP,TEMPERED / HUMID,0,0,1
5/25/2009,264,5,2,81.84,0.88954057,SP,TEMPERED / HUMID,0,0,1
5/26/2009,264,5,3,90.68,0.82576092,SP,TEMPERED / HUMID,0,0,1
5/27/2009,264,5,4,78.51,0.88956821,SP,TEMPERED / HUMID,1,0,1
5/28/2009,264,5,5,38.34,0.88993219,SP,TEMPERED / HUMID,0,0,1
5/29/2009,264,5,6,58.1,1.18984509,SP,TEMPERED / HUMID,0,0,1
5/30/2009,264,5,7,44.02,1.18968651,SP,TEMPERED / HUMID,0,0,1
5/31/2009,264,5,1,32.14,1.19041693,SP,TEMPERED / HUMID,0,0,1
6/01/2009,264,6,2,83.76,1.26038682,SP,TEMPERED / HUMID,0,0,1
6/02/2009,264,6,3,48.45,2.19009288,SP,TEMPERED / HUMID,0,0,1
6/04/2009,264,6,5,58.45,1.15004277,SP,TEMPERED / HUMID,0,0,1
6/05/2009,264,6,6,65.89,0.9500683,SP,TEMPERED / HUMID,1,0,1
6/06/2009,264,6,7,87.83,0.8900148,SP,TEMPERED / HUMID,1,0,1
6/07/2009,264,6,1,40.18,0.88949726,SP,TEMPERED / HUMID,0,0,1
6/08/2009,264,6,2,2.79,0.84946237,SP,TEMPERED / HUMID,0,0,1
6/13/2009,264,6,7,68.46,0.89030091,SP,TEMPERED / HUMID,0,0,1
6/14/2009,264,6,1,54.23,0.88991333,SP,TEMPERED / HUMID,0,0,1
6/15/2009,264,6,2,59,0.89033898,SP,TEMPERED / HUMID,0,0,1
6/16/2009,264,6,3,65.22,0.83578657,SP,TEMPERED / HUMID,0,0,1
6/17/2009,264,6,4,138.16,0.88969311,SP,TEMPERED / HUMID,1,0,1
6/18/2009,264,6,5,35.35,0.88967468,SP,TEMPERED / HUMID,0,0,1
6/20/2009,264,6,7,95.68,0.88973662,SP,TEMPERED / HUMID,0,0,1
6/21/2009,264,6,1,149.09,0.88993226,SP,TEMPERED / HUMID,0,0,1
6/22/2009,264,6,2,93.76,0.88971843,SP,TEMPERED / HUMID,0,0,1
6/23/2009,264,6,3,41.23,0.86732961,SP,TEMPERED / HUMID,0,0,1
6/24/2009,264,6,4,109.01,0.89019356,SP,TEMPERED / HUMID,1,0,1
6/25/2009,264,6,5,128.93,0.88792368,SP,TEMPERED / HUMID,0,0,1
6/27/2009,264,6,7,86.73,0.92943618,SP,TEMPERED / HUMID,1,0,1
6/29/2009,264,6,2,90.16,0.93023514,SP,TEMPERED / HUMID,0,0,1
6/30/2009,264,6,3,37.48,0.86179296,SP,TEMPERED / HUMID,0,1,1
7/01/2009,264,7,4,217.49,0.87967263,SP,TEMPERED / HUMID,1,1,1
7/02/2009,264,7,5,196.59,0.97965309,SP,TEMPERED / HUMID,0,1,1
7/04/2009,264,7,7,71.96,1.07518066,SP,TEMPERED / HUMID,0,1,1
7/05/2009,264,7,1,46.3,0.97991361,SP,TEMPERED / HUMID,1,1,1
7/06/2009,264,7,2,61.76,0.88989637,SP,TEMPERED / HUMID,1,1,1
7/07/2009,264,7,3,31.48,0.77890724,SP,TEMPERED / HUMID,0,1,1
7/08/2009,264,7,4,96.54,0.84949244,SP,TEMPERED / HUMID,0,1,1
7/13/2009,264,7,2,49.27,0.88958798,SP,TEMPERED / HUMID,0,1,1
7/14/2009,264,7,3,100.21,0.85580281,SP,TEMPERED / HUMID,0,1,1
7/15/2009,264,7,4,292.15,0.73982543,SP,TEMPERED / HUMID,1,1,1
7/16/2009,264,7,5,41.35,0.8904474,SP,TEMPERED / HUMID,0,1,1
7/17/2009,264,7,6,54.65,0.8894785,SP,TEMPERED / HUMID,0,1,1
7/18/2009,264,7,7,63.11,0.88955791,SP,TEMPERED / HUMID,0,1,1
7/19/2009,264,7,1,55.17,0.88961392,SP,TEMPERED / HUMID,0,1,1
7/20/2009,264,7,2,96.4,0.89014523,SP,TEMPERED / HUMID,0,1,1
7/21/2009,264,7,3,110.32,0.81055112,SP,TEMPERED / HUMID,0,1,1
7/22/2009,264,7,4,304.02,0.76965331,SP,TEMPERED / HUMID,1,1,1
7/23/2009,264,7,5,75.39,0.94959544,SP,TEMPERED / HUMID,0,1,1
7/24/2009,264,7,6,128.5,0.87968872,SP,TEMPERED / HUMID,0,1,1
7/25/2009,264,7,7,108,0.88666667,SP,TEMPERED / HUMID,0,1,1
7/26/2009,264,7,1,80.52,0.89021361,SP,TEMPERED / HUMID,0,1,1
7/27/2009,264,7,2,39.76,0.88933602,SP,TEMPERED / HUMID,0,1,1
7/28/2009,264,7,3,93.27,0.76273185,SP,TEMPERED / HUMID,0,1,1
7/29/2009,264,7,4,177.79,0.73997413,SP,TEMPERED / HUMID,1,1,1
7/31/2009,264,7,6,78.56,0.84979633,SP,TEMPERED / HUMID,0,1,1
8/01/2009,264,8,7,74.84,1.28981828,SP,TEMPERED / HUMID,0,1,1
8/02/2009,264,8,1,112.59,0.97992717,SP,TEMPERED / HUMID,0,1,1
8/04/2009,264,8,3,136.91,0.94952889,SP,TEMPERED / HUMID,1,1,1
8/05/2009,264,8,4,40.33,0.97966774,SP,TEMPERED / HUMID,1,1,1
8/06/2009,264,8,5,65.45,0.88968678,SP,TEMPERED / HUMID,0,1,1
8/07/2009,264,8,6,161.5,0.47975232,SP,TEMPERED / HUMID,1,1,1
8/08/2009,264,8,7,67.8,0.85,SP,TEMPERED / HUMID,0,1,1
8/13/2009,264,8,5,116.94,0.84975201,SP,TEMPERED / HUMID,0,1,1
8/14/2009,264,8,6,119.8,0.84966611,SP,TEMPERED / HUMID,0,1,1
8/15/2009,264,8,7,149.55,0.84968238,SP,TEMPERED / HUMID,0,1,1
8/16/2009,264,8,1,89.87,0.84978302,SP,TEMPERED / HUMID,0,1,1
8/17/2009,264,8,2,51.73,0.84979702,SP,TEMPERED / HUMID,0,1,1
8/18/2009,264,8,3,62.46,0.79058598,SP,TEMPERED / HUMID,0,1,1
8/19/2009,264,8,4,58.05,0.77950043,SP,TEMPERED / HUMID,1,1,1
8/20/2009,264,8,5,31.69,0.89018618,SP,TEMPERED / HUMID,0,1,1
8/21/2009,264,8,6,26.13,0.74971297,SP,TEMPERED / HUMID,1,1,1
8/22/2009,264,8,7,40.74,0.74987727,SP,TEMPERED / HUMID,1,1,1
8/23/2009,264,8,1,59.65,0.74970662,SP,TEMPERED / HUMID,1,1,1
8/24/2009,264,8,2,87,0.95022989,SP,TEMPERED / HUMID,0,1,1
8/25/2009,264,8,3,125.27,0.8650914,SP,TEMPERED / HUMID,0,1,1
8/26/2009,264,8,4,334.33,0.78960907,SP,TEMPERED / HUMID,1,1,1
8/27/2009,264,8,5,117.88,0.94977944,SP,TEMPERED / HUMID,0,1,1
8/31/2009,264,8,2,92.14,0.98979813,SP,TEMPERED / HUMID,0,1,1
9/01/2009,264,9,3,120.77,1.28997268,SP,TEMPERED / HUMID,0,1,1
9/02/2009,264,9,4,90.28,0.9795082,SP,TEMPERED / HUMID,0,1,1
9/04/2009,264,9,6,86.07,0.94202393,SP,TEMPERED / HUMID,1,1,1
9/05/2009,264,9,7,39.14,0.97981604,SP,TEMPERED / HUMID,1,1,1
9/06/2009,264,9,1,46.3,0.92116631,SP,TEMPERED / HUMID,0,1,1
9/07/2009,264,9,2,39.27,0.85612427,SP,TEMPERED / HUMID,0,1,1
9/08/2009,264,9,3,79.29,0.8497919,SP,TEMPERED / HUMID,0,1,1
10/01/2009,264,10,5,165.93,1.29000181,SP,TEMPERED / HUMID,0,1,1
10/02/2009,264,10,6,100.25,0.95780549,SP,TEMPERED / HUMID,0,1,1
10/04/2009,264,10,1,47.58,1.25010509,SP,TEMPERED / HUMID,0,1,1
10/05/2009,264,10,2,27.87,0.98026552,SP,TEMPERED / HUMID,1,1,1
10/06/2009,264,10,3,231.63,0.66990459,SP,TEMPERED / HUMID,1,1,1
10/07/2009,264,10,4,61.87,0.88928398,SP,TEMPERED / HUMID,0,1,1
10/08/2009,264,10,5,60.93,0.8493353,SP,TEMPERED / HUMID,0,1,1
11/01/2009,264,11,1,82.37,1.28978997,SP,TEMPERED / HUMID,0,1,1
11/02/2009,264,11,2,236.66,0.97967548,SP,TEMPERED / HUMID,0,1,1
11/04/2009,264,11,4,81.66,1.24944893,SP,TEMPERED / HUMID,0,1,1
11/05/2009,264,11,5,37.05,0.9902834,SP,TEMPERED / HUMID,0,1,1
11/06/2009,264,11,6,103.69,0.95708361,SP,TEMPERED / HUMID,0,1,1
11/07/2009,264,11,7,38.22,0.89037153,SP,TEMPERED / HUMID,0,1,1
11/08/2009,264,11,1,114.38,0.83747159,SP,TEMPERED / HUMID,0,1,1
12/01/2009,264,12,3,73.06,1.28976184,SP,TEMPERED / HUMID,0,1,1
12/02/2009,264,12,4,104.15,0.97945271,SP,TEMPERED / HUMID,0,1,1
12/04/2009,264,12,6,34.26,1.25014594,SP,TEMPERED / HUMID,0,1,1
12/05/2009,264,12,7,26.88,0.92745536,SP,TEMPERED / HUMID,0,1,1
12/06/2009,264,12,1,99.53,0.98030744,SP,TEMPERED / HUMID,0,1,1
12/07/2009,264,12,2,79.08,0.88973192,SP,TEMPERED / HUMID,0,1,1
1/07/2008,272,1,2,18.5,1.27837838,SP,TEMPERED / HUMID,0,0,0
1/08/2008,272,1,3,57.8,0.97698962,SP,TEMPERED / HUMID,0,0,0
1/09/2008,272,1,4,34.99,0.78708202,SP,TEMPERED / HUMID,0,0,0
1/10/2008,272,1,5,1275.58,0.36823249,SP,TEMPERED / HUMID,0,0,0
1/11/2008,272,1,6,37.28,0.98631974,SP,TEMPERED / HUMID,0,0,0
1/12/2008,272,1,7,37.27,0.9476791,SP,TEMPERED / HUMID,0,0,0
2/07/2008,272,2,5,440.42,0.54806775,SP,TEMPERED / HUMID,1,0,0
2/08/2008,272,2,6,73.92,0.97740801,SP,TEMPERED / HUMID,0,0,0
2/09/2008,272,2,7,30.88,1.34812176,SP,TEMPERED / HUMID,0,0,0
2/10/2008,272,2,1,28.74,0.98643006,SP,TEMPERED / HUMID,0,0,0
2/11/2008,272,2,2,44.79,0.98839027,SP,TEMPERED / HUMID,0,0,0
2/12/2008,272,2,3,41.44,0.94739382,SP,TEMPERED / HUMID,0,0,0
3/07/2008,272,3,6,41.54,0.98748195,SP,TEMPERED / HUMID,1,0,0
3/08/2008,272,3,7,53.5,0.97794393,SP,TEMPERED / HUMID,0,0,0
3/09/2008,272,3,1,227.38,0.77759697,SP,TEMPERED / HUMID,1,0,0
3/10/2008,272,3,2,52.17,0.88767491,SP,TEMPERED / HUMID,0,0,0
3/11/2008,272,3,3,23.99,0.98707795,SP,TEMPERED / HUMID,0,0,0
3/12/2008,272,3,4,368.37,0.58305508,SP,TEMPERED / HUMID,1,0,0
4/07/2008,272,4,2,32.74,1.11301161,SP,TEMPERED / HUMID,0,0,0
4/08/2008,272,4,3,28.4,0.97605634,SP,TEMPERED / HUMID,0,0,0
4/09/2008,272,4,4,55.31,1.17356717,SP,TEMPERED / HUMID,0,0,0
4/10/2008,272,4,5,139.66,0.78726908,SP,TEMPERED / HUMID,0,0,0
4/11/2008,272,4,6,5.42,0.98892989,SP,TEMPERED / HUMID,0,0,0
5/07/2008,272,5,4,36.93,1.17682101,SP,TEMPERED / HUMID,0,0,0
5/08/2008,272,5,5,39.92,0.97720441,SP,TEMPERED / HUMID,0,0,0
5/09/2008,272,5,6,55.15,0.99873073,SP,TEMPERED / HUMID,1,0,0
5/10/2008,272,5,7,102.2,0.78786693,SP,TEMPERED / HUMID,0,0,0
5/11/2008,272,5,1,130.47,0.84762781,SP,TEMPERED / HUMID,1,0,0
5/12/2008,272,5,2,57.04,0.94740533,SP,TEMPERED / HUMID,0,0,0
6/07/2008,272,6,7,34.35,1.17845706,SP,TEMPERED / HUMID,0,0,0
6/08/2008,272,6,1,226.4,0.86775618,SP,TEMPERED / HUMID,1,0,0
6/09/2008,272,6,2,107.71,0.88775415,SP,TEMPERED / HUMID,1,0,0
6/10/2008,272,6,3,44.53,0.88704244,SP,TEMPERED / HUMID,0,0,0
6/11/2008,272,6,4,25.34,1.14877664,SP,TEMPERED / HUMID,0,0,0
6/12/2008,272,6,5,102.76,0.78766057,SP,TEMPERED / HUMID,1,0,0
7/07/2008,272,7,2,9.76,1.17520492,SP,TEMPERED / HUMID,0,0,0
7/08/2008,272,7,3,28.75,0.97773913,SP,TEMPERED / HUMID,0,0,0
7/09/2008,272,7,4,61.9,0.88772213,SP,TEMPERED / HUMID,1,0,0
7/10/2008,272,7,5,42.05,0.8863258,SP,TEMPERED / HUMID,0,0,0
7/11/2008,272,7,6,29.86,1.14701942,SP,TEMPERED / HUMID,0,0,0
7/12/2008,272,7,7,41.37,0.78776891,SP,TEMPERED / HUMID,1,0,0
7/13/2008,272,7,1,27.95,0.98640429,SP,TEMPERED / HUMID,1,0,0
7/14/2008,272,7,2,6.71,0.98658718,SP,TEMPERED / HUMID,1,0,0
7/15/2008,272,7,3,4.54,0.98678414,SP,TEMPERED / HUMID,1,0,0
7/16/2008,272,7,4,120.96,0.86714616,SP,TEMPERED / HUMID,1,0,0
7/17/2008,272,7,5,24.41,1.24825891,SP,TEMPERED / HUMID,0,0,0
7/18/2008,272,7,6,46.67,0.88750804,SP,TEMPERED / HUMID,0,0,0
7/19/2008,272,7,7,31.93,1.1869715,SP,TEMPERED / HUMID,0,0,0
7/20/2008,272,7,1,22.42,1.18733274,SP,TEMPERED / HUMID,0,0,0
7/21/2008,272,7,2,10.11,1.1859545,SP,TEMPERED / HUMID,0,0,0
7/22/2008,272,7,3,47.67,0.94734634,SP,TEMPERED / HUMID,0,0,0
7/23/2008,272,7,4,124.81,0.94744011,SP,TEMPERED / HUMID,0,0,0
7/24/2008,272,7,5,13.67,0.94806145,SP,TEMPERED / HUMID,0,0,0
7/25/2008,272,7,6,24.89,0.98714343,SP,TEMPERED / HUMID,0,0,0
7/26/2008,272,7,7,39.36,0.98755081,SP,TEMPERED / HUMID,0,0,0
7/27/2008,272,7,1,33.39,0.98772087,SP,TEMPERED / HUMID,0,0,0
7/28/2008,272,7,2,32.77,0.98687824,SP,TEMPERED / HUMID,0,0,0
7/29/2008,272,7,3,39.77,0.98843349,SP,TEMPERED / HUMID,0,0,0
7/30/2008,272,7,4,158.66,0.9877726,SP,TEMPERED / HUMID,0,0,0
7/31/2008,272,7,5,73.23,0.97760481,SP,TEMPERED / HUMID,0,0,0
8/07/2008,272,8,5,37.13,0.93913278,SP,TEMPERED / HUMID,1,0,0
8/08/2008,272,8,6,14.11,0.97661233,SP,TEMPERED / HUMID,0,0,0
8/09/2008,272,8,7,22.84,1.18651489,SP,TEMPERED / HUMID,0,0,0
8/10/2008,272,8,1,198.91,0.98728068,SP,TEMPERED / HUMID,0,0,0
8/11/2008,272,8,2,13.13,0.98705255,SP,TEMPERED / HUMID,0,0,0
8/12/2008,272,8,3,34.25,0.7880292,SP,TEMPERED / HUMID,1,0,0
8/13/2008,272,8,4,131.52,1.1875,SP,TEMPERED / HUMID,0,0,0
8/14/2008,272,8,5,22.1,0.98778281,SP,TEMPERED / HUMID,1,0,0
8/15/2008,272,8,6,36.55,0.9871409,SP,TEMPERED / HUMID,1,0,0
8/16/2008,272,8,7,51.16,0.9870993,SP,TEMPERED / HUMID,1,0,0
8/17/2008,272,8,1,34.47,1.17725558,SP,TEMPERED / HUMID,0,0,0
8/18/2008,272,8,2,26.29,1.17763408,SP,TEMPERED / HUMID,0,0,0
8/19/2008,272,8,3,24.51,1.07711138,SP,TEMPERED / HUMID,1,0,0
8/20/2008,272,8,4,150.39,0.98710021,SP,TEMPERED / HUMID,1,0,0
8/21/2008,272,8,5,33.39,0.98712189,SP,TEMPERED / HUMID,1,0,0
8/22/2008,272,8,6,36.09,1.18758659,SP,TEMPERED / HUMID,0,0,0
8/23/2008,272,8,7,38.2,1.08664921,SP,TEMPERED / HUMID,0,0,0
8/24/2008,272,8,1,34.61,1.08783589,SP,TEMPERED / HUMID,0,0,0
8/25/2008,272,8,2,60.53,1.08739468,SP,TEMPERED / HUMID,0,0,0
8/26/2008,272,8,3,32.81,0.98689424,SP,TEMPERED / HUMID,0,0,0
8/27/2008,272,8,4,619.95,0.66792483,SP,TEMPERED / HUMID,1,0,0
8/28/2008,272,8,5,41.71,0.74730281,SP,TEMPERED / HUMID,1,0,0
8/29/2008,272,8,6,64.86,1.11810052,SP,TEMPERED / HUMID,0,0,0
8/30/2008,272,8,7,40.74,0.78645066,SP,TEMPERED / HUMID,0,0,0
8/31/2008,272,8,1,18.69,0.78758694,SP,TEMPERED / HUMID,0,0,0
9/07/2008,272,9,1,182.46,0.88792064,SP,TEMPERED / HUMID,1,0,0
9/08/2008,272,9,2,25.01,0.97760896,SP,TEMPERED / HUMID,0,0,0
9/09/2008,272,9,3,46.33,0.88754587,SP,TEMPERED / HUMID,1,0,0
9/10/2008,272,9,4,25.22,0.98572561,SP,TEMPERED / HUMID,0,0,0
9/11/2008,272,9,5,10.31,0.98836081,SP,TEMPERED / HUMID,0,0,0
9/12/2008,272,9,6,23.43,0.83866837,SP,TEMPERED / HUMID,1,0,0
9/13/2008,272,9,7,33.86,1.18694625,SP,TEMPERED / HUMID,0,0,0
9/14/2008,272,9,1,29.48,1.1875848,SP,TEMPERED / HUMID,0,0,0
9/15/2008,272,9,2,25.16,1.18720191,SP,TEMPERED / HUMID,0,0,0
9/16/2008,272,9,3,48.74,1.18752565,SP,TEMPERED / HUMID,0,0,0
9/17/2008,272,9,4,876.17,0.47801226,SP,TEMPERED / HUMID,1,0,0
9/18/2008,272,9,5,40.16,0.74750996,SP,TEMPERED / HUMID,1,0,0
9/19/2008,272,9,6,42.99,0.98743894,SP,TEMPERED / HUMID,0,0,0
9/20/2008,272,9,7,48.88,0.98752046,SP,TEMPERED / HUMID,0,0,0
9/21/2008,272,9,1,42.79,0.98667913,SP,TEMPERED / HUMID,0,0,0
9/22/2008,272,9,2,37.06,0.9867782,SP,TEMPERED / HUMID,0,0,0
9/23/2008,272,9,3,32.16,0.9869403,SP,TEMPERED / HUMID,0,0,0
9/24/2008,272,9,4,737.26,0.47821664,SP,TEMPERED / HUMID,1,0,0
9/25/2008,272,9,5,82.47,0.78792288,SP,TEMPERED / HUMID,1,0,0
9/26/2008,272,9,6,39.3,0.98804071,SP,TEMPERED / HUMID,0,0,0
9/27/2008,272,9,7,47.92,0.98789649,SP,TEMPERED / HUMID,0,0,0
9/28/2008,272,9,1,32.83,0.98690222,SP,TEMPERED / HUMID,0,0,0
9/29/2008,272,9,2,53.59,0.98712446,SP,TEMPERED / HUMID,0,0,0
9/30/2008,272,9,3,28.96,0.98791436,SP,TEMPERED / HUMID,0,0,0
10/07/2008,272,10,3,10.63,0.88805268,SP,TEMPERED / HUMID,1,0,0
10/08/2008,272,10,4,33.65,0.97741456,SP,TEMPERED / HUMID,0,0,0
10/09/2008,272,10,5,166.31,0.88779989,SP,TEMPERED / HUMID,1,0,0
10/10/2008,272,10,6,64.7,0.98748068,SP,TEMPERED / HUMID,0,0,0
10/11/2008,272,10,7,9.97,0.98696088,SP,TEMPERED / HUMID,0,0,0
10/12/2008,272,10,1,77.95,0.78755613,SP,TEMPERED / HUMID,1,0,0
10/13/2008,272,10,2,37.06,0.91122504,SP,TEMPERED / HUMID,1,0,0
10/14/2008,272,10,3,37.17,0.88700565,SP,TEMPERED / HUMID,1,0,0
