mode/oranges.csv
Sales_Date,Store,Month,Weekday,Sales,Unit_Price,State,Climate,Promo,Test20t,Test50t
10/15/2008,272,10,4,354.77,0.88742002,SP,TEMPERED / HUMID,1,0,0
10/16/2008,272,10,5,55.18,1.14751722,SP,TEMPERED / HUMID,0,0,0
10/17/2008,272,10,6,66.75,1.14696629,SP,TEMPERED / HUMID,0,0,0
10/18/2008,272,10,7,60.84,0.94707429,SP,TEMPERED / HUMID,1,0,0
10/19/2008,272,10,1,42.07,0.88756834,SP,TEMPERED / HUMID,1,0,0
10/20/2008,272,10,2,58.41,0.88734806,SP,TEMPERED / HUMID,1,0,0
10/21/2008,272,10,3,43.13,0.88754927,SP,TEMPERED / HUMID,1,0,0
10/22/2008,272,10,4,271.2,0.74775074,SP,TEMPERED / HUMID,1,0,0
10/23/2008,272,10,5,30.99,0.88673766,SP,TEMPERED / HUMID,1,0,0
10/24/2008,272,10,6,22.23,1.08726946,SP,TEMPERED / HUMID,0,0,0
10/25/2008,272,10,7,46.77,1.08744922,SP,TEMPERED / HUMID,0,0,0
10/26/2008,272,10,1,35.41,0.88647275,SP,TEMPERED / HUMID,1,0,0
10/27/2008,272,10,2,37.84,0.88742072,SP,TEMPERED / HUMID,1,0,0
10/28/2008,272,10,3,26.93,0.88785741,SP,TEMPERED / HUMID,1,0,0
10/29/2008,272,10,4,255.52,0.86775986,SP,TEMPERED / HUMID,1,0,0
10/30/2008,272,10,5,37.67,1.28696576,SP,TEMPERED / HUMID,0,0,0
10/31/2008,272,10,6,24.87,1.28669079,SP,TEMPERED / HUMID,0,0,0
11/07/2008,272,11,6,14.46,1.11618257,SP,TEMPERED / HUMID,1,0,0
11/08/2008,272,11,7,38.83,0.97707958,SP,TEMPERED / HUMID,0,0,0
11/09/2008,272,11,1,36.35,1.18762036,SP,TEMPERED / HUMID,0,0,0
11/10/2008,272,11,2,60.89,0.98702578,SP,TEMPERED / HUMID,0,0,0
11/11/2008,272,11,3,40.06,0.94508238,SP,TEMPERED / HUMID,1,0,0
11/12/2008,272,11,4,17.68,0.7861991,SP,TEMPERED / HUMID,1,0,0
11/13/2008,272,11,5,61,0.88786885,SP,TEMPERED / HUMID,1,0,0
11/14/2008,272,11,6,80.26,0.88761525,SP,TEMPERED / HUMID,1,0,0
11/15/2008,272,11,7,65.51,1.06731797,SP,TEMPERED / HUMID,1,0,0
11/16/2008,272,11,1,72.94,0.98779819,SP,TEMPERED / HUMID,1,0,0
11/17/2008,272,11,2,28.8,0.98680556,SP,TEMPERED / HUMID,1,0,0
11/18/2008,272,11,3,35.21,0.98636751,SP,TEMPERED / HUMID,1,0,0
11/19/2008,272,11,4,615.22,0.58777348,SP,TEMPERED / HUMID,1,0,0
11/20/2008,272,11,5,31.4,0.98757962,SP,TEMPERED / HUMID,1,0,0
11/21/2008,272,11,6,29.78,1.08730692,SP,TEMPERED / HUMID,0,0,0
11/22/2008,272,11,7,19.05,1.08713911,SP,TEMPERED / HUMID,0,0,0
11/23/2008,272,11,1,29.13,1.08753862,SP,TEMPERED / HUMID,0,0,0
11/24/2008,272,11,2,11.33,1.08649603,SP,TEMPERED / HUMID,0,0,0
11/25/2008,272,11,3,7.74,1.0878553,SP,TEMPERED / HUMID,0,0,0
11/26/2008,272,11,4,276.79,0.8676614,SP,TEMPERED / HUMID,1,0,0
11/27/2008,272,11,5,14.57,1.08647907,SP,TEMPERED / HUMID,0,0,0
11/28/2008,272,11,6,20.67,1.08659894,SP,TEMPERED / HUMID,0,0,0
11/29/2008,272,11,7,40.01,0.94751312,SP,TEMPERED / HUMID,0,0,0
11/30/2008,272,11,1,35.75,0.94741259,SP,TEMPERED / HUMID,0,0,0
12/07/2008,272,12,1,23.12,0.98745675,SP,TEMPERED / HUMID,1,0,0
12/08/2008,272,12,2,40,1.18775,SP,TEMPERED / HUMID,0,0,0
12/09/2008,272,12,3,45.17,1.18751384,SP,TEMPERED / HUMID,0,0,0
12/10/2008,272,12,4,64.37,0.9874165,SP,TEMPERED / HUMID,0,0,0
12/11/2008,272,12,5,215.23,0.86735121,SP,TEMPERED / HUMID,1,0,0
12/12/2008,272,12,6,10.7,0.94859813,SP,TEMPERED / HUMID,0,0,0
12/13/2008,272,12,7,27.76,0.97658501,SP,TEMPERED / HUMID,0,0,0
12/14/2008,272,12,1,27.91,0.97742745,SP,TEMPERED / HUMID,0,0,0
12/15/2008,272,12,2,16.54,0.97762999,SP,TEMPERED / HUMID,0,0,0
12/16/2008,272,12,3,13.61,1.17707568,SP,TEMPERED / HUMID,0,0,0
12/17/2008,272,12,4,80.49,0.86768543,SP,TEMPERED / HUMID,1,0,0
12/18/2008,272,12,5,35.35,1.16746818,SP,TEMPERED / HUMID,0,0,0
12/19/2008,272,12,6,19.29,1.16692587,SP,TEMPERED / HUMID,0,0,0
12/20/2008,272,12,7,12.68,1.16719243,SP,TEMPERED / HUMID,0,0,0
12/21/2008,272,12,1,19.79,1.1677615,SP,TEMPERED / HUMID,0,0,0
12/22/2008,272,12,2,26.76,1.16704036,SP,TEMPERED / HUMID,0,0,0
12/23/2008,272,12,3,42.73,1.16709572,SP,TEMPERED / HUMID,0,0,0
12/24/2008,272,12,4,53.74,1.28656494,SP,TEMPERED / HUMID,0,0,0
12/26/2008,272,12,6,26.35,1.28728653,SP,TEMPERED / HUMID,0,0,0
12/27/2008,272,12,7,9.48,1.28691983,SP,TEMPERED / HUMID,0,0,0
12/28/2008,272,12,1,24.4,1.28770492,SP,TEMPERED / HUMID,0,0,0
12/29/2008,272,12,2,31.32,1.28703704,SP,TEMPERED / HUMID,0,0,0
12/30/2008,272,12,3,47.88,0.88680033,SP,TEMPERED / HUMID,1,0,0
12/31/2008,272,12,4,81.73,0.88682246,SP,TEMPERED / HUMID,1,0,0
1/02/2009,272,1,6,27.03,1.28671846,SP,TEMPERED / HUMID,0,0,0
1/04/2009,272,1,1,49.88,1.36728148,SP,TEMPERED / HUMID,0,0,0
1/06/2009,272,1,3,24.09,1.67704442,SP,TEMPERED / HUMID,0,0,0
1/07/2009,272,1,4,225.03,0.47789184,SP,TEMPERED / HUMID,1,0,0
1/08/2009,272,1,5,11.48,0.97735192,SP,TEMPERED / HUMID,0,0,0
1/13/2009,272,1,3,64.3,0.88724728,SP,TEMPERED / HUMID,1,0,0
1/14/2009,272,1,4,212.94,0.88729219,SP,TEMPERED / HUMID,1,0,0
1/15/2009,272,1,5,46.07,0.8864771,SP,TEMPERED / HUMID,1,0,0
1/16/2009,272,1,6,59.81,0.68734325,SP,TEMPERED / HUMID,1,0,0
1/17/2009,272,1,7,114.19,0.68745074,SP,TEMPERED / HUMID,1,0,0
1/18/2009,272,1,1,26.79,0.92459873,SP,TEMPERED / HUMID,0,0,0
1/19/2009,272,1,2,26.01,0.98654364,SP,TEMPERED / HUMID,0,0,0
1/20/2009,272,1,3,45.36,0.7872575,SP,TEMPERED / HUMID,1,0,0
1/21/2009,272,1,4,150.39,0.74765609,SP,TEMPERED / HUMID,1,0,0
1/22/2009,272,1,5,73.98,0.78805082,SP,TEMPERED / HUMID,1,0,0
1/23/2009,272,1,6,45.29,0.78759108,SP,TEMPERED / HUMID,1,0,0
1/24/2009,272,1,7,31.57,0.78587266,SP,TEMPERED / HUMID,1,0,0
1/25/2009,272,1,1,51.67,0.78711051,SP,TEMPERED / HUMID,1,0,0
1/26/2009,272,1,2,9.81,1.27624873,SP,TEMPERED / HUMID,0,0,1
1/27/2009,272,1,3,20.08,0.88645418,SP,TEMPERED / HUMID,1,0,1
1/28/2009,272,1,4,186.77,0.747604,SP,TEMPERED / HUMID,1,0,1
1/29/2009,272,1,5,27.27,0.88668867,SP,TEMPERED / HUMID,1,0,1
1/30/2009,272,1,6,22.14,1.28771454,SP,TEMPERED / HUMID,0,0,1
1/31/2009,272,1,7,31.75,1.28692913,SP,TEMPERED / HUMID,0,0,1
2/01/2009,272,2,1,7.81,1.28681178,SP,TEMPERED / HUMID,0,0,1
2/02/2009,272,2,2,37.95,1.28801054,SP,TEMPERED / HUMID,0,0,1
2/04/2009,272,2,4,12.76,1.78761755,SP,TEMPERED / HUMID,0,0,1
2/05/2009,272,2,5,57.91,1.36694871,SP,TEMPERED / HUMID,0,0,1
2/06/2009,272,2,6,10.93,1.59377859,SP,TEMPERED / HUMID,0,0,1
2/07/2009,272,2,7,6.07,0.76112026,SP,TEMPERED / HUMID,0,0,1
2/08/2009,272,2,1,3.68,0.97826087,SP,TEMPERED / HUMID,0,0,1
2/13/2009,272,2,6,51.43,1.27727008,SP,TEMPERED / HUMID,0,0,1
2/14/2009,272,2,7,45,1.28777778,SP,TEMPERED / HUMID,0,0,1
2/15/2009,272,2,1,30.72,1.28678385,SP,TEMPERED / HUMID,0,0,1
2/16/2009,272,2,2,32.72,1.28667482,SP,TEMPERED / HUMID,0,0,1
2/17/2009,272,2,3,22.57,1.28666371,SP,TEMPERED / HUMID,0,0,1
2/18/2009,272,2,4,47.57,1.28652512,SP,TEMPERED / HUMID,0,0,1
2/19/2009,272,2,5,22.06,1.2869447,SP,TEMPERED / HUMID,0,0,1
2/20/2009,272,2,6,24.08,1.2877907,SP,TEMPERED / HUMID,0,0,1
2/21/2009,272,2,7,17.72,1.28724605,SP,TEMPERED / HUMID,0,0,1
2/22/2009,272,2,1,22.64,1.28710247,SP,TEMPERED / HUMID,0,0,1
2/23/2009,272,2,2,36.32,1.28634361,SP,TEMPERED / HUMID,0,0,1
2/24/2009,272,2,3,23.26,1.28718831,SP,TEMPERED / HUMID,0,0,1
2/25/2009,272,2,4,194.19,0.84746897,SP,TEMPERED / HUMID,1,0,1
2/26/2009,272,2,5,48.74,0.84694296,SP,TEMPERED / HUMID,0,0,1
2/27/2009,272,2,6,49.49,1.2877349,SP,TEMPERED / HUMID,0,0,1
2/28/2009,272,2,7,38.26,1.37140617,SP,TEMPERED / HUMID,0,0,1
3/01/2009,272,3,1,105.24,0.68776131,SP,TEMPERED / HUMID,1,0,1
3/02/2009,272,3,2,28.73,0.98642534,SP,TEMPERED / HUMID,1,0,1
3/04/2009,272,3,4,27.62,1.28747285,SP,TEMPERED / HUMID,1,0,1
3/05/2009,272,3,5,13.93,1.36683417,SP,TEMPERED / HUMID,0,0,1
3/06/2009,272,3,6,63.4,0.93722397,SP,TEMPERED / HUMID,1,0,1
3/07/2009,272,3,7,2.16,0.97685185,SP,TEMPERED / HUMID,1,0,1
3/08/2009,272,3,1,26.45,0.97693762,SP,TEMPERED / HUMID,0,0,1
4/01/2009,272,4,4,57.91,0.68658263,SP,TEMPERED / HUMID,1,0,1
4/02/2009,272,4,5,144.17,0.98765346,SP,TEMPERED / HUMID,1,0,1
4/04/2009,272,4,7,45.85,1.287241,SP,TEMPERED / HUMID,1,0,1
4/05/2009,272,4,1,17.25,1.36753623,SP,TEMPERED / HUMID,0,0,1
4/06/2009,272,4,2,7.03,1.67852063,SP,TEMPERED / HUMID,0,0,1
4/07/2009,272,4,3,9.41,0.97555792,SP,TEMPERED / HUMID,1,0,1
4/08/2009,272,4,4,52.13,0.38787646,SP,TEMPERED / HUMID,1,0,1
4/13/2009,272,4,2,9.32,1.36695279,SP,TEMPERED / HUMID,0,0,1
4/14/2009,272,4,3,20.49,1.36749634,SP,TEMPERED / HUMID,0,0,1
4/15/2009,272,4,4,65.8,0.97720365,SP,TEMPERED / HUMID,1,0,1
4/16/2009,272,4,5,17.71,1.36758893,SP,TEMPERED / HUMID,0,0,1
4/17/2009,272,4,6,4.56,1.36622807,SP,TEMPERED / HUMID,0,0,1
4/18/2009,272,4,7,18.81,1.36735779,SP,TEMPERED / HUMID,0,0,1
4/19/2009,272,4,1,13.95,1.36774194,SP,TEMPERED / HUMID,0,0,1
4/20/2009,272,4,2,15.46,1.36739974,SP,TEMPERED / HUMID,0,0,1
4/21/2009,272,4,3,15.31,1.36773351,SP,TEMPERED / HUMID,0,0,1
4/22/2009,272,4,4,16.95,0.93628319,SP,TEMPERED / HUMID,1,0,1
4/23/2009,272,4,5,50.14,0.96709214,SP,TEMPERED / HUMID,1,0,1
4/24/2009,272,4,6,32.58,1.28637201,SP,TEMPERED / HUMID,1,0,1
4/25/2009,272,4,7,148.82,0.68781078,SP,TEMPERED / HUMID,1,0,1
4/26/2009,272,4,1,63,0.68761905,SP,TEMPERED / HUMID,1,0,1
4/27/2009,272,4,2,14.83,1.36682401,SP,TEMPERED / HUMID,0,0,1
4/28/2009,272,4,3,26.79,1.36692796,SP,TEMPERED / HUMID,1,0,1
4/29/2009,272,4,4,122.8,0.9473127,SP,TEMPERED / HUMID,1,0,1
4/30/2009,272,4,5,49.3,0.9474645,SP,TEMPERED / HUMID,1,0,1
5/01/2009,272,5,6,60.87,0.68736652,SP,TEMPERED / HUMID,1,0,1
5/02/2009,272,5,7,37.2,0.98655914,SP,TEMPERED / HUMID,1,0,1
5/04/2009,272,5,2,54.32,1.28773932,SP,TEMPERED / HUMID,1,0,1
5/05/2009,272,5,3,25.14,1.09665871,SP,TEMPERED / HUMID,1,0,1
5/06/2009,272,5,4,12.55,0.98486056,SP,TEMPERED / HUMID,1,0,1
5/07/2009,272,5,5,17.85,1.47619048,SP,TEMPERED / HUMID,0,0,1
5/08/2009,272,5,6,230.84,0.47829666,SP,TEMPERED / HUMID,1,0,1
5/13/2009,272,5,4,83.79,0.8870987,SP,TEMPERED / HUMID,1,0,1
5/14/2009,272,5,5,7.64,1.17670157,SP,TEMPERED / HUMID,0,0,1
5/15/2009,272,5,6,23.55,1.17579618,SP,TEMPERED / HUMID,0,0,1
5/16/2009,272,5,7,44.71,0.78729591,SP,TEMPERED / HUMID,0,0,1
5/17/2009,272,5,1,56.46,0.7879915,SP,TEMPERED / HUMID,0,0,1
5/18/2009,272,5,2,19.44,0.78755144,SP,TEMPERED / HUMID,0,0,1
5/19/2009,272,5,3,18.14,1.18743109,SP,TEMPERED / HUMID,0,0,1
5/20/2009,272,5,4,168.57,0.77819304,SP,TEMPERED / HUMID,1,0,1
5/21/2009,272,5,5,20.83,1.18722996,SP,TEMPERED / HUMID,0,0,1
5/22/2009,272,5,6,10.2,1.17647059,SP,TEMPERED / HUMID,0,0,1
5/23/2009,272,5,7,18.63,1.17820719,SP,TEMPERED / HUMID,0,0,1
5/24/2009,272,5,1,19.31,1.17607457,SP,TEMPERED / HUMID,0,0,1
5/25/2009,272,5,2,8.58,1.17715618,SP,TEMPERED / HUMID,0,0,1
5/26/2009,272,5,3,28.47,0.9490692,SP,TEMPERED / HUMID,1,0,1
5/27/2009,272,5,4,89.34,0.93743004,SP,TEMPERED / HUMID,1,0,1
5/28/2009,272,5,5,13.93,1.68772434,SP,TEMPERED / HUMID,0,0,1
5/29/2009,272,5,6,28.04,0.84664765,SP,TEMPERED / HUMID,1,0,1
5/30/2009,272,5,7,59.78,0.84810974,SP,TEMPERED / HUMID,1,0,1
5/31/2009,272,5,1,53.16,0.84819413,SP,TEMPERED / HUMID,1,0,1
6/01/2009,272,6,2,43.55,0.78760046,SP,TEMPERED / HUMID,1,0,1
6/02/2009,272,6,3,25.1,1.26613546,SP,TEMPERED / HUMID,0,0,1
6/04/2009,272,6,5,15.65,1.28753994,SP,TEMPERED / HUMID,0,0,1
6/05/2009,272,6,6,94.16,0.88763806,SP,TEMPERED / HUMID,1,0,1
6/06/2009,272,6,7,14.76,0.98712737,SP,TEMPERED / HUMID,1,0,1
6/07/2009,272,6,1,10.23,1.47702835,SP,TEMPERED / HUMID,0,0,1
6/13/2009,272,6,7,12.58,1.43481717,SP,TEMPERED / HUMID,0,0,1
6/14/2009,272,6,1,13.28,1.43900602,SP,TEMPERED / HUMID,0,0,1
6/15/2009,272,6,2,7.02,0.87749288,SP,TEMPERED / HUMID,0,0,1
6/16/2009,272,6,3,8.17,1.22766218,SP,TEMPERED / HUMID,1,0,1
6/17/2009,272,6,4,33.53,0.88637041,SP,TEMPERED / HUMID,1,0,1
6/18/2009,272,6,5,13.68,1.67690058,SP,TEMPERED / HUMID,0,0,1
6/19/2009,272,6,6,2.46,1.28861789,SP,TEMPERED / HUMID,0,0,1
6/20/2009,272,6,7,5.48,1.28832117,SP,TEMPERED / HUMID,0,0,1
6/21/2009,272,6,1,14.1,1.28794326,SP,TEMPERED / HUMID,0,0,1
6/22/2009,272,6,2,3.92,1.28571429,SP,TEMPERED / HUMID,0,0,1
6/23/2009,272,6,3,3.39,1.28908555,SP,TEMPERED / HUMID,0,0,1
6/24/2009,272,6,4,75.79,0.93811849,SP,TEMPERED / HUMID,1,0,1
6/25/2009,272,6,5,14.95,1.28628763,SP,TEMPERED / HUMID,0,0,1
6/27/2009,272,6,7,14.63,0.98632946,SP,TEMPERED / HUMID,1,0,1
6/28/2009,272,6,1,9.8,0.9877551,SP,TEMPERED / HUMID,1,0,1
6/29/2009,272,6,2,13.21,1.34822104,SP,TEMPERED / HUMID,0,0,1
6/30/2009,272,6,3,4.6,0.60869565,SP,TEMPERED / HUMID,1,1,1
7/01/2009,272,7,4,92.99,0.78728896,SP,TEMPERED / HUMID,1,1,1
7/02/2009,272,7,5,40.84,0.97747307,SP,TEMPERED / HUMID,0,1,1
7/04/2009,272,7,7,18.94,0.96726505,SP,TEMPERED / HUMID,0,1,1
7/05/2009,272,7,1,25.09,0.88720606,SP,TEMPERED / HUMID,1,1,1
7/06/2009,272,7,2,23.67,0.98817068,SP,TEMPERED / HUMID,1,1,1
7/07/2009,272,7,3,13.63,0.37784299,SP,TEMPERED / HUMID,1,1,1
7/08/2009,272,7,4,34.31,0.97814048,SP,TEMPERED / HUMID,0,1,1
7/13/2009,272,7,2,14,1.47571429,SP,TEMPERED / HUMID,0,1,1
7/14/2009,272,7,3,22.58,1.47874225,SP,TEMPERED / HUMID,1,1,1
7/15/2009,272,7,4,260.39,0.73766274,SP,TEMPERED / HUMID,1,1,1
7/16/2009,272,7,5,36.45,1.19890261,SP,TEMPERED / HUMID,0,1,1
7/17/2009,272,7,6,6.35,0.97795276,SP,TEMPERED / HUMID,0,1,1
7/18/2009,272,7,7,12.36,0.97815534,SP,TEMPERED / HUMID,0,1,1
7/19/2009,272,7,1,12.45,0.97751004,SP,TEMPERED / HUMID,0,1,1
7/20/2009,272,7,2,7.31,0.97400821,SP,TEMPERED / HUMID,0,1,1
7/21/2009,272,7,3,59.29,0.87265981,SP,TEMPERED / HUMID,1,1,1
7/22/2009,272,7,4,211.72,0.76738145,SP,TEMPERED / HUMID,1,1,1
7/23/2009,272,7,5,78.63,0.88795625,SP,TEMPERED / HUMID,0,1,1
7/24/2009,272,7,6,57.32,0.9666783,SP,TEMPERED / HUMID,1,1,1
7/25/2009,272,7,7,34.2,0.86754386,SP,TEMPERED / HUMID,1,1,1
7/26/2009,272,7,1,14.25,0.86736842,SP,TEMPERED / HUMID,1,1,1
7/27/2009,272,7,2,19.17,1.38758477,SP,TEMPERED / HUMID,0,1,1
7/28/2009,272,7,3,153.31,0.39456004,SP,TEMPERED / HUMID,1,1,1
7/29/2009,272,7,4,203.44,0.73741644,SP,TEMPERED / HUMID,1,1,1
7/30/2009,272,7,5,13.72,1.38848397,SP,TEMPERED / HUMID,0,1,1
7/31/2009,272,7,6,8.39,1.28605483,SP,TEMPERED / HUMID,0,1,1
8/01/2009,272,8,7,64.89,0.78825705,SP,TEMPERED / HUMID,1,1,1
8/02/2009,272,8,1,11.01,0.9763851,SP,TEMPERED / HUMID,0,1,1
8/04/2009,272,8,3,99.61,0.94749523,SP,TEMPERED / HUMID,1,1,1
8/05/2009,272,8,4,55.56,0.887509,SP,TEMPERED / HUMID,1,1,1
8/06/2009,272,8,5,5.85,1.43418803,SP,TEMPERED / HUMID,0,1,1
8/07/2009,272,8,6,142.81,0.47783769,SP,TEMPERED / HUMID,1,1,1
8/08/2009,272,8,7,20.86,0.97698945,SP,TEMPERED / HUMID,0,1,1
8/13/2009,272,8,5,35.03,0.97773337,SP,TEMPERED / HUMID,0,1,1
8/14/2009,272,8,6,33.1,0.97643505,SP,TEMPERED / HUMID,0,1,1
8/15/2009,272,8,7,65.73,0.97748365,SP,TEMPERED / HUMID,0,1,1
8/16/2009,272,8,1,40.07,0.97753931,SP,TEMPERED / HUMID,0,1,1
8/17/2009,272,8,2,26.31,0.97795515,SP,TEMPERED / HUMID,0,1,1
8/18/2009,272,8,3,50.8,0.85551181,SP,TEMPERED / HUMID,1,1,1
8/19/2009,272,8,4,90.81,0.77744742,SP,TEMPERED / HUMID,1,1,1
8/20/2009,272,8,5,16.28,0.97665848,SP,TEMPERED / HUMID,0,1,1
8/21/2009,272,8,6,24.52,0.74714519,SP,TEMPERED / HUMID,1,1,1
8/22/2009,272,8,7,41.46,0.74794983,SP,TEMPERED / HUMID,1,1,1
8/23/2009,272,8,1,38.17,0.74796961,SP,TEMPERED / HUMID,1,1,1
8/24/2009,272,8,2,24.28,0.97693575,SP,TEMPERED / HUMID,0,1,1
8/25/2009,272,8,3,68.32,0.64505269,SP,TEMPERED / HUMID,1,1,1
8/26/2009,272,8,4,297.56,0.70318591,SP,TEMPERED / HUMID,1,1,1
8/27/2009,272,8,5,54.4,0.97702206,SP,TEMPERED / HUMID,0,1,1
8/31/2009,272,8,2,28.68,0.7862622,SP,TEMPERED / HUMID,0,1,1
9/01/2009,272,9,3,26.08,0.98696319,SP,TEMPERED / HUMID,0,1,1
9/02/2009,272,9,4,7.43,0.9730821,SP,TEMPERED / HUMID,0,1,1
9/04/2009,272,9,6,69.03,0.91844126,SP,TEMPERED / HUMID,1,1,1
9/05/2009,272,9,7,53.28,0.8887012,SP,TEMPERED / HUMID,1,1,1
9/06/2009,272,9,1,9.53,1.43651626,SP,TEMPERED / HUMID,0,1,1
9/07/2009,272,9,2,5.75,1.47652174,SP,TEMPERED / HUMID,0,1,1
9/08/2009,272,9,3,52.89,0.9773114,SP,TEMPERED / HUMID,0,1,1
10/01/2009,272,10,5,63,0.98777778,SP,TEMPERED / HUMID,0,1,1
10/02/2009,272,10,6,28.92,0.97683264,SP,TEMPERED / HUMID,0,1,1
10/04/2009,272,10,1,76.78,0.88838239,SP,TEMPERED / HUMID,1,1,1
10/05/2009,272,10,2,22.26,0.88814016,SP,TEMPERED / HUMID,1,1,1
10/06/2009,272,10,3,249.51,0.66770871,SP,TEMPERED / HUMID,1,1,1
10/07/2009,272,10,4,15.9,1.47798742,SP,TEMPERED / HUMID,1,1,1
10/08/2009,272,10,5,38.83,0.97810971,SP,TEMPERED / HUMID,0,1,1
11/01/2009,272,11,1,47.15,0.98621421,SP,TEMPERED / HUMID,0,1,1
11/02/2009,272,11,2,25.85,1.27736944,SP,TEMPERED / HUMID,0,1,1
11/04/2009,272,11,4,20.3,0.88571429,SP,TEMPERED / HUMID,1,1,1
11/05/2009,272,11,5,20.8,0.88798077,SP,TEMPERED / HUMID,1,1,1
11/06/2009,272,11,6,33.76,1.43720379,SP,TEMPERED / HUMID,0,1,1
11/07/2009,272,11,7,24.58,0.96786005,SP,TEMPERED / HUMID,1,1,1
11/08/2009,272,11,1,19.77,0.97723824,SP,TEMPERED / HUMID,0,1,1
12/01/2009,272,12,3,40.66,0.9877029,SP,TEMPERED / HUMID,0,1,1
12/02/2009,272,12,4,16.22,1.27681874,SP,TEMPERED / HUMID,0,1,1
12/04/2009,272,12,6,12.9,1.36666667,SP,TEMPERED / HUMID,0,1,1
12/05/2009,272,12,7,11.02,1.176951,SP,TEMPERED / HUMID,0,1,1
12/06/2009,272,12,1,27.15,1.43720074,SP,TEMPERED / HUMID,0,1,1
12/07/2009,272,12,2,28.25,1.05946903,SP,TEMPERED / HUMID,1,1,1
1/07/2008,280,1,2,523.39,0.88670017,ES,TROPICAL / HUMID,1,0,0
1/08/2008,280,1,3,174.26,1.14271778,ES,TROPICAL / HUMID,1,0,0
1/09/2008,280,1,4,234.88,0.83480926,ES,TROPICAL / HUMID,1,0,0
1/10/2008,280,1,5,269.47,0.87738895,ES,TROPICAL / HUMID,0,0,0
1/11/2008,280,1,6,366.78,1.27708708,ES,TROPICAL / HUMID,0,0,0
1/12/2008,280,1,7,169.88,0.9775724,ES,TROPICAL / HUMID,0,0,0
2/07/2008,280,2,5,171.04,1.09512395,ES,TROPICAL / HUMID,1,0,0
2/08/2008,280,2,6,337.63,0.9876492,ES,TROPICAL / HUMID,1,0,0
2/09/2008,280,2,7,348.23,0.97470063,ES,TROPICAL / HUMID,1,0,0
2/10/2008,280,2,1,278.55,0.87786753,ES,TROPICAL / HUMID,0,0,0
2/11/2008,280,2,2,98.3,1.2775178,ES,TROPICAL / HUMID,0,0,0
2/12/2008,280,2,3,375.74,0.88723585,ES,TROPICAL / HUMID,1,0,0
3/07/2008,280,3,6,117.12,1.28722678,ES,TROPICAL / HUMID,0,0,0
3/08/2008,280,3,7,156.54,1.38744091,ES,TROPICAL / HUMID,0,0,0
3/09/2008,280,3,1,185,0.97762162,ES,TROPICAL / HUMID,1,0,0
3/10/2008,280,3,2,293.94,0.87786623,ES,TROPICAL / HUMID,0,0,0
3/11/2008,280,3,3,126.5,1.2772332,ES,TROPICAL / HUMID,0,0,0
3/12/2008,280,3,4,135.93,1.14742882,ES,TROPICAL / HUMID,0,0,0
4/07/2008,280,4,2,120.12,1.28712954,ES,TROPICAL / HUMID,1,0,0
4/08/2008,280,4,3,52.85,1.3782403,ES,TROPICAL / HUMID,0,0,0
4/09/2008,280,4,4,212.33,0.88748646,ES,TROPICAL / HUMID,1,0,0
4/10/2008,280,4,5,304.97,0.86824934,ES,TROPICAL / HUMID,0,0,0
