mode/oranges.csv
Sales_Date,Store,Month,Weekday,Sales,Unit_Price,State,Climate,Promo,Test20t,Test50t
4/11/2008,280,4,6,354.53,1.18737483,ES,TROPICAL / HUMID,1,0,0
5/07/2008,280,5,4,234.84,1.17718447,ES,TROPICAL / HUMID,0,0,0
5/08/2008,280,5,5,592.3,0.787844,ES,TROPICAL / HUMID,1,0,0
5/09/2008,280,5,6,234.37,0.98728506,ES,TROPICAL / HUMID,0,0,0
5/11/2008,280,5,1,163.65,1.2477238,ES,TROPICAL / HUMID,1,0,0
5/12/2008,280,5,2,165.78,1.14748462,ES,TROPICAL / HUMID,0,0,0
6/07/2008,280,6,7,214.8,1.17723464,ES,TROPICAL / HUMID,0,0,0
6/08/2008,280,6,1,174.1,1.08024124,ES,TROPICAL / HUMID,1,0,0
6/09/2008,280,6,2,281.85,0.98729821,ES,TROPICAL / HUMID,0,0,0
6/10/2008,280,6,3,146.34,1.38718054,ES,TROPICAL / HUMID,0,0,0
6/11/2008,280,6,4,185.86,1.24798235,ES,TROPICAL / HUMID,0,0,0
6/12/2008,280,6,5,232.38,1.1477752,ES,TROPICAL / HUMID,0,0,0
7/07/2008,280,7,2,96.99,1.17754408,ES,TROPICAL / HUMID,1,0,0
7/08/2008,280,7,3,142.88,0.8868981,ES,TROPICAL / HUMID,1,0,0
7/10/2008,280,7,5,470.25,0.98485912,ES,TROPICAL / HUMID,0,0,0
7/11/2008,280,7,6,125.67,1.24755312,ES,TROPICAL / HUMID,0,0,0
7/12/2008,280,7,7,127.52,1.14750627,ES,TROPICAL / HUMID,0,0,0
7/13/2008,280,7,1,163.4,1.27772338,ES,TROPICAL / HUMID,0,0,0
7/14/2008,280,7,2,120.69,1.27715635,ES,TROPICAL / HUMID,1,0,0
7/15/2008,280,7,3,368.36,0.88747421,ES,TROPICAL / HUMID,1,0,0
7/16/2008,280,7,4,117.03,1.47688627,ES,TROPICAL / HUMID,1,0,0
7/17/2008,280,7,5,199.88,0.98879328,ES,TROPICAL / HUMID,1,0,0
7/18/2008,280,7,6,145.1,0.98718125,ES,TROPICAL / HUMID,1,0,0
7/19/2008,280,7,7,217.81,1.28777375,ES,TROPICAL / HUMID,0,0,0
7/20/2008,280,7,1,158.97,1.28728691,ES,TROPICAL / HUMID,0,0,0
7/21/2008,280,7,2,72.09,1.28686364,ES,TROPICAL / HUMID,0,0,0
7/22/2008,280,7,3,560.36,0.68764723,ES,TROPICAL / HUMID,1,0,0
7/23/2008,280,7,4,136.47,1.18128526,ES,TROPICAL / HUMID,1,0,0
7/24/2008,280,7,5,98.86,1.27736193,ES,TROPICAL / HUMID,1,0,0
7/25/2008,280,7,6,141.73,1.2777817,ES,TROPICAL / HUMID,0,0,0
7/26/2008,280,7,7,291.6,0.98741427,ES,TROPICAL / HUMID,0,0,0
7/27/2008,280,7,1,151.33,0.97819335,ES,TROPICAL / HUMID,0,0,0
7/28/2008,280,7,2,171.99,0.98738299,ES,TROPICAL / HUMID,1,0,0
7/29/2008,280,7,3,476.21,0.78767771,ES,TROPICAL / HUMID,1,0,0
7/30/2008,280,7,4,143.73,1.28748348,ES,TROPICAL / HUMID,1,0,0
7/31/2008,280,7,5,102.15,1.38727362,ES,TROPICAL / HUMID,1,0,0
8/07/2008,280,8,5,490.41,0.78778981,ES,TROPICAL / HUMID,1,0,0
8/08/2008,280,8,6,149.36,0.98754687,ES,TROPICAL / HUMID,0,0,0
8/09/2008,280,8,7,67.81,0.9873175,ES,TROPICAL / HUMID,0,0,0
8/10/2008,280,8,1,192.29,1.11503458,ES,TROPICAL / HUMID,0,0,0
8/11/2008,280,8,2,206.16,1.24733217,ES,TROPICAL / HUMID,0,0,0
8/12/2008,280,8,3,138.95,1.14767902,ES,TROPICAL / HUMID,0,0,0
8/13/2008,280,8,4,124.28,1.37721275,ES,TROPICAL / HUMID,1,0,0
8/14/2008,280,8,5,151.34,1.1874587,ES,TROPICAL / HUMID,1,0,0
8/15/2008,280,8,6,178.71,0.98752168,ES,TROPICAL / HUMID,1,0,0
8/16/2008,280,8,7,226.51,0.98777096,ES,TROPICAL / HUMID,1,0,0
8/17/2008,280,8,1,165.63,0.98744189,ES,TROPICAL / HUMID,1,0,0
8/18/2008,280,8,2,93.43,1.187306,ES,TROPICAL / HUMID,0,0,0
8/19/2008,280,8,3,400.13,0.78756904,ES,TROPICAL / HUMID,1,0,0
8/20/2008,280,8,4,105.04,1.28731912,ES,TROPICAL / HUMID,1,0,0
8/21/2008,280,8,5,111.71,1.24760541,ES,TROPICAL / HUMID,1,0,0
8/22/2008,280,8,6,106.58,1.18699568,ES,TROPICAL / HUMID,1,0,0
8/23/2008,280,8,7,156.46,1.18726831,ES,TROPICAL / HUMID,1,0,0
8/24/2008,280,8,1,157.29,1.18691589,ES,TROPICAL / HUMID,1,0,0
8/25/2008,280,8,2,128.6,1.1874028,ES,TROPICAL / HUMID,1,0,0
8/26/2008,280,8,3,402.76,0.88752607,ES,TROPICAL / HUMID,1,0,0
8/27/2008,280,8,4,132.01,0.98719794,ES,TROPICAL / HUMID,1,0,0
8/28/2008,280,8,5,145.84,0.98717773,ES,TROPICAL / HUMID,0,0,0
8/29/2008,280,8,6,179.57,0.98741438,ES,TROPICAL / HUMID,0,0,0
8/30/2008,280,8,7,118.25,0.97716702,ES,TROPICAL / HUMID,0,0,0
8/31/2008,280,8,1,152.47,0.9778317,ES,TROPICAL / HUMID,0,0,0
9/07/2008,280,9,1,160.5,1.16124611,ES,TROPICAL / HUMID,1,0,0
9/08/2008,280,9,2,272.54,0.87726572,ES,TROPICAL / HUMID,0,0,0
9/09/2008,280,9,3,523.06,0.88571101,ES,TROPICAL / HUMID,1,0,0
9/10/2008,280,9,4,154.53,1.34685822,ES,TROPICAL / HUMID,0,0,0
9/11/2008,280,9,5,141.89,1.24779759,ES,TROPICAL / HUMID,0,0,0
9/12/2008,280,9,6,164.02,1.14723814,ES,TROPICAL / HUMID,0,0,0
9/13/2008,280,9,7,328.93,0.88760527,ES,TROPICAL / HUMID,0,0,0
9/14/2008,280,9,1,207.65,0.88731038,ES,TROPICAL / HUMID,0,0,0
9/15/2008,280,9,2,100.24,0.88737031,ES,TROPICAL / HUMID,0,0,0
9/16/2008,280,9,3,531.64,0.87638251,ES,TROPICAL / HUMID,1,0,0
9/17/2008,280,9,4,254.65,0.87386609,ES,TROPICAL / HUMID,0,0,0
9/18/2008,280,9,5,200.97,0.87754391,ES,TROPICAL / HUMID,0,0,0
9/19/2008,280,9,6,238.1,0.87753045,ES,TROPICAL / HUMID,1,0,0
9/20/2008,280,9,7,275.92,1.14536822,ES,TROPICAL / HUMID,0,0,0
9/21/2008,280,9,1,169.06,1.14728499,ES,TROPICAL / HUMID,0,0,0
9/22/2008,280,9,2,50.28,1.14638027,ES,TROPICAL / HUMID,0,0,0
9/23/2008,280,9,3,422.41,0.88563244,ES,TROPICAL / HUMID,1,0,0
9/24/2008,280,9,4,171.94,0.98912411,ES,TROPICAL / HUMID,1,0,0
9/25/2008,280,9,5,123.76,0.88744344,ES,TROPICAL / HUMID,0,0,0
9/26/2008,280,9,6,171.35,1.28736504,ES,TROPICAL / HUMID,0,0,0
9/27/2008,280,9,7,265.13,1.28721759,ES,TROPICAL / HUMID,0,0,0
9/28/2008,280,9,1,116.47,1.28719842,ES,TROPICAL / HUMID,0,0,0
9/29/2008,280,9,2,92.9,1.06114101,ES,TROPICAL / HUMID,1,0,0
9/30/2008,280,9,3,519.72,0.88747787,ES,TROPICAL / HUMID,1,0,0
10/07/2008,280,10,3,97.55,1.18739108,ES,TROPICAL / HUMID,0,0,0
10/08/2008,280,10,4,133.22,0.87742081,ES,TROPICAL / HUMID,0,0,0
10/09/2008,280,10,5,207.71,0.98753069,ES,TROPICAL / HUMID,0,0,0
10/10/2008,280,10,6,212.08,0.97713127,ES,TROPICAL / HUMID,0,0,0
10/11/2008,280,10,7,118.34,1.24750718,ES,TROPICAL / HUMID,0,0,0
10/12/2008,280,10,1,115.46,1.14723714,ES,TROPICAL / HUMID,0,0,0
10/13/2008,280,10,2,177.75,1.04691983,ES,TROPICAL / HUMID,0,0,0
10/14/2008,280,10,3,303.09,1.04797255,ES,TROPICAL / HUMID,1,0,0
10/15/2008,280,10,4,194.62,1.12778748,ES,TROPICAL / HUMID,1,0,0
10/16/2008,280,10,5,132.54,1.5771088,ES,TROPICAL / HUMID,0,0,0
10/17/2008,280,10,6,126.36,1.50910098,ES,TROPICAL / HUMID,0,0,0
10/18/2008,280,10,7,159.58,1.2643815,ES,TROPICAL / HUMID,1,0,0
10/19/2008,280,10,1,136.46,1.57716547,ES,TROPICAL / HUMID,0,0,0
10/20/2008,280,10,2,112.3,1.06838825,ES,TROPICAL / HUMID,1,0,0
10/21/2008,280,10,3,223.06,1.09723841,ES,TROPICAL / HUMID,1,0,0
10/22/2008,280,10,4,195.45,1.01018163,ES,TROPICAL / HUMID,1,0,0
10/23/2008,280,10,5,102.59,1.09708549,ES,TROPICAL / HUMID,0,0,0
10/24/2008,280,10,6,116.85,1.07744972,ES,TROPICAL / HUMID,0,0,0
10/25/2008,280,10,7,154.45,1.07724183,ES,TROPICAL / HUMID,0,0,0
10/26/2008,280,10,1,53.68,1.0771237,ES,TROPICAL / HUMID,0,0,0
10/27/2008,280,10,2,127.44,1.07744821,ES,TROPICAL / HUMID,0,0,0
10/28/2008,280,10,3,285.63,1.06760494,ES,TROPICAL / HUMID,1,0,0
10/29/2008,280,10,4,160.09,1.06714973,ES,TROPICAL / HUMID,0,0,0
10/30/2008,280,10,5,70.97,1.48696632,ES,TROPICAL / HUMID,0,0,0
10/31/2008,280,10,6,110.36,1.09758971,ES,TROPICAL / HUMID,0,0,0
11/07/2008,280,11,6,101.07,1.27772831,ES,TROPICAL / HUMID,0,0,0
11/08/2008,280,11,7,94.83,0.87693768,ES,TROPICAL / HUMID,0,0,0
11/09/2008,280,11,1,232.72,0.9874957,ES,TROPICAL / HUMID,0,0,0
11/10/2008,280,11,2,359.25,1.04765484,ES,TROPICAL / HUMID,0,0,0
11/11/2008,280,11,3,415.43,1.08764413,ES,TROPICAL / HUMID,1,0,0
11/12/2008,280,11,4,123.7,1.14785772,ES,TROPICAL / HUMID,0,0,0
11/13/2008,280,11,5,149.24,1.24798982,ES,TROPICAL / HUMID,0,0,0
11/14/2008,280,11,6,101.55,1.24775972,ES,TROPICAL / HUMID,0,0,0
11/15/2008,280,11,7,179.56,1.07730007,ES,TROPICAL / HUMID,0,0,0
11/16/2008,280,11,1,237.33,1.07740277,ES,TROPICAL / HUMID,0,0,0
11/17/2008,280,11,2,123.87,1.07717769,ES,TROPICAL / HUMID,0,0,0
11/18/2008,280,11,3,217.37,1.07696554,ES,TROPICAL / HUMID,0,0,0
11/19/2008,280,11,4,152.86,1.07719482,ES,TROPICAL / HUMID,0,0,0
11/20/2008,280,11,5,196.59,0.98728318,ES,TROPICAL / HUMID,1,0,0
11/21/2008,280,11,6,258.04,0.98569989,ES,TROPICAL / HUMID,1,0,0
11/22/2008,280,11,7,280.31,0.98765652,ES,TROPICAL / HUMID,1,0,0
11/23/2008,280,11,1,144.2,0.98737864,ES,TROPICAL / HUMID,1,0,0
11/24/2008,280,11,2,86.55,1.03916811,ES,TROPICAL / HUMID,0,0,0
11/25/2008,280,11,3,244.82,0.97741198,ES,TROPICAL / HUMID,1,0,0
11/26/2008,280,11,4,105.25,0.97605701,ES,TROPICAL / HUMID,0,0,0
11/27/2008,280,11,5,113.58,0.97746082,ES,TROPICAL / HUMID,0,0,0
11/28/2008,280,11,6,150.28,0.97777482,ES,TROPICAL / HUMID,0,0,0
11/29/2008,280,11,7,216.29,0.97766887,ES,TROPICAL / HUMID,0,0,0
11/30/2008,280,11,1,144.24,0.9776761,ES,TROPICAL / HUMID,0,0,0
12/07/2008,280,12,1,203.31,1.277704,ES,TROPICAL / HUMID,0,0,0
12/08/2008,280,12,2,284,0.88732394,ES,TROPICAL / HUMID,1,0,0
12/09/2008,280,12,3,264.11,0.88731968,ES,TROPICAL / HUMID,0,0,0
12/10/2008,280,12,4,187.4,1.04759872,ES,TROPICAL / HUMID,0,0,0
12/11/2008,280,12,5,144.37,1.2454111,ES,TROPICAL / HUMID,0,0,0
12/12/2008,280,12,6,145.7,1.14756349,ES,TROPICAL / HUMID,0,0,0
12/13/2008,280,12,7,148.48,1.14749461,ES,TROPICAL / HUMID,0,0,0
12/14/2008,280,12,1,109.91,1.14757529,ES,TROPICAL / HUMID,0,0,0
12/15/2008,280,12,2,95.3,1.14742917,ES,TROPICAL / HUMID,0,0,0
12/16/2008,280,12,3,161.57,1.14730457,ES,TROPICAL / HUMID,0,0,0
12/17/2008,280,12,4,172.76,0.90964344,ES,TROPICAL / HUMID,1,0,0
12/18/2008,280,12,5,117.49,0.9874883,ES,TROPICAL / HUMID,0,0,0
12/19/2008,280,12,6,158.01,0.98746915,ES,TROPICAL / HUMID,0,0,0
12/20/2008,280,12,7,269.38,0.9876754,ES,TROPICAL / HUMID,0,0,0
12/21/2008,280,12,1,272.75,0.98757104,ES,TROPICAL / HUMID,0,0,0
12/22/2008,280,12,2,162.2,0.98729963,ES,TROPICAL / HUMID,0,0,0
12/23/2008,280,12,3,276.16,0.88742034,ES,TROPICAL / HUMID,1,0,0
12/24/2008,280,12,4,233.39,0.97759116,ES,TROPICAL / HUMID,0,0,0
12/26/2008,280,12,6,173.89,0.92524009,ES,TROPICAL / HUMID,1,0,0
12/27/2008,280,12,7,166.33,0.97745446,ES,TROPICAL / HUMID,0,0,0
12/28/2008,280,12,1,140.2,0.97582026,ES,TROPICAL / HUMID,0,0,0
12/29/2008,280,12,2,226.68,0.97264867,ES,TROPICAL / HUMID,0,0,0
12/30/2008,280,12,3,345.91,0.92593449,ES,TROPICAL / HUMID,1,0,0
12/31/2008,280,12,4,266.28,0.89984227,ES,TROPICAL / HUMID,1,0,0
1/04/2009,280,1,1,165.84,1.14719006,ES,TROPICAL / HUMID,0,0,0
1/06/2009,280,1,3,144.01,1.27727241,ES,TROPICAL / HUMID,0,0,0
1/07/2009,280,1,4,340.89,0.98785532,ES,TROPICAL / HUMID,1,0,0
1/08/2009,280,1,5,294.89,1.14758045,ES,TROPICAL / HUMID,0,0,0
1/13/2009,280,1,3,421.25,1.088,ES,TROPICAL / HUMID,1,0,0
1/14/2009,280,1,4,209.91,1.18717546,ES,TROPICAL / HUMID,0,0,0
1/15/2009,280,1,5,157.66,1.14683496,ES,TROPICAL / HUMID,0,0,0
1/16/2009,280,1,6,166.75,1.38710645,ES,TROPICAL / HUMID,0,0,0
1/17/2009,280,1,7,187.55,1.17691282,ES,TROPICAL / HUMID,0,0,0
1/19/2009,280,1,2,114.12,1.17700666,ES,TROPICAL / HUMID,0,0,0
1/20/2009,280,1,3,590.78,0.98752497,ES,TROPICAL / HUMID,1,0,0
1/21/2009,280,1,4,124.7,1.17714515,ES,TROPICAL / HUMID,1,0,0
1/22/2009,280,1,5,186.53,1.17707607,ES,TROPICAL / HUMID,0,0,0
1/23/2009,280,1,6,255.91,0.97725763,ES,TROPICAL / HUMID,0,0,0
1/24/2009,280,1,7,315.29,1.07751594,ES,TROPICAL / HUMID,0,0,0
1/26/2009,280,1,2,141.31,1.07692308,ES,TROPICAL / HUMID,0,0,1
1/27/2009,280,1,3,465.16,0.92690687,ES,TROPICAL / HUMID,1,0,1
1/28/2009,280,1,4,176.5,1.18708215,ES,TROPICAL / HUMID,1,0,1
1/29/2009,280,1,5,164.3,1.18697505,ES,TROPICAL / HUMID,0,0,1
1/30/2009,280,1,6,238.41,1.06706933,ES,TROPICAL / HUMID,0,0,1
1/31/2009,280,1,7,329.34,1.17735471,ES,TROPICAL / HUMID,0,0,1
2/01/2009,280,2,1,270.16,0.87759106,ES,TROPICAL / HUMID,0,0,1
2/02/2009,280,2,2,335.04,1.17705349,ES,TROPICAL / HUMID,0,0,1
2/04/2009,280,2,4,89.82,1.13716322,ES,TROPICAL / HUMID,0,0,1
2/05/2009,280,2,5,448.98,1.37687648,ES,TROPICAL / HUMID,0,0,1
2/06/2009,280,2,6,291.16,1.19590603,ES,TROPICAL / HUMID,0,0,1
2/07/2009,280,2,7,166.04,1.09780776,ES,TROPICAL / HUMID,0,0,1
2/13/2009,280,2,6,116.96,0.87739398,ES,TROPICAL / HUMID,1,0,1
2/14/2009,280,2,7,543.5,1.00886845,ES,TROPICAL / HUMID,1,0,1
2/16/2009,280,2,2,309.7,1.07639651,ES,TROPICAL / HUMID,0,0,1
2/17/2009,280,2,3,453.97,1.07758222,ES,TROPICAL / HUMID,1,0,1
2/18/2009,280,2,4,224.11,1.0762572,ES,TROPICAL / HUMID,0,0,1
2/19/2009,280,2,5,236.04,1.07761396,ES,TROPICAL / HUMID,0,0,1
2/20/2009,280,2,6,389.62,1.18756737,ES,TROPICAL / HUMID,0,0,1
2/21/2009,280,2,7,434.23,1.18743523,ES,TROPICAL / HUMID,0,0,1
2/23/2009,280,2,2,255.05,1.18721819,ES,TROPICAL / HUMID,0,0,1
2/24/2009,280,2,3,218.79,1.18748572,ES,TROPICAL / HUMID,1,0,1
2/25/2009,280,2,4,316.75,1.18737174,ES,TROPICAL / HUMID,0,0,1
2/26/2009,280,2,5,330.09,1.18722167,ES,TROPICAL / HUMID,0,0,1
2/27/2009,280,2,6,391.86,1.18741387,ES,TROPICAL / HUMID,0,0,1
2/28/2009,280,2,7,535.38,1.1873996,ES,TROPICAL / HUMID,0,0,1
3/01/2009,280,3,1,234.82,0.94774721,ES,TROPICAL / HUMID,0,0,1
3/02/2009,280,3,2,778.78,0.98754462,ES,TROPICAL / HUMID,1,0,1
3/04/2009,280,3,4,118.22,1.21138555,ES,TROPICAL / HUMID,1,0,1
3/06/2009,280,3,6,159.34,1.19794151,ES,TROPICAL / HUMID,0,0,1
3/07/2009,280,3,7,131.21,1.29730966,ES,TROPICAL / HUMID,0,0,1
3/08/2009,280,3,1,175.59,1.14773051,ES,TROPICAL / HUMID,0,0,1
4/02/2009,280,4,5,216.42,1.14725996,ES,TROPICAL / HUMID,0,0,1
4/04/2009,280,4,7,223.39,1.21111061,ES,TROPICAL / HUMID,1,0,1
4/05/2009,280,4,1,240.29,1.37750218,ES,TROPICAL / HUMID,0,0,1
4/06/2009,280,4,2,126.94,1.17748543,ES,TROPICAL / HUMID,0,0,1
4/07/2009,280,4,3,272.32,1.0777027,ES,TROPICAL / HUMID,0,0,1
4/08/2009,280,4,4,667.21,0.8468698,ES,TROPICAL / HUMID,1,0,1
4/13/2009,280,4,2,146.26,1.383837,ES,TROPICAL / HUMID,0,0,1
4/14/2009,280,4,3,228.6,1.04720035,ES,TROPICAL / HUMID,1,0,1
4/15/2009,280,4,4,99.8,1.38687375,ES,TROPICAL / HUMID,0,0,1
4/16/2009,280,4,5,110.05,1.38682417,ES,TROPICAL / HUMID,0,0,1
4/17/2009,280,4,6,139.78,1.38696523,ES,TROPICAL / HUMID,0,0,1
4/18/2009,280,4,7,157.9,1.37663078,ES,TROPICAL / HUMID,0,0,1
4/20/2009,280,4,2,97.62,1.37656218,ES,TROPICAL / HUMID,0,0,1
4/21/2009,280,4,3,99.53,1.37656988,ES,TROPICAL / HUMID,0,0,1
4/22/2009,280,4,4,259.14,1.377325,ES,TROPICAL / HUMID,0,0,1
4/23/2009,280,4,5,76.15,1.37662508,ES,TROPICAL / HUMID,0,0,1
4/24/2009,280,4,6,116.81,1.37676569,ES,TROPICAL / HUMID,0,0,1
4/25/2009,280,4,7,264.4,1.17726929,ES,TROPICAL / HUMID,0,0,1
4/27/2009,280,4,2,164.49,1.17672807,ES,TROPICAL / HUMID,0,0,1
4/28/2009,280,4,3,609.31,0.9475144,ES,TROPICAL / HUMID,1,0,1
4/29/2009,280,4,4,307.12,0.94738213,ES,TROPICAL / HUMID,1,0,1
4/30/2009,280,4,5,204.21,1.1670829,ES,TROPICAL / HUMID,0,0,1
5/01/2009,280,5,6,319.18,0.94745911,ES,TROPICAL / HUMID,0,0,1
5/02/2009,280,5,7,300.56,1.14745808,ES,TROPICAL / HUMID,0,0,1
5/05/2009,280,5,3,610.95,0.94783534,ES,TROPICAL / HUMID,1,0,1
5/06/2009,280,5,4,223.86,1.08782275,ES,TROPICAL / HUMID,1,0,1
5/08/2009,280,5,6,401.2,0.84778166,ES,TROPICAL / HUMID,1,0,1
5/13/2009,280,5,4,217.64,0.98704282,ES,TROPICAL / HUMID,1,0,1
5/14/2009,280,5,5,102.79,1.88695398,ES,TROPICAL / HUMID,0,0,1
5/15/2009,280,5,6,139.47,1.19782032,ES,TROPICAL / HUMID,0,0,1
5/16/2009,280,5,7,300.49,1.21767779,ES,TROPICAL / HUMID,0,0,1
5/18/2009,280,5,2,76.99,1.24756462,ES,TROPICAL / HUMID,0,0,1
5/19/2009,280,5,3,366.07,0.94744175,ES,TROPICAL / HUMID,1,0,1
5/20/2009,280,5,4,206.07,0.94783326,ES,TROPICAL / HUMID,1,0,1
5/21/2009,280,5,5,80.77,1.12368454,ES,TROPICAL / HUMID,1,0,1
5/22/2009,280,5,6,169.38,1.08749557,ES,TROPICAL / HUMID,0,0,1
5/23/2009,280,5,7,281.89,1.0775125,ES,TROPICAL / HUMID,0,0,1
5/25/2009,280,5,2,168.76,1.07732875,ES,TROPICAL / HUMID,0,0,1
5/26/2009,280,5,3,304.38,1.0774361,ES,TROPICAL / HUMID,1,0,1
5/27/2009,280,5,4,248.81,1.07781038,ES,TROPICAL / HUMID,1,0,1
5/28/2009,280,5,5,165.58,1.07778717,ES,TROPICAL / HUMID,0,0,1
5/29/2009,280,5,6,155.25,1.23755233,ES,TROPICAL / HUMID,0,0,1
5/30/2009,280,5,7,208.86,1.27702767,ES,TROPICAL / HUMID,0,0,1
6/01/2009,280,6,2,746.12,0.69772959,ES,TROPICAL / HUMID,1,0,1
6/02/2009,280,6,3,272.47,1.14742907,ES,TROPICAL / HUMID,0,0,1
6/04/2009,280,6,5,206.5,1.36460048,ES,TROPICAL / HUMID,1,0,1
6/05/2009,280,6,6,342.16,0.94745148,ES,TROPICAL / HUMID,1,0,1
6/06/2009,280,6,7,315.13,1.08751944,ES,TROPICAL / HUMID,1,0,1
6/07/2009,280,6,1,162.88,1.07772593,ES,TROPICAL / HUMID,0,0,1
6/08/2009,280,6,2,237.17,0.98768816,ES,TROPICAL / HUMID,0,0,1
6/13/2009,280,6,7,177.62,1.14744961,ES,TROPICAL / HUMID,0,0,1
6/15/2009,280,6,2,200.09,1.14763356,ES,TROPICAL / HUMID,0,0,1
6/16/2009,280,6,3,649.27,0.78783865,ES,TROPICAL / HUMID,1,0,1
6/17/2009,280,6,4,315.52,0.78755705,ES,TROPICAL / HUMID,1,0,1
6/18/2009,280,6,5,124.14,1.12856452,ES,TROPICAL / HUMID,0,0,1
6/19/2009,280,6,6,145.31,1.14754662,ES,TROPICAL / HUMID,0,0,1
6/20/2009,280,6,7,211.43,1.14733009,ES,TROPICAL / HUMID,0,0,1
6/22/2009,280,6,2,128.12,1.14712769,ES,TROPICAL / HUMID,0,0,1
6/23/2009,280,6,3,422.04,0.9872287,ES,TROPICAL / HUMID,1,0,1
6/24/2009,280,6,4,221.14,0.98715746,ES,TROPICAL / HUMID,1,0,1
6/25/2009,280,6,5,136.72,1.14752779,ES,TROPICAL / HUMID,0,0,1
6/27/2009,280,6,7,274.2,1.18745441,ES,TROPICAL / HUMID,0,0,1
6/29/2009,280,6,2,176.82,1.1875919,ES,TROPICAL / HUMID,0,0,1
6/30/2009,280,6,3,418.54,0.98781478,ES,TROPICAL / HUMID,1,1,1
7/01/2009,280,7,4,98.92,1.1465831,ES,TROPICAL / HUMID,1,1,1
7/02/2009,280,7,5,591.64,1.01607396,ES,TROPICAL / HUMID,1,1,1
7/04/2009,280,7,7,236.51,1.34543994,ES,TROPICAL / HUMID,1,1,1
7/05/2009,280,7,1,162.76,1.14739494,ES,TROPICAL / HUMID,0,1,1
7/07/2009,280,7,3,619.61,0.88750989,ES,TROPICAL / HUMID,1,1,1
7/08/2009,280,7,4,210.33,1.28769077,ES,TROPICAL / HUMID,0,1,1
7/13/2009,280,7,2,140.68,1.07740972,ES,TROPICAL / HUMID,0,1,1
7/14/2009,280,7,3,477.07,0.88775232,ES,TROPICAL / HUMID,1,1,1
7/15/2009,280,7,4,305.96,0.88763237,ES,TROPICAL / HUMID,1,1,1
7/16/2009,280,7,5,257.33,0.96743481,ES,TROPICAL / HUMID,0,1,1
7/17/2009,280,7,6,133.52,1.10462852,ES,TROPICAL / HUMID,1,1,1
7/18/2009,280,7,7,329.47,0.94779494,ES,TROPICAL / HUMID,0,1,1
7/20/2009,280,7,2,181.28,0.94776037,ES,TROPICAL / HUMID,0,1,1
7/21/2009,280,7,3,648.46,0.84779323,ES,TROPICAL / HUMID,1,1,1
7/22/2009,280,7,4,308.72,0.84782327,ES,TROPICAL / HUMID,1,1,1
7/23/2009,280,7,5,181.7,0.9376995,ES,TROPICAL / HUMID,0,1,1
7/24/2009,280,7,6,201.65,1.04760724,ES,TROPICAL / HUMID,0,1,1
7/25/2009,280,7,7,248.92,1.04756548,ES,TROPICAL / HUMID,0,1,1
