mode/oranges.csv
Sales_Date,Store,Month,Weekday,Sales,Unit_Price,State,Climate,Promo,Test20t,Test50t
7/27/2009,280,7,2,146.19,1.04726725,ES,TROPICAL / HUMID,0,1,1
7/28/2009,280,7,3,490.69,0.78772749,ES,TROPICAL / HUMID,1,1,1
7/29/2009,280,7,4,245.21,0.78752906,ES,TROPICAL / HUMID,1,1,1
7/30/2009,280,7,5,126,1.04706349,ES,TROPICAL / HUMID,0,1,1
7/31/2009,280,7,6,132.51,1.28745,ES,TROPICAL / HUMID,0,1,1
8/01/2009,280,8,7,126.94,1.14715614,ES,TROPICAL / HUMID,0,1,1
8/04/2009,280,8,3,140.84,1.26434252,ES,TROPICAL / HUMID,1,1,1
8/05/2009,280,8,4,102.98,1.67683045,ES,TROPICAL / HUMID,0,1,1
8/06/2009,280,8,5,116.5,1.16437768,ES,TROPICAL / HUMID,0,1,1
8/07/2009,280,8,6,337.32,0.88755484,ES,TROPICAL / HUMID,1,1,1
8/08/2009,280,8,7,355.7,0.97804329,ES,TROPICAL / HUMID,0,1,1
8/13/2009,280,8,5,131.97,1.27748731,ES,TROPICAL / HUMID,0,1,1
8/14/2009,280,8,6,108.73,1.27738435,ES,TROPICAL / HUMID,0,1,1
8/15/2009,280,8,7,213.82,1.27756992,ES,TROPICAL / HUMID,0,1,1
8/18/2009,280,8,3,436.12,0.98060167,ES,TROPICAL / HUMID,1,1,1
8/19/2009,280,8,4,299.37,0.9856365,ES,TROPICAL / HUMID,1,1,1
8/20/2009,280,8,5,123.95,1.23372328,ES,TROPICAL / HUMID,0,1,1
8/21/2009,280,8,6,163.35,1.27793082,ES,TROPICAL / HUMID,1,1,1
8/22/2009,280,8,7,278.12,1.2774342,ES,TROPICAL / HUMID,0,1,1
8/24/2009,280,8,2,122.89,1.27699569,ES,TROPICAL / HUMID,0,1,1
8/25/2009,280,8,3,722.46,0.88695568,ES,TROPICAL / HUMID,1,1,1
8/26/2009,280,8,4,419.49,0.88631433,ES,TROPICAL / HUMID,1,1,1
8/27/2009,280,8,5,131.79,1.29342135,ES,TROPICAL / HUMID,0,1,1
8/31/2009,280,8,2,124.35,1.29762766,ES,TROPICAL / HUMID,0,1,1
9/01/2009,280,9,3,171.4,1.24731622,ES,TROPICAL / HUMID,0,1,1
9/02/2009,280,9,4,242.55,1.14714492,ES,TROPICAL / HUMID,0,1,1
9/04/2009,280,9,6,195.47,1.24725022,ES,TROPICAL / HUMID,1,1,1
9/05/2009,280,9,7,257.72,1.14744684,ES,TROPICAL / HUMID,0,1,1
9/06/2009,280,9,1,650.58,0.78809678,ES,TROPICAL / HUMID,1,1,1
9/07/2009,280,9,2,143.96,0.94783273,ES,TROPICAL / HUMID,0,1,1
10/01/2009,280,10,5,279.07,1.24778729,ES,TROPICAL / HUMID,0,1,1
10/02/2009,280,10,6,891.63,0.88770005,ES,TROPICAL / HUMID,1,1,1
10/04/2009,280,10,1,95.11,1.24708233,ES,TROPICAL / HUMID,1,1,1
10/06/2009,280,10,3,362.53,0.7874107,ES,TROPICAL / HUMID,1,1,1
10/07/2009,280,10,4,257.69,0.97784159,ES,TROPICAL / HUMID,0,1,1
10/08/2009,280,10,5,219.23,0.97787712,ES,TROPICAL / HUMID,0,1,1
11/02/2009,280,11,2,274.1,0.8875228,ES,TROPICAL / HUMID,1,1,1
11/04/2009,280,11,4,118.43,1.24740353,ES,TROPICAL / HUMID,1,1,1
11/05/2009,280,11,5,130.3,1.1467383,ES,TROPICAL / HUMID,0,1,1
11/06/2009,280,11,6,165.6,1.07747585,ES,TROPICAL / HUMID,0,1,1
11/07/2009,280,11,7,290.17,1.07743736,ES,TROPICAL / HUMID,0,1,1
11/08/2009,280,11,1,650.46,0.88771024,ES,TROPICAL / HUMID,1,1,1
12/01/2009,280,12,3,283.11,0.99279432,ES,TROPICAL / HUMID,1,1,1
12/02/2009,280,12,4,88.87,1.18690222,ES,TROPICAL / HUMID,1,1,1
12/05/2009,280,12,7,509.33,0.98749337,ES,TROPICAL / HUMID,1,1,1
12/06/2009,280,12,1,121.94,1.07700508,ES,TROPICAL / HUMID,0,1,1
12/08/2009,280,12,3,425.72,0.88741426,ES,TROPICAL / HUMID,1,1,1
1/07/2008,1023,1,2,553.95,0.94441737,RJ,TROPICAL / HOT / SEMI-HUMID,1,0,0
1/08/2008,1023,1,3,393.46,0.97994714,RJ,TROPICAL / HOT / SEMI-HUMID,0,0,0
1/09/2008,1023,1,4,296.19,1.18623181,RJ,TROPICAL / HOT / SEMI-HUMID,0,0,0
1/10/2008,1023,1,5,470.5,0.9477152,RJ,TROPICAL / HOT / SEMI-HUMID,0,0,0
1/11/2008,1023,1,6,373.92,1.18993368,RJ,TROPICAL / HOT / SEMI-HUMID,0,0,0
1/12/2008,1023,1,7,344.58,1.18994138,RJ,TROPICAL / HOT / SEMI-HUMID,0,0,0
2/07/2008,1023,2,5,519.68,0.87640471,RJ,TROPICAL / HOT / SEMI-HUMID,0,0,0
2/08/2008,1023,2,6,414.22,0.88993771,RJ,TROPICAL / HOT / SEMI-HUMID,0,0,0
2/09/2008,1023,2,7,296.19,1.18623181,RJ,TROPICAL / HOT / SEMI-HUMID,1,0,0
2/10/2008,1023,2,1,384.22,0.99000573,RJ,TROPICAL / HOT / SEMI-HUMID,0,0,0
2/11/2008,1023,2,2,269.23,1.18987483,RJ,TROPICAL / HOT / SEMI-HUMID,0,0,0
2/12/2008,1023,2,3,670.45,0.98614363,RJ,TROPICAL / HOT / SEMI-HUMID,0,0,0
3/08/2008,1023,3,7,304.19,0.88980571,RJ,TROPICAL / HOT / SEMI-HUMID,0,0,0
3/09/2008,1023,3,1,394.47,0.96050397,RJ,TROPICAL / HOT / SEMI-HUMID,1,0,0
3/10/2008,1023,3,2,292.11,0.92930745,RJ,TROPICAL / HOT / SEMI-HUMID,0,0,0
3/11/2008,1023,3,3,304.47,1.19006799,RJ,TROPICAL / HOT / SEMI-HUMID,0,0,0
3/12/2008,1023,3,4,494.88,0.77475348,RJ,TROPICAL / HOT / SEMI-HUMID,1,0,0
4/07/2008,1023,4,2,298.01,1.25995772,RJ,TROPICAL / HOT / SEMI-HUMID,0,0,0
4/08/2008,1023,4,3,315.55,0.85732847,RJ,TROPICAL / HOT / SEMI-HUMID,1,0,0
4/09/2008,1023,4,4,293.63,0.99012362,RJ,TROPICAL / HOT / SEMI-HUMID,0,0,0
4/10/2008,1023,4,5,359.25,0.98853166,RJ,TROPICAL / HOT / SEMI-HUMID,0,0,0
4/11/2008,1023,4,6,579.55,1.15869209,RJ,TROPICAL / HOT / SEMI-HUMID,0,0,0
5/07/2008,1023,5,4,274.83,1.28992468,RJ,TROPICAL / HOT / SEMI-HUMID,0,0,0
5/08/2008,1023,5,5,593.63,0.86075502,RJ,TROPICAL / HOT / SEMI-HUMID,0,0,0
5/09/2008,1023,5,6,225.85,1.3288023,RJ,TROPICAL / HOT / SEMI-HUMID,0,0,0
5/10/2008,1023,5,7,185.3,0.98990826,RJ,TROPICAL / HOT / SEMI-HUMID,0,0,0
5/11/2008,1023,5,1,515.65,0.77853195,RJ,TROPICAL / HOT / SEMI-HUMID,1,0,0
5/12/2008,1023,5,2,391.04,1.19005728,RJ,TROPICAL / HOT / SEMI-HUMID,0,0,0
6/07/2008,1023,6,7,182.57,1.29008052,RJ,TROPICAL / HOT / SEMI-HUMID,0,0,0
6/08/2008,1023,6,1,378.18,0.77941721,RJ,TROPICAL / HOT / SEMI-HUMID,1,0,0
6/09/2008,1023,6,2,288.02,1.18766058,RJ,TROPICAL / HOT / SEMI-HUMID,0,0,0
6/10/2008,1023,6,3,274.78,0.98977364,RJ,TROPICAL / HOT / SEMI-HUMID,0,0,0
6/11/2008,1023,6,4,429.14,0.8901524,RJ,TROPICAL / HOT / SEMI-HUMID,1,0,0
6/12/2008,1023,6,5,390.6,0.99011777,RJ,TROPICAL / HOT / SEMI-HUMID,0,0,0
7/07/2008,1023,7,2,175.6,1.29014806,RJ,TROPICAL / HOT / SEMI-HUMID,1,0,0
7/08/2008,1023,7,3,221.31,0.89006371,RJ,TROPICAL / HOT / SEMI-HUMID,0,0,0
7/09/2008,1023,7,4,151.84,1.18993678,RJ,TROPICAL / HOT / SEMI-HUMID,0,0,0
7/10/2008,1023,7,5,583.83,0.98831852,RJ,TROPICAL / HOT / SEMI-HUMID,0,0,0
7/11/2008,1023,7,6,461.18,0.98998222,RJ,TROPICAL / HOT / SEMI-HUMID,1,0,0
7/12/2008,1023,7,7,345.44,0.98937587,RJ,TROPICAL / HOT / SEMI-HUMID,0,0,0
7/13/2008,1023,7,1,222.63,1.28989804,RJ,TROPICAL / HOT / SEMI-HUMID,0,0,0
7/14/2008,1023,7,2,250.84,1.29010525,RJ,TROPICAL / HOT / SEMI-HUMID,1,0,0
7/15/2008,1023,7,3,831.64,0.77917128,RJ,TROPICAL / HOT / SEMI-HUMID,1,0,0
7/16/2008,1023,7,4,276.31,0.98233868,RJ,TROPICAL / HOT / SEMI-HUMID,1,0,0
7/17/2008,1023,7,5,217.97,0.98999862,RJ,TROPICAL / HOT / SEMI-HUMID,0,0,0
7/18/2008,1023,7,6,221.57,0.98867175,RJ,TROPICAL / HOT / SEMI-HUMID,0,0,0
7/19/2008,1023,7,7,320.61,0.99023736,RJ,TROPICAL / HOT / SEMI-HUMID,0,0,0
7/20/2008,1023,7,1,244.87,0.98872871,RJ,TROPICAL / HOT / SEMI-HUMID,0,0,0
7/21/2008,1023,7,2,338.28,0.98932837,RJ,TROPICAL / HOT / SEMI-HUMID,1,0,0
7/22/2008,1023,7,3,551.28,0.96954361,RJ,TROPICAL / HOT / SEMI-HUMID,1,0,0
7/23/2008,1023,7,4,386.11,0.84281681,RJ,TROPICAL / HOT / SEMI-HUMID,1,0,0
7/24/2008,1023,7,5,162.96,1.19023073,RJ,TROPICAL / HOT / SEMI-HUMID,0,0,0
7/25/2008,1023,7,6,116.38,1.69023887,RJ,TROPICAL / HOT / SEMI-HUMID,0,0,0
7/26/2008,1023,7,7,148.87,1.27990865,RJ,TROPICAL / HOT / SEMI-HUMID,0,0,0
7/27/2008,1023,7,1,141.59,1.29013348,RJ,TROPICAL / HOT / SEMI-HUMID,0,0,0
7/28/2008,1023,7,2,225.64,1.27854104,RJ,TROPICAL / HOT / SEMI-HUMID,1,0,0
7/29/2008,1023,7,3,537.82,0.96193894,RJ,TROPICAL / HOT / SEMI-HUMID,1,0,0
7/30/2008,1023,7,4,521.78,0.69008011,RJ,TROPICAL / HOT / SEMI-HUMID,1,0,0
7/31/2008,1023,7,5,293.33,0.97876112,RJ,TROPICAL / HOT / SEMI-HUMID,0,0,0
8/07/2008,1023,8,5,635.09,0.88735455,RJ,TROPICAL / HOT / SEMI-HUMID,1,0,0
8/08/2008,1023,8,6,252.47,0.86168654,RJ,TROPICAL / HOT / SEMI-HUMID,0,0,0
8/09/2008,1023,8,7,233.66,1.18539759,RJ,TROPICAL / HOT / SEMI-HUMID,0,0,0
8/10/2008,1023,8,1,371.37,0.9617632,RJ,TROPICAL / HOT / SEMI-HUMID,0,0,0
8/11/2008,1023,8,2,610.42,0.98995773,RJ,TROPICAL / HOT / SEMI-HUMID,1,0,0
8/12/2008,1023,8,3,405.1,0.99012589,RJ,TROPICAL / HOT / SEMI-HUMID,0,0,0
8/13/2008,1023,8,4,321.91,0.93432947,RJ,TROPICAL / HOT / SEMI-HUMID,1,0,0
8/14/2008,1023,8,5,211.26,1.69000284,RJ,TROPICAL / HOT / SEMI-HUMID,0,0,0
8/15/2008,1023,8,6,220.5,1.69011338,RJ,TROPICAL / HOT / SEMI-HUMID,1,0,0
8/16/2008,1023,8,7,315.3,1.6623216,RJ,TROPICAL / HOT / SEMI-HUMID,0,0,0
8/17/2008,1023,8,1,194.76,1.69023413,RJ,TROPICAL / HOT / SEMI-HUMID,0,0,0
8/18/2008,1023,8,2,250.74,1.63192949,RJ,TROPICAL / HOT / SEMI-HUMID,1,0,0
8/19/2008,1023,8,3,430.09,1.12402055,RJ,TROPICAL / HOT / SEMI-HUMID,0,0,0
8/20/2008,1023,8,4,322.84,0.97106926,RJ,TROPICAL / HOT / SEMI-HUMID,1,0,0
8/21/2008,1023,8,5,334.93,0.85405906,RJ,TROPICAL / HOT / SEMI-HUMID,1,0,0
8/22/2008,1023,8,6,217.65,1.69000689,RJ,TROPICAL / HOT / SEMI-HUMID,0,0,0
8/23/2008,1023,8,7,379.99,0.99002605,RJ,TROPICAL / HOT / SEMI-HUMID,1,0,0
8/24/2008,1023,8,1,271.16,0.99011654,RJ,TROPICAL / HOT / SEMI-HUMID,1,0,0
8/25/2008,1023,8,2,291.73,1.2659651,RJ,TROPICAL / HOT / SEMI-HUMID,0,0,0
8/26/2008,1023,8,3,364.04,1.28527085,RJ,TROPICAL / HOT / SEMI-HUMID,0,0,0
8/27/2008,1023,8,4,370.43,0.83065626,RJ,TROPICAL / HOT / SEMI-HUMID,1,0,0
8/28/2008,1023,8,5,349.74,0.85008864,RJ,TROPICAL / HOT / SEMI-HUMID,0,0,0
8/29/2008,1023,8,6,295.44,1.17506093,RJ,TROPICAL / HOT / SEMI-HUMID,0,0,0
8/30/2008,1023,8,7,303.87,1.18998256,RJ,TROPICAL / HOT / SEMI-HUMID,0,0,0
8/31/2008,1023,8,1,215.37,1.19018433,RJ,TROPICAL / HOT / SEMI-HUMID,0,0,0
9/07/2008,1023,9,1,388.48,0.83960564,RJ,TROPICAL / HOT / SEMI-HUMID,1,0,0
9/08/2008,1023,9,2,286.33,1.19020012,RJ,TROPICAL / HOT / SEMI-HUMID,0,0,0
9/09/2008,1023,9,3,446.08,0.95785509,RJ,TROPICAL / HOT / SEMI-HUMID,1,0,0
9/10/2008,1023,9,4,246.92,1.29009396,RJ,TROPICAL / HOT / SEMI-HUMID,0,0,0
9/11/2008,1023,9,5,232,1.29,RJ,TROPICAL / HOT / SEMI-HUMID,0,0,0
9/12/2008,1023,9,6,571.43,0.98822253,RJ,TROPICAL / HOT / SEMI-HUMID,0,0,0
9/13/2008,1023,9,7,319.37,1.18996775,RJ,TROPICAL / HOT / SEMI-HUMID,0,0,0
9/14/2008,1023,9,1,166.53,1.19005585,RJ,TROPICAL / HOT / SEMI-HUMID,0,0,0
9/15/2008,1023,9,2,331.06,1.1715399,RJ,TROPICAL / HOT / SEMI-HUMID,1,0,0
9/16/2008,1023,9,3,429.93,1.28560463,RJ,TROPICAL / HOT / SEMI-HUMID,0,0,0
9/17/2008,1023,9,4,452.68,0.8699081,RJ,TROPICAL / HOT / SEMI-HUMID,1,0,0
9/18/2008,1023,9,5,229.43,1.18986183,RJ,TROPICAL / HOT / SEMI-HUMID,0,0,0
9/19/2008,1023,9,6,291.74,1.1900665,RJ,TROPICAL / HOT / SEMI-HUMID,1,0,0
9/20/2008,1023,9,7,306.09,1.18791859,RJ,TROPICAL / HOT / SEMI-HUMID,0,0,0
9/21/2008,1023,9,1,237.39,1.19002485,RJ,TROPICAL / HOT / SEMI-HUMID,0,0,0
9/22/2008,1023,9,2,239.43,1.18995113,RJ,TROPICAL / HOT / SEMI-HUMID,0,0,0
9/23/2008,1023,9,3,443.09,1.18691462,RJ,TROPICAL / HOT / SEMI-HUMID,1,0,0
9/24/2008,1023,9,4,342.34,0.88803529,RJ,TROPICAL / HOT / SEMI-HUMID,1,0,0
9/25/2008,1023,9,5,237.49,1.18981852,RJ,TROPICAL / HOT / SEMI-HUMID,0,0,0
9/26/2008,1023,9,6,332.59,0.99013801,RJ,TROPICAL / HOT / SEMI-HUMID,0,0,0
9/27/2008,1023,9,7,371.52,0.98993325,RJ,TROPICAL / HOT / SEMI-HUMID,0,0,0
9/28/2008,1023,9,1,229.91,0.98995259,RJ,TROPICAL / HOT / SEMI-HUMID,0,0,0
9/29/2008,1023,9,2,322.36,0.99004219,RJ,TROPICAL / HOT / SEMI-HUMID,0,0,0
9/30/2008,1023,9,3,408.51,0.98754008,RJ,TROPICAL / HOT / SEMI-HUMID,1,0,0
10/07/2008,1023,10,3,252.96,1.29028305,RJ,TROPICAL / HOT / SEMI-HUMID,0,0,0
10/08/2008,1023,10,4,136.99,1.18986787,RJ,TROPICAL / HOT / SEMI-HUMID,0,0,0
10/09/2008,1023,10,5,315.72,0.85696186,RJ,TROPICAL / HOT / SEMI-HUMID,1,0,0
10/10/2008,1023,10,6,237.35,1.18984622,RJ,TROPICAL / HOT / SEMI-HUMID,0,0,0
10/11/2008,1023,10,7,320.16,1.29013618,RJ,TROPICAL / HOT / SEMI-HUMID,0,0,0
10/12/2008,1023,10,1,434.34,0.83989501,RJ,TROPICAL / HOT / SEMI-HUMID,1,0,0
10/13/2008,1023,10,2,260.25,1.19020173,RJ,TROPICAL / HOT / SEMI-HUMID,0,0,0
10/14/2008,1023,10,3,843.1,0.68998933,RJ,TROPICAL / HOT / SEMI-HUMID,1,0,0
10/15/2008,1023,10,4,569.73,0.85575624,RJ,TROPICAL / HOT / SEMI-HUMID,1,0,0
10/16/2008,1023,10,5,382.13,1.19001387,RJ,TROPICAL / HOT / SEMI-HUMID,0,0,0
10/17/2008,1023,10,6,305.44,1.18998821,RJ,TROPICAL / HOT / SEMI-HUMID,0,0,0
10/18/2008,1023,10,7,422.11,1.18999787,RJ,TROPICAL / HOT / SEMI-HUMID,0,0,0
10/19/2008,1023,10,1,198.14,1.18976481,RJ,TROPICAL / HOT / SEMI-HUMID,0,0,0
10/21/2008,1023,10,3,1048.31,0.64005876,RJ,TROPICAL / HOT / SEMI-HUMID,1,0,0
10/22/2008,1023,10,4,553.45,0.87390008,RJ,TROPICAL / HOT / SEMI-HUMID,1,0,0
10/23/2008,1023,10,5,322.8,1.18990087,RJ,TROPICAL / HOT / SEMI-HUMID,0,0,0
10/24/2008,1023,10,6,442.98,0.98990925,RJ,TROPICAL / HOT / SEMI-HUMID,0,0,0
10/25/2008,1023,10,7,380.66,0.98999107,RJ,TROPICAL / HOT / SEMI-HUMID,0,0,0
10/26/2008,1023,10,1,280.06,0.99003785,RJ,TROPICAL / HOT / SEMI-HUMID,0,0,0
10/27/2008,1023,10,2,316.64,0.99005179,RJ,TROPICAL / HOT / SEMI-HUMID,0,0,0
10/28/2008,1023,10,3,533.94,1.18548901,RJ,TROPICAL / HOT / SEMI-HUMID,1,0,0
10/29/2008,1023,10,4,586.37,0.78806897,RJ,TROPICAL / HOT / SEMI-HUMID,1,0,0
10/30/2008,1023,10,5,359.49,1.18993574,RJ,TROPICAL / HOT / SEMI-HUMID,0,0,0
10/31/2008,1023,10,6,295.23,1.18876808,RJ,TROPICAL / HOT / SEMI-HUMID,0,0,0
11/07/2008,1023,11,6,306.71,1.27801506,RJ,TROPICAL / HOT / SEMI-HUMID,0,0,0
11/08/2008,1023,11,7,272.37,0.9639461,RJ,TROPICAL / HOT / SEMI-HUMID,1,0,0
11/09/2008,1023,11,1,212.76,1.19012032,RJ,TROPICAL / HOT / SEMI-HUMID,0,0,0
11/10/2008,1023,11,2,315.05,1.19016029,RJ,TROPICAL / HOT / SEMI-HUMID,0,0,0
11/11/2008,1023,11,3,572.54,1.18321864,RJ,TROPICAL / HOT / SEMI-HUMID,0,0,0
11/12/2008,1023,11,4,213.42,1.29013213,RJ,TROPICAL / HOT / SEMI-HUMID,0,0,0
11/13/2008,1023,11,5,292.46,1.29002257,RJ,TROPICAL / HOT / SEMI-HUMID,0,0,0
11/14/2008,1023,11,6,248.31,1.18573557,RJ,TROPICAL / HOT / SEMI-HUMID,0,0,0
11/15/2008,1023,11,7,266.48,1.19003302,RJ,TROPICAL / HOT / SEMI-HUMID,0,0,0
11/16/2008,1023,11,1,197.37,1.19015048,RJ,TROPICAL / HOT / SEMI-HUMID,0,0,0
11/17/2008,1023,11,2,420.24,1.19001047,RJ,TROPICAL / HOT / SEMI-HUMID,0,0,0
11/18/2008,1023,11,3,1008.76,0.69006503,RJ,TROPICAL / HOT / SEMI-HUMID,1,0,0
11/19/2008,1023,11,4,499.34,0.94424641,RJ,TROPICAL / HOT / SEMI-HUMID,1,0,0
11/20/2008,1023,11,5,367.7,1.28988306,RJ,TROPICAL / HOT / SEMI-HUMID,0,0,0
11/21/2008,1023,11,6,367.63,1.28999266,RJ,TROPICAL / HOT / SEMI-HUMID,0,0,0
11/22/2008,1023,11,7,409.44,1.28898007,RJ,TROPICAL / HOT / SEMI-HUMID,0,0,0
11/23/2008,1023,11,1,241.17,1.29004437,RJ,TROPICAL / HOT / SEMI-HUMID,0,0,0
11/24/2008,1023,11,2,333.03,1.29003393,RJ,TROPICAL / HOT / SEMI-HUMID,0,0,0
11/25/2008,1023,11,3,1197.5,0.68984551,RJ,TROPICAL / HOT / SEMI-HUMID,1,0,0
11/26/2008,1023,11,4,533.45,0.78706533,RJ,TROPICAL / HOT / SEMI-HUMID,1,0,0
11/27/2008,1023,11,5,252.78,1.29025239,RJ,TROPICAL / HOT / SEMI-HUMID,0,0,0
11/28/2008,1023,11,6,231.41,1.1900955,RJ,TROPICAL / HOT / SEMI-HUMID,0,0,0
11/29/2008,1023,11,7,324.62,1.18843571,RJ,TROPICAL / HOT / SEMI-HUMID,0,0,0
11/30/2008,1023,11,1,226.16,1.19013088,RJ,TROPICAL / HOT / SEMI-HUMID,0,0,0
12/07/2008,1023,12,1,269.91,1.2901708,RJ,TROPICAL / HOT / SEMI-HUMID,0,0,0
12/08/2008,1023,12,2,772.2,0.77691013,RJ,TROPICAL / HOT / SEMI-HUMID,1,0,0
12/09/2008,1023,12,3,252.63,1.19004077,RJ,TROPICAL / HOT / SEMI-HUMID,0,0,0
12/10/2008,1023,12,4,182.33,1.19009488,RJ,TROPICAL / HOT / SEMI-HUMID,0,0,0
12/11/2008,1023,12,5,719.8,0.76476799,RJ,TROPICAL / HOT / SEMI-HUMID,1,0,0
12/12/2008,1023,12,6,405.17,0.99017696,RJ,TROPICAL / HOT / SEMI-HUMID,0,0,0
12/13/2008,1023,12,7,353.83,0.98991041,RJ,TROPICAL / HOT / SEMI-HUMID,0,0,0
12/14/2008,1023,12,1,236.57,0.99006637,RJ,TROPICAL / HOT / SEMI-HUMID,0,0,0
12/15/2008,1023,12,2,298.04,0.99006845,RJ,TROPICAL / HOT / SEMI-HUMID,0,0,0
12/16/2008,1023,12,3,475.23,1.17418934,RJ,TROPICAL / HOT / SEMI-HUMID,0,0,0
12/17/2008,1023,12,4,556.02,0.68992123,RJ,TROPICAL / HOT / SEMI-HUMID,1,0,0
12/18/2008,1023,12,5,348.5,0.99001435,RJ,TROPICAL / HOT / SEMI-HUMID,0,0,0
12/19/2008,1023,12,6,363.6,0.9900165,RJ,TROPICAL / HOT / SEMI-HUMID,0,0,0
12/20/2008,1023,12,7,370.64,1.18977984,RJ,TROPICAL / HOT / SEMI-HUMID,0,0,0
12/21/2008,1023,12,1,332.39,1.18989741,RJ,TROPICAL / HOT / SEMI-HUMID,0,0,0
12/22/2008,1023,12,2,428.69,1.0859129,RJ,TROPICAL / HOT / SEMI-HUMID,0,0,0
12/23/2008,1023,12,3,781.32,0.79008601,RJ,TROPICAL / HOT / SEMI-HUMID,1,0,0
12/24/2008,1023,12,4,343.64,0.99001862,RJ,TROPICAL / HOT / SEMI-HUMID,0,0,0
12/26/2008,1023,12,6,388.29,0.99000747,RJ,TROPICAL / HOT / SEMI-HUMID,0,0,0
12/27/2008,1023,12,7,449.97,0.98995489,RJ,TROPICAL / HOT / SEMI-HUMID,0,0,0
12/28/2008,1023,12,1,386.92,0.99004962,RJ,TROPICAL / HOT / SEMI-HUMID,0,0,0
12/29/2008,1023,12,2,490.11,0.98994103,RJ,TROPICAL / HOT / SEMI-HUMID,0,0,0
12/30/2008,1023,12,3,827.5,0.8898852,RJ,TROPICAL / HOT / SEMI-HUMID,1,0,0
12/31/2008,1023,12,4,438.11,0.9871037,RJ,TROPICAL / HOT / SEMI-HUMID,0,0,0
1/02/2009,1023,1,6,370.69,0.88971917,RJ,TROPICAL / HOT / SEMI-HUMID,1,0,0
1/03/2009,1023,1,7,377.71,1.24990072,RJ,TROPICAL / HOT / SEMI-HUMID,0,0,0
1/04/2009,1023,1,1,336.99,1.54609929,RJ,TROPICAL / HOT / SEMI-HUMID,0,0,0
1/05/2009,1023,1,2,529.65,0.97998678,RJ,TROPICAL / HOT / SEMI-HUMID,1,0,0
1/06/2009,1023,1,3,435.22,0.95011718,RJ,TROPICAL / HOT / SEMI-HUMID,0,0,0
1/07/2009,1023,1,4,602.61,0.7777999,RJ,TROPICAL / HOT / SEMI-HUMID,0,0,0
1/08/2009,1023,1,5,288.69,1.18812567,RJ,TROPICAL / HOT / SEMI-HUMID,0,0,0
1/13/2009,1023,1,3,1697.38,0.58996807,RJ,TROPICAL / HOT / SEMI-HUMID,1,0,0
1/14/2009,1023,1,4,490.65,0.87373892,RJ,TROPICAL / HOT / SEMI-HUMID,1,0,0
1/15/2009,1023,1,5,290.33,1.29001481,RJ,TROPICAL / HOT / SEMI-HUMID,0,0,0
1/16/2009,1023,1,6,457.93,0.7899679,RJ,TROPICAL / HOT / SEMI-HUMID,1,0,0
1/17/2009,1023,1,7,527.79,0.79001118,RJ,TROPICAL / HOT / SEMI-HUMID,1,0,0
1/18/2009,1023,1,1,342.94,0.79010906,RJ,TROPICAL / HOT / SEMI-HUMID,1,0,0
1/19/2009,1023,1,2,302.02,1.29001391,RJ,TROPICAL / HOT / SEMI-HUMID,0,0,0
1/20/2009,1023,1,3,442.53,1.28999164,RJ,TROPICAL / HOT / SEMI-HUMID,0,0,0
1/21/2009,1023,1,4,524.23,0.77971501,RJ,TROPICAL / HOT / SEMI-HUMID,1,0,0
1/22/2009,1023,1,5,394.88,1.19003241,RJ,TROPICAL / HOT / SEMI-HUMID,0,0,0
1/23/2009,1023,1,6,367.55,1.03743708,RJ,TROPICAL / HOT / SEMI-HUMID,1,0,0
1/24/2009,1023,1,7,463.35,1.2899536,RJ,TROPICAL / HOT / SEMI-HUMID,0,0,0
1/25/2009,1023,1,1,298.96,1.28987155,RJ,TROPICAL / HOT / SEMI-HUMID,0,0,0
