mode/oranges.csv
Sales_Date,Store,Month,Weekday,Sales,Unit_Price,State,Climate,Promo,Test20t,Test50t
1/26/2009,1023,1,2,341.24,1.28994256,RJ,TROPICAL / HOT / SEMI-HUMID,0,0,1
1/27/2009,1023,1,3,629,1.18860095,RJ,TROPICAL / HOT / SEMI-HUMID,0,0,1
1/28/2009,1023,1,4,511.67,1.08851408,RJ,TROPICAL / HOT / SEMI-HUMID,0,0,1
1/29/2009,1023,1,5,335.45,1.18983455,RJ,TROPICAL / HOT / SEMI-HUMID,0,0,1
1/30/2009,1023,1,6,384.98,0.89004624,RJ,TROPICAL / HOT / SEMI-HUMID,1,0,1
1/31/2009,1023,1,7,410.7,0.89004139,RJ,TROPICAL / HOT / SEMI-HUMID,1,0,1
2/01/2009,1023,2,1,512.21,0.9900041,RJ,TROPICAL / HOT / SEMI-HUMID,0,0,1
2/02/2009,1023,2,2,408.63,1.29004234,RJ,TROPICAL / HOT / SEMI-HUMID,0,0,1
2/03/2009,1023,2,3,559.01,1.24995975,RJ,TROPICAL / HOT / SEMI-HUMID,0,0,1
2/04/2009,1023,2,4,385.4,1.58990659,RJ,TROPICAL / HOT / SEMI-HUMID,0,0,1
2/05/2009,1023,2,5,636.58,0.98026957,RJ,TROPICAL / HOT / SEMI-HUMID,1,0,1
2/06/2009,1023,2,6,1203.37,0.64995803,RJ,TROPICAL / HOT / SEMI-HUMID,1,0,1
2/07/2009,1023,2,7,400.29,0.78995228,RJ,TROPICAL / HOT / SEMI-HUMID,0,0,1
2/08/2009,1023,2,1,228.09,1.19005656,RJ,TROPICAL / HOT / SEMI-HUMID,0,0,1
2/13/2009,1023,2,6,341.56,1.19003982,RJ,TROPICAL / HOT / SEMI-HUMID,0,0,1
2/14/2009,1023,2,7,473.44,0.9822364,RJ,TROPICAL / HOT / SEMI-HUMID,1,0,1
2/15/2009,1023,2,1,250.98,0.97999841,RJ,TROPICAL / HOT / SEMI-HUMID,1,0,1
2/16/2009,1023,2,2,309.22,0.97813854,RJ,TROPICAL / HOT / SEMI-HUMID,0,0,1
2/17/2009,1023,2,3,708.9,0.88592185,RJ,TROPICAL / HOT / SEMI-HUMID,1,0,1
2/18/2009,1023,2,4,507.47,0.93952352,RJ,TROPICAL / HOT / SEMI-HUMID,1,0,1
2/19/2009,1023,2,5,452.72,1.2899143,RJ,TROPICAL / HOT / SEMI-HUMID,0,0,1
2/20/2009,1023,2,6,316.46,1.19003982,RJ,TROPICAL / HOT / SEMI-HUMID,0,0,1
2/21/2009,1023,2,7,547.28,1.18993934,RJ,TROPICAL / HOT / SEMI-HUMID,0,0,1
2/22/2009,1023,2,1,194.12,1.18993406,RJ,TROPICAL / HOT / SEMI-HUMID,0,0,1
2/23/2009,1023,2,2,452.29,1.19001083,RJ,TROPICAL / HOT / SEMI-HUMID,0,0,1
2/24/2009,1023,2,3,188.59,1.19009491,RJ,TROPICAL / HOT / SEMI-HUMID,0,0,1
2/25/2009,1023,2,4,633.87,0.77880322,RJ,TROPICAL / HOT / SEMI-HUMID,1,0,1
2/26/2009,1023,2,5,544.7,1.23574445,RJ,TROPICAL / HOT / SEMI-HUMID,0,0,1
2/27/2009,1023,2,6,480.73,1.24816425,RJ,TROPICAL / HOT / SEMI-HUMID,0,0,1
2/28/2009,1023,2,7,447.85,1.24861003,RJ,TROPICAL / HOT / SEMI-HUMID,0,0,1
3/01/2009,1023,3,1,562.37,0.88991234,RJ,TROPICAL / HOT / SEMI-HUMID,0,0,1
3/02/2009,1023,3,2,714.4,0.88882979,RJ,TROPICAL / HOT / SEMI-HUMID,1,0,1
3/03/2009,1023,3,3,597.34,1.23345164,RJ,TROPICAL / HOT / SEMI-HUMID,0,0,1
3/04/2009,1023,3,4,352.54,1.19986385,RJ,TROPICAL / HOT / SEMI-HUMID,0,0,1
3/05/2009,1023,3,5,397.45,0.98009813,RJ,TROPICAL / HOT / SEMI-HUMID,1,0,1
3/06/2009,1023,3,6,532.24,0.8786074,RJ,TROPICAL / HOT / SEMI-HUMID,1,0,1
3/07/2009,1023,3,7,377.17,0.99013707,RJ,TROPICAL / HOT / SEMI-HUMID,0,0,1
3/08/2009,1023,3,1,303.3,1.19004286,RJ,TROPICAL / HOT / SEMI-HUMID,0,0,1
3/13/2009,1023,3,6,417.99,1.1899567,RJ,TROPICAL / HOT / SEMI-HUMID,0,0,1
3/14/2009,1023,3,7,479.87,1.18607123,RJ,TROPICAL / HOT / SEMI-HUMID,0,0,1
3/15/2009,1023,3,1,254.18,1.18978677,RJ,TROPICAL / HOT / SEMI-HUMID,0,0,1
3/16/2009,1023,3,2,475.26,1.18764466,RJ,TROPICAL / HOT / SEMI-HUMID,0,0,1
3/17/2009,1023,3,3,1491.22,0.6800338,RJ,TROPICAL / HOT / SEMI-HUMID,1,0,1
3/18/2009,1023,3,4,328.56,1.18803263,RJ,TROPICAL / HOT / SEMI-HUMID,0,0,1
3/19/2009,1023,3,5,463.28,1.18908651,RJ,TROPICAL / HOT / SEMI-HUMID,1,0,1
3/20/2009,1023,3,6,440.88,1.19009708,RJ,TROPICAL / HOT / SEMI-HUMID,1,0,1
3/21/2009,1023,3,7,407.6,1.38994112,RJ,TROPICAL / HOT / SEMI-HUMID,0,0,1
3/22/2009,1023,3,1,202.22,1.39002077,RJ,TROPICAL / HOT / SEMI-HUMID,0,0,1
3/23/2009,1023,3,2,308.54,1.39009529,RJ,TROPICAL / HOT / SEMI-HUMID,0,0,1
3/24/2009,1023,3,3,1031.62,0.6799209,RJ,TROPICAL / HOT / SEMI-HUMID,1,0,1
3/25/2009,1023,3,4,468.74,1.14684047,RJ,TROPICAL / HOT / SEMI-HUMID,0,0,1
3/26/2009,1023,3,5,397.49,1.19006767,RJ,TROPICAL / HOT / SEMI-HUMID,0,0,1
3/27/2009,1023,3,6,387.78,1.18992728,RJ,TROPICAL / HOT / SEMI-HUMID,0,0,1
3/28/2009,1023,3,7,497.23,1.18985178,RJ,TROPICAL / HOT / SEMI-HUMID,0,0,1
3/29/2009,1023,3,1,279.22,1.18995774,RJ,TROPICAL / HOT / SEMI-HUMID,0,0,1
3/30/2009,1023,3,2,380.87,1.19001234,RJ,TROPICAL / HOT / SEMI-HUMID,0,0,1
3/31/2009,1023,3,3,1035.04,0.65003285,RJ,TROPICAL / HOT / SEMI-HUMID,1,0,1
4/01/2009,1023,4,4,382.17,0.8901536,RJ,TROPICAL / HOT / SEMI-HUMID,0,0,1
4/02/2009,1023,4,5,423.55,0.88841931,RJ,TROPICAL / HOT / SEMI-HUMID,1,0,1
4/03/2009,1023,4,6,465.78,1.2242475,RJ,TROPICAL / HOT / SEMI-HUMID,0,0,1
4/04/2009,1023,4,7,550.67,1.05987252,RJ,TROPICAL / HOT / SEMI-HUMID,0,0,1
4/05/2009,1023,4,1,328.85,1.28991942,RJ,TROPICAL / HOT / SEMI-HUMID,0,0,1
4/06/2009,1023,4,2,355.69,1.28991538,RJ,TROPICAL / HOT / SEMI-HUMID,0,0,1
4/07/2009,1023,4,3,336.51,1.05004309,RJ,TROPICAL / HOT / SEMI-HUMID,0,0,1
4/08/2009,1023,4,4,1438.97,0.58001209,RJ,TROPICAL / HOT / SEMI-HUMID,1,0,1
4/13/2009,1023,4,2,384.38,0.98987981,RJ,TROPICAL / HOT / SEMI-HUMID,0,0,1
4/14/2009,1023,4,3,694.56,0.98554481,RJ,TROPICAL / HOT / SEMI-HUMID,0,0,1
4/15/2009,1023,4,4,368.19,0.91564138,RJ,TROPICAL / HOT / SEMI-HUMID,1,0,1
4/16/2009,1023,4,5,290.52,0.98981137,RJ,TROPICAL / HOT / SEMI-HUMID,0,0,1
4/17/2009,1023,4,6,331.21,1.24999245,RJ,TROPICAL / HOT / SEMI-HUMID,0,0,1
4/18/2009,1023,4,7,498.15,0.98998294,RJ,TROPICAL / HOT / SEMI-HUMID,0,0,1
4/19/2009,1023,4,1,348.09,0.99014623,RJ,TROPICAL / HOT / SEMI-HUMID,0,0,1
4/20/2009,1023,4,2,427.6,0.98999065,RJ,TROPICAL / HOT / SEMI-HUMID,0,0,1
4/21/2009,1023,4,3,404.99,1.38215758,RJ,TROPICAL / HOT / SEMI-HUMID,0,0,1
4/22/2009,1023,4,4,390.05,1.37664402,RJ,TROPICAL / HOT / SEMI-HUMID,0,0,1
4/23/2009,1023,4,5,359.74,1.39000389,RJ,TROPICAL / HOT / SEMI-HUMID,0,0,1
4/24/2009,1023,4,6,299.82,1.38966713,RJ,TROPICAL / HOT / SEMI-HUMID,0,0,1
4/25/2009,1023,4,7,331.59,1.28432703,RJ,TROPICAL / HOT / SEMI-HUMID,0,0,1
4/26/2009,1023,4,1,222.58,1.28996316,RJ,TROPICAL / HOT / SEMI-HUMID,0,0,1
4/27/2009,1023,4,2,356.5,1.29009818,RJ,TROPICAL / HOT / SEMI-HUMID,0,0,1
4/28/2009,1023,4,3,745.92,0.73967718,RJ,TROPICAL / HOT / SEMI-HUMID,1,0,1
4/29/2009,1023,4,4,429.83,0.96386944,RJ,TROPICAL / HOT / SEMI-HUMID,1,0,1
4/30/2009,1023,4,5,366.78,1.2883745,RJ,TROPICAL / HOT / SEMI-HUMID,0,0,1
5/01/2009,1023,5,6,497.88,0.88997349,RJ,TROPICAL / HOT / SEMI-HUMID,0,0,1
5/02/2009,1023,5,7,421.98,1.1900327,RJ,TROPICAL / HOT / SEMI-HUMID,0,0,1
5/03/2009,1023,5,1,377.17,1.24986081,RJ,TROPICAL / HOT / SEMI-HUMID,0,0,1
5/04/2009,1023,5,2,318.28,1.06001005,RJ,TROPICAL / HOT / SEMI-HUMID,0,0,1
5/05/2009,1023,5,3,2351.8,0.47996003,RJ,TROPICAL / HOT / SEMI-HUMID,1,0,1
5/06/2009,1023,5,4,379.71,0.97977404,RJ,TROPICAL / HOT / SEMI-HUMID,1,0,1
5/07/2009,1023,5,5,284.32,1.05011958,RJ,TROPICAL / HOT / SEMI-HUMID,0,0,1
5/08/2009,1023,5,6,403.47,1.12692393,RJ,TROPICAL / HOT / SEMI-HUMID,1,0,1
5/13/2009,1023,5,4,438.35,0.9318581,RJ,TROPICAL / HOT / SEMI-HUMID,1,0,1
5/14/2009,1023,5,5,529.03,0.94994613,RJ,TROPICAL / HOT / SEMI-HUMID,0,0,1
5/15/2009,1023,5,6,341.47,1.38990248,RJ,TROPICAL / HOT / SEMI-HUMID,0,0,1
5/16/2009,1023,5,7,468.62,1.38647518,RJ,TROPICAL / HOT / SEMI-HUMID,0,0,1
5/17/2009,1023,5,1,283.62,1.39006417,RJ,TROPICAL / HOT / SEMI-HUMID,0,0,1
5/18/2009,1023,5,2,386.47,1.45007374,RJ,TROPICAL / HOT / SEMI-HUMID,0,0,1
5/19/2009,1023,5,3,1326.81,0.59005434,RJ,TROPICAL / HOT / SEMI-HUMID,1,0,1
5/20/2009,1023,5,4,449.9,0.8588353,RJ,TROPICAL / HOT / SEMI-HUMID,1,0,1
5/21/2009,1023,5,5,342.25,1.45013879,RJ,TROPICAL / HOT / SEMI-HUMID,0,0,1
5/22/2009,1023,5,6,449.28,0.88710826,RJ,TROPICAL / HOT / SEMI-HUMID,1,0,1
5/23/2009,1023,5,7,606.84,0.88280272,RJ,TROPICAL / HOT / SEMI-HUMID,1,0,1
5/24/2009,1023,5,1,381.56,0.88997799,RJ,TROPICAL / HOT / SEMI-HUMID,1,0,1
5/25/2009,1023,5,2,427.87,0.95005492,RJ,TROPICAL / HOT / SEMI-HUMID,0,0,1
5/26/2009,1023,5,3,862.63,0.86941099,RJ,TROPICAL / HOT / SEMI-HUMID,0,0,1
5/27/2009,1023,5,4,525.91,0.87168907,RJ,TROPICAL / HOT / SEMI-HUMID,1,0,1
5/28/2009,1023,5,5,475.54,0.95016192,RJ,TROPICAL / HOT / SEMI-HUMID,0,0,1
5/29/2009,1023,5,6,439.69,0.94905502,RJ,TROPICAL / HOT / SEMI-HUMID,1,0,1
5/30/2009,1023,5,7,494.82,0.94992118,RJ,TROPICAL / HOT / SEMI-HUMID,1,0,1
5/31/2009,1023,5,1,428.55,0.95006417,RJ,TROPICAL / HOT / SEMI-HUMID,1,0,1
6/01/2009,1023,6,2,700.68,0.88822287,RJ,TROPICAL / HOT / SEMI-HUMID,0,0,1
6/02/2009,1023,6,3,468.78,1.19000384,RJ,TROPICAL / HOT / SEMI-HUMID,0,0,1
6/03/2009,1023,6,4,499.43,1.18995655,RJ,TROPICAL / HOT / SEMI-HUMID,0,0,1
6/04/2009,1023,6,5,405.61,1.05988511,RJ,TROPICAL / HOT / SEMI-HUMID,0,0,1
6/05/2009,1023,6,6,688.61,0.78519046,RJ,TROPICAL / HOT / SEMI-HUMID,1,0,1
6/06/2009,1023,6,7,543.04,0.88991603,RJ,TROPICAL / HOT / SEMI-HUMID,1,0,1
6/07/2009,1023,6,1,332.43,1.05005565,RJ,TROPICAL / HOT / SEMI-HUMID,0,0,1
6/08/2009,1023,6,2,442.66,0.78992907,RJ,TROPICAL / HOT / SEMI-HUMID,0,0,1
6/13/2009,1023,6,7,438.44,0.78991424,RJ,TROPICAL / HOT / SEMI-HUMID,1,0,1
6/14/2009,1023,6,1,317.56,0.79002393,RJ,TROPICAL / HOT / SEMI-HUMID,1,0,1
6/15/2009,1023,6,2,338.48,0.94992319,RJ,TROPICAL / HOT / SEMI-HUMID,0,0,1
6/16/2009,1023,6,3,1048.77,0.64406877,RJ,TROPICAL / HOT / SEMI-HUMID,1,0,1
6/17/2009,1023,6,4,571.96,0.77348066,RJ,TROPICAL / HOT / SEMI-HUMID,1,0,1
6/18/2009,1023,6,5,382.79,0.95007707,RJ,TROPICAL / HOT / SEMI-HUMID,0,0,1
6/19/2009,1023,6,6,474.51,0.6899117,RJ,TROPICAL / HOT / SEMI-HUMID,1,0,1
6/20/2009,1023,6,7,486.83,0.68997391,RJ,TROPICAL / HOT / SEMI-HUMID,1,0,1
6/21/2009,1023,6,1,439.78,0.69000409,RJ,TROPICAL / HOT / SEMI-HUMID,1,0,1
6/22/2009,1023,6,2,289.81,1.18995204,RJ,TROPICAL / HOT / SEMI-HUMID,0,0,1
6/23/2009,1023,6,3,961.61,0.63566311,RJ,TROPICAL / HOT / SEMI-HUMID,1,0,1
6/24/2009,1023,6,4,388.15,0.98727296,RJ,TROPICAL / HOT / SEMI-HUMID,1,0,1
6/25/2009,1023,6,5,292.92,1.18462379,RJ,TROPICAL / HOT / SEMI-HUMID,0,0,1
6/27/2009,1023,6,7,430.59,0.89017395,RJ,TROPICAL / HOT / SEMI-HUMID,0,0,1
6/28/2009,1023,6,1,339.34,0.89002181,RJ,TROPICAL / HOT / SEMI-HUMID,0,0,1
6/29/2009,1023,6,2,386.64,0.8900269,RJ,TROPICAL / HOT / SEMI-HUMID,0,0,1
7/01/2009,1023,7,4,659.1,0.84729176,RJ,TROPICAL / HOT / SEMI-HUMID,1,1,1
7/02/2009,1023,7,5,445.9,1.19002018,RJ,TROPICAL / HOT / SEMI-HUMID,0,1,1
7/03/2009,1023,7,6,472.53,1.25003703,RJ,TROPICAL / HOT / SEMI-HUMID,0,1,1
7/04/2009,1023,7,7,1273.26,0.78892763,RJ,TROPICAL / HOT / SEMI-HUMID,1,1,1
7/05/2009,1023,7,1,540.56,0.98747595,RJ,TROPICAL / HOT / SEMI-HUMID,0,1,1
7/06/2009,1023,7,2,477.91,0.89000021,RJ,TROPICAL / HOT / SEMI-HUMID,1,1,1
7/07/2009,1023,7,3,1400.11,0.63762847,RJ,TROPICAL / HOT / SEMI-HUMID,1,1,1
7/08/2009,1023,7,4,342.02,1.08847436,RJ,TROPICAL / HOT / SEMI-HUMID,0,1,1
7/13/2009,1023,7,2,331.42,1.04996681,RJ,TROPICAL / HOT / SEMI-HUMID,0,1,1
7/14/2009,1023,7,3,948.63,0.63853136,RJ,TROPICAL / HOT / SEMI-HUMID,1,1,1
7/15/2009,1023,7,4,382.57,0.78098126,RJ,TROPICAL / HOT / SEMI-HUMID,1,1,1
7/16/2009,1023,7,5,291.7,0.79016112,RJ,TROPICAL / HOT / SEMI-HUMID,0,1,1
7/17/2009,1023,7,6,268.89,0.7898769,RJ,TROPICAL / HOT / SEMI-HUMID,1,1,1
7/18/2009,1023,7,7,263.17,0.88999506,RJ,TROPICAL / HOT / SEMI-HUMID,1,1,1
7/19/2009,1023,7,1,151.62,0.89012004,RJ,TROPICAL / HOT / SEMI-HUMID,1,1,1
7/20/2009,1023,7,2,225.39,0.89041217,RJ,TROPICAL / HOT / SEMI-HUMID,0,1,1
7/21/2009,1023,7,3,975.81,0.63785983,RJ,TROPICAL / HOT / SEMI-HUMID,1,1,1
7/22/2009,1023,7,4,433.73,0.63562585,RJ,TROPICAL / HOT / SEMI-HUMID,1,1,1
7/23/2009,1023,7,5,336.13,0.68997114,RJ,TROPICAL / HOT / SEMI-HUMID,1,1,1
7/24/2009,1023,7,6,273.98,0.98802832,RJ,TROPICAL / HOT / SEMI-HUMID,0,1,1
7/25/2009,1023,7,7,394.28,1.27886274,RJ,TROPICAL / HOT / SEMI-HUMID,1,1,1
7/26/2009,1023,7,1,353.37,0.79007839,RJ,TROPICAL / HOT / SEMI-HUMID,1,1,1
7/27/2009,1023,7,2,256.23,1.27822659,RJ,TROPICAL / HOT / SEMI-HUMID,0,1,1
7/29/2009,1023,7,4,397.85,0.91818525,RJ,TROPICAL / HOT / SEMI-HUMID,0,1,1
7/30/2009,1023,7,5,270.5,0.9871719,RJ,TROPICAL / HOT / SEMI-HUMID,0,1,1
7/31/2009,1023,7,6,326.42,1.18473133,RJ,TROPICAL / HOT / SEMI-HUMID,0,1,1
8/01/2009,1023,8,7,462.78,0.98997364,RJ,TROPICAL / HOT / SEMI-HUMID,0,1,1
8/02/2009,1023,8,1,260.04,1.18993232,RJ,TROPICAL / HOT / SEMI-HUMID,0,1,1
8/03/2009,1023,8,2,300.66,1.25004989,RJ,TROPICAL / HOT / SEMI-HUMID,0,1,1
8/04/2009,1023,8,3,669.52,0.8857241,RJ,TROPICAL / HOT / SEMI-HUMID,1,1,1
8/05/2009,1023,8,4,650.51,0.889994,RJ,TROPICAL / HOT / SEMI-HUMID,1,1,1
8/06/2009,1023,8,5,391.35,0.88979175,RJ,TROPICAL / HOT / SEMI-HUMID,0,1,1
8/07/2009,1023,8,6,341.07,1.00847333,RJ,TROPICAL / HOT / SEMI-HUMID,0,1,1
8/08/2009,1023,8,7,479.71,1.18982302,RJ,TROPICAL / HOT / SEMI-HUMID,0,1,1
8/13/2009,1023,8,5,423.68,0.79010102,RJ,TROPICAL / HOT / SEMI-HUMID,0,1,1
8/14/2009,1023,8,6,292.08,0.79002328,RJ,TROPICAL / HOT / SEMI-HUMID,0,1,1
8/15/2009,1023,8,7,351.85,0.78999574,RJ,TROPICAL / HOT / SEMI-HUMID,0,1,1
8/16/2009,1023,8,1,334.87,0.79003793,RJ,TROPICAL / HOT / SEMI-HUMID,0,1,1
8/17/2009,1023,8,2,576.94,0.79003016,RJ,TROPICAL / HOT / SEMI-HUMID,0,1,1
8/18/2009,1023,8,3,1230.48,0.57996067,RJ,TROPICAL / HOT / SEMI-HUMID,1,1,1
8/19/2009,1023,8,4,283.46,1.06156071,RJ,TROPICAL / HOT / SEMI-HUMID,0,1,1
8/20/2009,1023,8,5,291.83,0.79022033,RJ,TROPICAL / HOT / SEMI-HUMID,1,1,1
8/21/2009,1023,8,6,287.97,0.78997812,RJ,TROPICAL / HOT / SEMI-HUMID,1,1,1
8/22/2009,1023,8,7,369.16,0.78976596,RJ,TROPICAL / HOT / SEMI-HUMID,1,1,1
8/23/2009,1023,8,1,230.27,0.78998567,RJ,TROPICAL / HOT / SEMI-HUMID,1,1,1
8/24/2009,1023,8,2,292.77,0.79014243,RJ,TROPICAL / HOT / SEMI-HUMID,1,1,1
8/25/2009,1023,8,3,943.64,0.57999873,RJ,TROPICAL / HOT / SEMI-HUMID,1,1,1
8/26/2009,1023,8,4,269.97,0.89591436,RJ,TROPICAL / HOT / SEMI-HUMID,1,1,1
8/27/2009,1023,8,5,290.53,1.18979107,RJ,TROPICAL / HOT / SEMI-HUMID,0,1,1
8/31/2009,1023,8,2,459.86,0.78995781,RJ,TROPICAL / HOT / SEMI-HUMID,1,1,1
9/01/2009,1023,9,3,276.07,1.15014308,RJ,TROPICAL / HOT / SEMI-HUMID,0,1,1
9/02/2009,1023,9,4,346.6,1.19001731,RJ,TROPICAL / HOT / SEMI-HUMID,0,1,1
9/03/2009,1023,9,5,337.68,1.24988154,RJ,TROPICAL / HOT / SEMI-HUMID,0,1,1
9/04/2009,1023,9,6,488.64,1.05990095,RJ,TROPICAL / HOT / SEMI-HUMID,0,1,1
9/05/2009,1023,9,7,608.26,0.89011278,RJ,TROPICAL / HOT / SEMI-HUMID,1,1,1
9/06/2009,1023,9,1,1378.99,0.64947534,RJ,TROPICAL / HOT / SEMI-HUMID,1,1,1
9/07/2009,1023,9,2,270.68,1.04983745,RJ,TROPICAL / HOT / SEMI-HUMID,0,1,1
9/08/2009,1023,9,3,210.71,1.1900242,RJ,TROPICAL / HOT / SEMI-HUMID,0,1,1
10/01/2009,1023,10,5,353.72,1.14893136,RJ,TROPICAL / HOT / SEMI-HUMID,0,1,1
10/02/2009,1023,10,6,631.11,1.18694047,RJ,TROPICAL / HOT / SEMI-HUMID,0,1,1
10/03/2009,1023,10,7,1020.94,0.88141321,RJ,TROPICAL / HOT / SEMI-HUMID,1,1,1
10/04/2009,1023,10,1,462.56,0.99005534,RJ,TROPICAL / HOT / SEMI-HUMID,0,1,1
10/05/2009,1023,10,2,242.93,0.89013296,RJ,TROPICAL / HOT / SEMI-HUMID,1,1,1
10/06/2009,1023,10,3,686.98,0.78487001,RJ,TROPICAL / HOT / SEMI-HUMID,1,1,1
10/07/2009,1023,10,4,243.73,1.05026053,RJ,TROPICAL / HOT / SEMI-HUMID,0,1,1
10/08/2009,1023,10,5,311.13,1.18358885,RJ,TROPICAL / HOT / SEMI-HUMID,0,1,1
11/01/2009,1023,11,1,342.45,1.1499197,RJ,TROPICAL / HOT / SEMI-HUMID,0,1,1
11/02/2009,1023,11,2,604.93,0.87724199,RJ,TROPICAL / HOT / SEMI-HUMID,1,1,1
11/03/2009,1023,11,3,485.6,0.96433278,RJ,TROPICAL / HOT / SEMI-HUMID,1,1,1
11/04/2009,1023,11,4,469.05,0.99006503,RJ,TROPICAL / HOT / SEMI-HUMID,0,1,1
11/05/2009,1023,11,5,459.49,0.94718057,RJ,TROPICAL / HOT / SEMI-HUMID,0,1,1
11/06/2009,1023,11,6,408.71,0.9899929,RJ,TROPICAL / HOT / SEMI-HUMID,0,1,1
11/07/2009,1023,11,7,261.48,1.0499847,RJ,TROPICAL / HOT / SEMI-HUMID,0,1,1
11/08/2009,1023,11,1,1152.26,0.73549373,RJ,TROPICAL / HOT / SEMI-HUMID,1,1,1
12/01/2009,1023,12,3,382.94,1.1500235,RJ,TROPICAL / HOT / SEMI-HUMID,0,1,1
12/02/2009,1023,12,4,283.65,1.19002292,RJ,TROPICAL / HOT / SEMI-HUMID,0,1,1
12/03/2009,1023,12,5,362.05,1.24993785,RJ,TROPICAL / HOT / SEMI-HUMID,0,1,1
12/04/2009,1023,12,6,226.12,0.98991686,RJ,TROPICAL / HOT / SEMI-HUMID,0,1,1
12/05/2009,1023,12,7,463.24,1.31204127,RJ,TROPICAL / HOT / SEMI-HUMID,0,1,1
12/06/2009,1023,12,1,400.53,0.78990338,RJ,TROPICAL / HOT / SEMI-HUMID,1,1,1
12/07/2009,1023,12,2,201.82,1.04999505,RJ,TROPICAL / HOT / SEMI-HUMID,0,1,1
12/08/2009,1023,12,3,511.58,0.57768091,RJ,TROPICAL / HOT / SEMI-HUMID,1,1,1
1/07/2008,1031,1,2,160.27,1.36619455,SP,TEMPERED / HUMID,0,0,0
1/08/2008,1031,1,3,84.83,1.17222681,SP,TEMPERED / HUMID,0,0,0
1/09/2008,1031,1,4,106.29,1.39025308,SP,TEMPERED / HUMID,0,0,0
1/10/2008,1031,1,5,3789.51,0.36997659,SP,TEMPERED / HUMID,0,0,0
1/11/2008,1031,1,6,220.46,1.27633131,SP,TEMPERED / HUMID,0,0,0
1/12/2008,1031,1,7,93.86,1.18069465,SP,TEMPERED / HUMID,0,0,0
2/07/2008,1031,2,5,1104.51,0.54969172,SP,TEMPERED / HUMID,1,0,0
2/08/2008,1031,2,6,182.75,1.28273598,SP,TEMPERED / HUMID,0,0,0
2/09/2008,1031,2,7,76.63,1.19809474,SP,TEMPERED / HUMID,0,0,0
2/10/2008,1031,2,1,163.47,0.88994923,SP,TEMPERED / HUMID,0,0,0
2/11/2008,1031,2,2,183.09,1.27494675,SP,TEMPERED / HUMID,0,0,0
2/12/2008,1031,2,3,101.08,1.19044321,SP,TEMPERED / HUMID,0,0,0
3/07/2008,1031,3,6,46.81,0.98974578,SP,TEMPERED / HUMID,1,0,0
3/08/2008,1031,3,7,179.21,1.27040902,SP,TEMPERED / HUMID,0,0,0
3/09/2008,1031,3,1,353.15,0.77417528,SP,TEMPERED / HUMID,1,0,0
3/10/2008,1031,3,2,223.32,0.9111141,SP,TEMPERED / HUMID,0,0,0
3/11/2008,1031,3,3,144.77,1.20059405,SP,TEMPERED / HUMID,0,0,0
3/12/2008,1031,3,4,1173.29,0.59003315,SP,TEMPERED / HUMID,1,0,0
4/07/2008,1031,4,2,90.74,1.34968041,SP,TEMPERED / HUMID,0,0,0
4/08/2008,1031,4,3,66.8,1.28997006,SP,TEMPERED / HUMID,0,0,0
4/09/2008,1031,4,4,60.79,1.22914953,SP,TEMPERED / HUMID,0,0,0
4/10/2008,1031,4,5,398.79,0.9898192,SP,TEMPERED / HUMID,0,0,0
4/11/2008,1031,4,6,138.3,1.25741142,SP,TEMPERED / HUMID,0,0,0
5/07/2008,1031,5,4,118.12,1.33897731,SP,TEMPERED / HUMID,0,0,0
5/08/2008,1031,5,5,81.11,1.37036124,SP,TEMPERED / HUMID,0,0,0
5/09/2008,1031,5,6,237.96,0.78029921,SP,TEMPERED / HUMID,1,0,0
5/10/2008,1031,5,7,264.03,0.99000114,SP,TEMPERED / HUMID,0,0,0
5/11/2008,1031,5,1,893.56,0.75615515,SP,TEMPERED / HUMID,1,0,0
5/12/2008,1031,5,2,233.81,0.69004747,SP,TEMPERED / HUMID,1,0,0
6/07/2008,1031,6,7,132.15,1.35043511,SP,TEMPERED / HUMID,0,0,0
