mode/oranges.csv
Sales_Date,Store,Month,Weekday,Sales,Unit_Price,State,Climate,Promo,Test20t,Test50t
6/08/2008,1031,6,1,429.18,0.85234633,SP,TEMPERED / HUMID,1,0,0
6/09/2008,1031,6,2,421.22,0.78013864,SP,TEMPERED / HUMID,1,0,0
6/10/2008,1031,6,3,98.92,0.98978973,SP,TEMPERED / HUMID,0,0,0
6/11/2008,1031,6,4,238.15,0.87994961,SP,TEMPERED / HUMID,0,0,0
6/12/2008,1031,6,5,525.91,0.69009907,SP,TEMPERED / HUMID,1,0,0
7/07/2008,1031,7,2,70.19,1.34976492,SP,TEMPERED / HUMID,0,0,0
7/08/2008,1031,7,3,48.05,1.39042664,SP,TEMPERED / HUMID,0,0,0
7/09/2008,1031,7,4,222.47,0.78006023,SP,TEMPERED / HUMID,1,0,0
7/10/2008,1031,7,5,96.37,1.26429387,SP,TEMPERED / HUMID,0,0,0
7/11/2008,1031,7,6,251.22,0.78994507,SP,TEMPERED / HUMID,1,0,0
7/12/2008,1031,7,7,382.82,0.69008934,SP,TEMPERED / HUMID,1,0,0
7/13/2008,1031,7,1,110.59,1.09015282,SP,TEMPERED / HUMID,0,0,0
7/14/2008,1031,7,2,104.69,1.08969338,SP,TEMPERED / HUMID,0,0,0
7/15/2008,1031,7,3,85.82,1.195409,SP,TEMPERED / HUMID,0,0,0
7/16/2008,1031,7,4,719.6,0.83078099,SP,TEMPERED / HUMID,1,0,0
7/17/2008,1031,7,5,65.37,1.2900413,SP,TEMPERED / HUMID,0,0,0
7/18/2008,1031,7,6,66.62,1.25022516,SP,TEMPERED / HUMID,0,0,0
7/19/2008,1031,7,7,132.17,1.29023228,SP,TEMPERED / HUMID,0,0,0
7/20/2008,1031,7,1,111.02,1.28508377,SP,TEMPERED / HUMID,0,0,0
7/21/2008,1031,7,2,82.88,1.28945463,SP,TEMPERED / HUMID,0,0,0
7/22/2008,1031,7,3,82.21,1.16178081,SP,TEMPERED / HUMID,0,0,0
7/23/2008,1031,7,4,261.59,1.20126916,SP,TEMPERED / HUMID,0,0,0
7/24/2008,1031,7,5,133.41,1.2721685,SP,TEMPERED / HUMID,0,0,0
7/25/2008,1031,7,6,106.2,1.24971751,SP,TEMPERED / HUMID,0,0,0
7/26/2008,1031,7,7,227.75,1.28008782,SP,TEMPERED / HUMID,0,0,0
7/27/2008,1031,7,1,131.73,1.23950505,SP,TEMPERED / HUMID,0,0,0
7/28/2008,1031,7,2,105.84,1.2797619,SP,TEMPERED / HUMID,0,0,0
7/29/2008,1031,7,3,77.7,1.33359073,SP,TEMPERED / HUMID,0,0,0
7/30/2008,1031,7,4,711.61,0.67608662,SP,TEMPERED / HUMID,1,0,0
7/31/2008,1031,7,5,66.57,1.29022082,SP,TEMPERED / HUMID,0,0,0
8/07/2008,1031,8,5,99.49,1.31359936,SP,TEMPERED / HUMID,0,0,0
8/08/2008,1031,8,6,87.7,1.18996579,SP,TEMPERED / HUMID,0,0,0
8/09/2008,1031,8,7,125.63,0.98997055,SP,TEMPERED / HUMID,0,0,0
8/10/2008,1031,8,1,243.92,0.88779108,SP,TEMPERED / HUMID,0,0,0
8/11/2008,1031,8,2,503.3,0.78837671,SP,TEMPERED / HUMID,1,0,0
8/12/2008,1031,8,3,209.39,0.78996132,SP,TEMPERED / HUMID,1,0,0
8/13/2008,1031,8,4,216.24,1.2240566,SP,TEMPERED / HUMID,0,0,0
8/14/2008,1031,8,5,125.59,1.18982403,SP,TEMPERED / HUMID,0,0,0
8/15/2008,1031,8,6,93.11,1.19041993,SP,TEMPERED / HUMID,0,0,0
8/16/2008,1031,8,7,163.77,1.19002259,SP,TEMPERED / HUMID,0,0,0
8/17/2008,1031,8,1,101.87,1.17600864,SP,TEMPERED / HUMID,0,0,0
8/18/2008,1031,8,2,107.57,1.19048062,SP,TEMPERED / HUMID,0,0,0
8/19/2008,1031,8,3,112.52,1.33611802,SP,TEMPERED / HUMID,0,0,0
8/20/2008,1031,8,4,269.21,1.3104268,SP,TEMPERED / HUMID,0,0,0
8/21/2008,1031,8,5,93.39,1.39019167,SP,TEMPERED / HUMID,0,0,0
8/22/2008,1031,8,6,121.68,1.37836949,SP,TEMPERED / HUMID,0,0,0
8/23/2008,1031,8,7,248.31,1.39035883,SP,TEMPERED / HUMID,0,0,0
8/24/2008,1031,8,1,89.06,1.39007411,SP,TEMPERED / HUMID,0,0,0
8/25/2008,1031,8,2,75.14,1.39047112,SP,TEMPERED / HUMID,0,0,0
8/26/2008,1031,8,3,31.62,1.15781151,SP,TEMPERED / HUMID,0,0,0
8/27/2008,1031,8,4,1204.13,0.66970344,SP,TEMPERED / HUMID,1,0,0
8/28/2008,1031,8,5,129.42,0.74972956,SP,TEMPERED / HUMID,1,0,0
8/29/2008,1031,8,6,53.17,1.07447809,SP,TEMPERED / HUMID,0,0,0
8/30/2008,1031,8,7,114.79,1.38975521,SP,TEMPERED / HUMID,0,0,0
8/31/2008,1031,8,1,76.13,1.39038487,SP,TEMPERED / HUMID,0,0,0
9/07/2008,1031,9,1,477.83,0.55779252,SP,TEMPERED / HUMID,0,0,0
9/08/2008,1031,9,2,127.31,1.19008719,SP,TEMPERED / HUMID,0,0,0
9/09/2008,1031,9,3,104.46,1.16188015,SP,TEMPERED / HUMID,0,0,0
9/10/2008,1031,9,4,136.68,1.18195786,SP,TEMPERED / HUMID,0,0,0
9/11/2008,1031,9,5,281,0.79010676,SP,TEMPERED / HUMID,1,0,0
9/12/2008,1031,9,6,132.46,1.18971765,SP,TEMPERED / HUMID,0,0,0
9/13/2008,1031,9,7,172.26,1.13671195,SP,TEMPERED / HUMID,0,0,0
9/14/2008,1031,9,1,78.16,1.18999488,SP,TEMPERED / HUMID,0,0,0
9/15/2008,1031,9,2,59.31,1.19035576,SP,TEMPERED / HUMID,0,0,0
9/16/2008,1031,9,3,70.94,1.29024528,SP,TEMPERED / HUMID,0,0,0
9/17/2008,1031,9,4,2156.17,0.480041,SP,TEMPERED / HUMID,1,0,0
9/18/2008,1031,9,5,137.11,0.75020057,SP,TEMPERED / HUMID,1,0,0
9/19/2008,1031,9,6,169.58,0.99021111,SP,TEMPERED / HUMID,0,0,0
9/20/2008,1031,9,7,201.83,1.28994699,SP,TEMPERED / HUMID,0,0,0
9/21/2008,1031,9,1,181.74,1.27792451,SP,TEMPERED / HUMID,0,0,0
9/22/2008,1031,9,2,127.55,1.28984712,SP,TEMPERED / HUMID,0,0,0
9/23/2008,1031,9,3,142.52,1.14615493,SP,TEMPERED / HUMID,0,0,0
9/24/2008,1031,9,4,1965.34,0.48000346,SP,TEMPERED / HUMID,1,0,0
9/25/2008,1031,9,5,215.1,0.78912134,SP,TEMPERED / HUMID,1,0,0
9/26/2008,1031,9,6,114.43,1.08983658,SP,TEMPERED / HUMID,0,0,0
9/27/2008,1031,9,7,141.66,1.16158407,SP,TEMPERED / HUMID,0,0,0
9/28/2008,1031,9,1,96,1.1796875,SP,TEMPERED / HUMID,0,0,0
9/29/2008,1031,9,2,88.03,1.18027945,SP,TEMPERED / HUMID,0,0,0
9/30/2008,1031,9,3,74.71,1.17976175,SP,TEMPERED / HUMID,0,0,0
10/07/2008,1031,10,3,74.75,1.29565217,SP,TEMPERED / HUMID,0,0,0
10/08/2008,1031,10,4,109.04,1.18983859,SP,TEMPERED / HUMID,0,0,0
10/09/2008,1031,10,5,163.95,1.22720342,SP,TEMPERED / HUMID,0,0,0
10/10/2008,1031,10,6,92.29,1.19016145,SP,TEMPERED / HUMID,0,0,0
10/11/2008,1031,10,7,91.75,1.18997275,SP,TEMPERED / HUMID,0,0,0
10/12/2008,1031,10,1,988.84,0.84999595,SP,TEMPERED / HUMID,1,0,0
10/13/2008,1031,10,2,105.51,1.18983983,SP,TEMPERED / HUMID,0,0,0
10/14/2008,1031,10,3,107.73,1.18230762,SP,TEMPERED / HUMID,0,0,0
10/15/2008,1031,10,4,924.15,0.74615593,SP,TEMPERED / HUMID,1,0,0
10/16/2008,1031,10,5,102.15,1.19001468,SP,TEMPERED / HUMID,0,0,0
10/17/2008,1031,10,6,64.84,1.08960518,SP,TEMPERED / HUMID,0,0,0
10/18/2008,1031,10,7,141.22,1.08256621,SP,TEMPERED / HUMID,0,0,0
10/19/2008,1031,10,1,159.75,1.09020344,SP,TEMPERED / HUMID,0,0,0
10/20/2008,1031,10,2,94.98,1.09001895,SP,TEMPERED / HUMID,0,0,0
10/21/2008,1031,10,3,87.11,1.24956951,SP,TEMPERED / HUMID,0,0,0
10/22/2008,1031,10,4,918.79,0.74954016,SP,TEMPERED / HUMID,1,0,0
10/23/2008,1031,10,5,101.89,1.17528707,SP,TEMPERED / HUMID,0,0,0
10/24/2008,1031,10,6,80.11,1.18973911,SP,TEMPERED / HUMID,0,0,0
10/25/2008,1031,10,7,248.94,1.18767575,SP,TEMPERED / HUMID,0,0,0
10/26/2008,1031,10,1,221.78,1.19014339,SP,TEMPERED / HUMID,0,0,0
10/27/2008,1031,10,2,163.04,1.18633464,SP,TEMPERED / HUMID,0,0,0
10/28/2008,1031,10,3,63.49,1.09025043,SP,TEMPERED / HUMID,0,0,0
10/29/2008,1031,10,4,836.42,0.86815236,SP,TEMPERED / HUMID,1,0,0
10/30/2008,1031,10,5,132.56,1.0844146,SP,TEMPERED / HUMID,0,0,0
10/31/2008,1031,10,6,89.7,1.19007804,SP,TEMPERED / HUMID,0,0,0
11/07/2008,1031,11,6,87.8,1.08507973,SP,TEMPERED / HUMID,0,0,0
11/08/2008,1031,11,7,115.78,1.18967006,SP,TEMPERED / HUMID,0,0,0
11/09/2008,1031,11,1,35.36,1.19004525,SP,TEMPERED / HUMID,0,0,0
11/10/2008,1031,11,2,169.61,1.19020105,SP,TEMPERED / HUMID,0,0,0
11/11/2008,1031,11,3,71.11,1.2797075,SP,TEMPERED / HUMID,0,0,0
11/12/2008,1031,11,4,167.33,1.14988346,SP,TEMPERED / HUMID,0,0,0
11/13/2008,1031,11,5,125.5,1.22812749,SP,TEMPERED / HUMID,0,0,0
11/14/2008,1031,11,6,81.42,1.2247605,SP,TEMPERED / HUMID,0,0,0
11/15/2008,1031,11,7,165.99,1.27971565,SP,TEMPERED / HUMID,0,0,0
11/16/2008,1031,11,1,142.89,1.2800056,SP,TEMPERED / HUMID,0,0,0
11/17/2008,1031,11,2,93.97,1.28008939,SP,TEMPERED / HUMID,0,0,0
11/18/2008,1031,11,3,64.04,1.15334166,SP,TEMPERED / HUMID,0,0,0
11/19/2008,1031,11,4,1658,0.58996984,SP,TEMPERED / HUMID,1,0,0
11/20/2008,1031,11,5,228.1,1.2789566,SP,TEMPERED / HUMID,0,0,0
11/21/2008,1031,11,6,133.56,1.28998203,SP,TEMPERED / HUMID,0,0,0
11/22/2008,1031,11,7,325.23,0.79008702,SP,TEMPERED / HUMID,1,0,0
11/23/2008,1031,11,1,220.42,0.78981036,SP,TEMPERED / HUMID,0,0,0
11/24/2008,1031,11,2,206.01,0.78981603,SP,TEMPERED / HUMID,1,0,0
11/25/2008,1031,11,3,103.67,1.21250121,SP,TEMPERED / HUMID,0,0,0
11/26/2008,1031,11,4,606.33,0.86101628,SP,TEMPERED / HUMID,1,0,0
11/27/2008,1031,11,5,184.75,0.86652233,SP,TEMPERED / HUMID,1,0,0
11/28/2008,1031,11,6,251.53,0.82590546,SP,TEMPERED / HUMID,1,0,0
11/29/2008,1031,11,7,301.36,0.78985267,SP,TEMPERED / HUMID,1,0,0
11/30/2008,1031,11,1,249.75,0.78922923,SP,TEMPERED / HUMID,1,0,0
12/07/2008,1031,12,1,135.94,1.0883478,SP,TEMPERED / HUMID,0,0,0
12/08/2008,1031,12,2,100.03,1.21163651,SP,TEMPERED / HUMID,0,0,0
12/09/2008,1031,12,3,58.59,0.97986004,SP,TEMPERED / HUMID,0,0,0
12/10/2008,1031,12,4,160.55,1.15963874,SP,TEMPERED / HUMID,0,0,0
12/11/2008,1031,12,5,1013.48,0.86791057,SP,TEMPERED / HUMID,1,0,0
12/12/2008,1031,12,6,123.62,0.69026048,SP,TEMPERED / HUMID,1,0,0
12/13/2008,1031,12,7,53.2,1.15,SP,TEMPERED / HUMID,0,0,0
12/14/2008,1031,12,1,62.96,1.15025413,SP,TEMPERED / HUMID,0,0,0
12/15/2008,1031,12,2,42.61,1.1499648,SP,TEMPERED / HUMID,0,0,0
12/16/2008,1031,12,3,94.01,1.27614084,SP,TEMPERED / HUMID,0,0,0
12/17/2008,1031,12,4,549.16,0.8683808,SP,TEMPERED / HUMID,1,0,0
12/18/2008,1031,12,5,123.09,1.29011293,SP,TEMPERED / HUMID,0,0,0
12/19/2008,1031,12,6,102.68,1.28992988,SP,TEMPERED / HUMID,0,0,0
12/20/2008,1031,12,7,114.95,1.38851675,SP,TEMPERED / HUMID,0,0,0
12/21/2008,1031,12,1,168.48,0.78988604,SP,TEMPERED / HUMID,1,0,0
12/22/2008,1031,12,2,167.17,0.79033319,SP,TEMPERED / HUMID,1,0,0
12/23/2008,1031,12,3,214.7,1.28416395,SP,TEMPERED / HUMID,0,0,0
12/24/2008,1031,12,4,97.94,1.28956504,SP,TEMPERED / HUMID,0,0,0
12/26/2008,1031,12,6,110.5,1.28968326,SP,TEMPERED / HUMID,0,0,0
12/27/2008,1031,12,7,172.79,1.25018809,SP,TEMPERED / HUMID,0,0,0
12/28/2008,1031,12,1,113.41,1.29045058,SP,TEMPERED / HUMID,0,0,0
12/29/2008,1031,12,2,156.4,0.96732737,SP,TEMPERED / HUMID,0,0,0
12/30/2008,1031,12,3,269.18,0.88539267,SP,TEMPERED / HUMID,1,0,0
12/31/2008,1031,12,4,154.07,0.88894658,SP,TEMPERED / HUMID,1,0,0
1/02/2009,1031,1,6,294.61,1.18997997,SP,TEMPERED / HUMID,0,0,0
1/03/2009,1031,1,7,92.23,1.23300445,SP,TEMPERED / HUMID,0,0,0
1/04/2009,1031,1,1,445.13,1.00927819,SP,TEMPERED / HUMID,1,0,0
1/05/2009,1031,1,2,295.19,1.29580948,SP,TEMPERED / HUMID,0,0,0
1/06/2009,1031,1,3,216.44,1.37386805,SP,TEMPERED / HUMID,0,0,0
1/07/2009,1031,1,4,1008.32,0.73289234,SP,TEMPERED / HUMID,1,0,0
1/08/2009,1031,1,5,65.47,0.98029632,SP,TEMPERED / HUMID,0,0,0
1/13/2009,1031,1,3,152.55,1.19010161,SP,TEMPERED / HUMID,0,0,0
1/14/2009,1031,1,4,709.25,0.84885442,SP,TEMPERED / HUMID,1,0,0
1/15/2009,1031,1,5,147.13,1.17399579,SP,TEMPERED / HUMID,0,0,0
1/16/2009,1031,1,6,126.66,1.18166746,SP,TEMPERED / HUMID,0,0,0
1/17/2009,1031,1,7,322.98,1.18991888,SP,TEMPERED / HUMID,0,0,0
1/18/2009,1031,1,1,217.25,1.18789413,SP,TEMPERED / HUMID,0,0,0
1/19/2009,1031,1,2,153.14,1.1661225,SP,TEMPERED / HUMID,0,0,0
1/20/2009,1031,1,3,123.93,1.18510449,SP,TEMPERED / HUMID,0,0,0
1/21/2009,1031,1,4,774.98,0.78758162,SP,TEMPERED / HUMID,1,0,0
1/22/2009,1031,1,5,105.95,1.1827277,SP,TEMPERED / HUMID,0,0,0
1/23/2009,1031,1,6,167.63,1.19006144,SP,TEMPERED / HUMID,0,0,0
1/24/2009,1031,1,7,272.65,1.18936365,SP,TEMPERED / HUMID,0,0,0
1/25/2009,1031,1,1,207.69,1.18826135,SP,TEMPERED / HUMID,0,0,0
1/26/2009,1031,1,2,151.02,1.19010727,SP,TEMPERED / HUMID,0,0,1
1/27/2009,1031,1,3,156.25,1.160512,SP,TEMPERED / HUMID,0,0,1
1/28/2009,1031,1,4,891.01,0.72412206,SP,TEMPERED / HUMID,1,0,1
1/29/2009,1031,1,5,147.75,0.97624365,SP,TEMPERED / HUMID,0,0,1
1/30/2009,1031,1,6,103.65,1.18996623,SP,TEMPERED / HUMID,0,0,1
1/31/2009,1031,1,7,103.47,1.19010341,SP,TEMPERED / HUMID,0,0,1
2/01/2009,1031,2,1,211.25,0.97983432,SP,TEMPERED / HUMID,0,0,1
2/02/2009,1031,2,2,127.37,1.18960509,SP,TEMPERED / HUMID,0,0,1
2/03/2009,1031,2,3,24.75,1.25090909,SP,TEMPERED / HUMID,0,0,1
2/04/2009,1031,2,4,106.91,1.24356936,SP,TEMPERED / HUMID,0,0,1
2/05/2009,1031,2,5,242.24,1.38028402,SP,TEMPERED / HUMID,0,0,1
2/06/2009,1031,2,6,195.97,1.36235138,SP,TEMPERED / HUMID,0,0,1
2/07/2009,1031,2,7,144.38,1.17578612,SP,TEMPERED / HUMID,0,0,1
2/08/2009,1031,2,1,207.56,0.97986124,SP,TEMPERED / HUMID,0,0,1
2/13/2009,1031,2,6,197.61,1.10262639,SP,TEMPERED / HUMID,0,0,1
2/14/2009,1031,2,7,139.37,1.24940805,SP,TEMPERED / HUMID,0,0,1
2/15/2009,1031,2,1,124.08,1.24234365,SP,TEMPERED / HUMID,0,0,1
2/16/2009,1031,2,2,127.73,1.24246457,SP,TEMPERED / HUMID,0,0,1
2/17/2009,1031,2,3,116.17,0.87019024,SP,TEMPERED / HUMID,1,0,1
2/18/2009,1031,2,4,609.3,0.8614968,SP,TEMPERED / HUMID,1,0,1
2/19/2009,1031,2,5,98.35,0.87839349,SP,TEMPERED / HUMID,1,0,1
2/20/2009,1031,2,6,85.74,0.88978307,SP,TEMPERED / HUMID,1,0,1
2/21/2009,1031,2,7,137.79,0.89005008,SP,TEMPERED / HUMID,1,0,1
2/22/2009,1031,2,1,61.29,0.88986784,SP,TEMPERED / HUMID,1,0,1
2/23/2009,1031,2,2,19.25,1.25038961,SP,TEMPERED / HUMID,0,0,1
2/24/2009,1031,2,3,104,1.24990385,SP,TEMPERED / HUMID,0,0,1
2/25/2009,1031,2,4,951.59,0.84429218,SP,TEMPERED / HUMID,1,0,1
2/26/2009,1031,2,5,198.18,0.89756787,SP,TEMPERED / HUMID,1,0,1
2/27/2009,1031,2,6,120.69,1.20473942,SP,TEMPERED / HUMID,0,0,1
2/28/2009,1031,2,7,149.58,1.24996657,SP,TEMPERED / HUMID,0,0,1
3/01/2009,1031,3,1,154.21,1.18980611,SP,TEMPERED / HUMID,0,0,1
3/02/2009,1031,3,2,147.38,1.15585561,SP,TEMPERED / HUMID,0,0,1
3/03/2009,1031,3,3,372.32,1.24059948,SP,TEMPERED / HUMID,0,0,1
3/04/2009,1031,3,4,113.16,1.36815129,SP,TEMPERED / HUMID,1,0,1
3/05/2009,1031,3,5,234.13,1.38038696,SP,TEMPERED / HUMID,0,0,1
3/06/2009,1031,3,6,528,0.92142045,SP,TEMPERED / HUMID,1,0,1
3/07/2009,1031,3,7,143.22,0.89414886,SP,TEMPERED / HUMID,1,0,1
3/08/2009,1031,3,1,95.64,0.98002928,SP,TEMPERED / HUMID,0,0,1
3/13/2009,1031,3,6,108.41,0.99031455,SP,TEMPERED / HUMID,0,0,1
3/14/2009,1031,3,7,264.31,1.24989596,SP,TEMPERED / HUMID,0,0,1
3/15/2009,1031,3,1,121.38,1.24625144,SP,TEMPERED / HUMID,0,0,1
3/16/2009,1031,3,2,15.35,1.25081433,SP,TEMPERED / HUMID,0,0,1
3/17/2009,1031,3,3,21.65,1.24942263,SP,TEMPERED / HUMID,0,0,1
3/18/2009,1031,3,4,401.46,1.23210282,SP,TEMPERED / HUMID,1,0,1
3/19/2009,1031,3,5,84.97,1.17323761,SP,TEMPERED / HUMID,0,0,1
3/20/2009,1031,3,6,138.28,1.24992768,SP,TEMPERED / HUMID,0,0,1
3/21/2009,1031,3,7,115.43,1.25036819,SP,TEMPERED / HUMID,0,0,1
3/22/2009,1031,3,1,329.35,1.24563534,SP,TEMPERED / HUMID,0,0,1
3/23/2009,1031,3,2,142.2,1.24992968,SP,TEMPERED / HUMID,0,0,1
3/24/2009,1031,3,3,103.02,1.32809163,SP,TEMPERED / HUMID,0,0,1
3/25/2009,1031,3,4,341.92,1.33089612,SP,TEMPERED / HUMID,0,0,1
3/26/2009,1031,3,5,135.91,1.38451917,SP,TEMPERED / HUMID,0,0,1
3/27/2009,1031,3,6,131.85,1.24975351,SP,TEMPERED / HUMID,0,0,1
3/28/2009,1031,3,7,252.07,1.24973222,SP,TEMPERED / HUMID,0,0,1
3/29/2009,1031,3,1,143.48,1.24135768,SP,TEMPERED / HUMID,0,0,1
3/30/2009,1031,3,2,153.45,1.24985337,SP,TEMPERED / HUMID,0,0,1
3/31/2009,1031,3,3,126.42,1.24829932,SP,TEMPERED / HUMID,0,0,1
4/01/2009,1031,4,4,179.62,1.18984523,SP,TEMPERED / HUMID,0,0,1
4/02/2009,1031,4,5,622.28,1.12201903,SP,TEMPERED / HUMID,0,0,1
4/03/2009,1031,4,6,2457.3,0.64998169,SP,TEMPERED / HUMID,1,0,1
4/04/2009,1031,4,7,148.94,1.25003357,SP,TEMPERED / HUMID,1,0,1
4/05/2009,1031,4,1,181.02,1.38984643,SP,TEMPERED / HUMID,0,0,1
4/06/2009,1031,4,2,144.74,1.13244438,SP,TEMPERED / HUMID,0,0,1
4/07/2009,1031,4,3,240.02,0.9460045,SP,TEMPERED / HUMID,1,0,1
4/08/2009,1031,4,4,30.38,1.19025675,SP,TEMPERED / HUMID,0,0,1
4/13/2009,1031,4,2,95.47,1.29024825,SP,TEMPERED / HUMID,0,0,1
4/14/2009,1031,4,3,114.21,1.2329043,SP,TEMPERED / HUMID,0,0,1
4/15/2009,1031,4,4,603.5,0.96856669,SP,TEMPERED / HUMID,1,0,1
4/16/2009,1031,4,5,196.77,0.98998831,SP,TEMPERED / HUMID,0,0,1
4/17/2009,1031,4,6,208.14,1.27543961,SP,TEMPERED / HUMID,0,0,1
4/18/2009,1031,4,7,336.92,1.24827852,SP,TEMPERED / HUMID,0,0,1
4/19/2009,1031,4,1,265.08,1.25003772,SP,TEMPERED / HUMID,0,0,1
4/20/2009,1031,4,2,220.95,1.25019235,SP,TEMPERED / HUMID,0,0,1
4/21/2009,1031,4,3,170.02,1.23079638,SP,TEMPERED / HUMID,0,0,1
4/22/2009,1031,4,4,1041.45,0.93730856,SP,TEMPERED / HUMID,1,0,1
4/23/2009,1031,4,5,99.1,1.12532795,SP,TEMPERED / HUMID,0,0,1
4/24/2009,1031,4,6,122.48,1.24583605,SP,TEMPERED / HUMID,0,0,1
4/25/2009,1031,4,7,119.5,1.24552301,SP,TEMPERED / HUMID,0,0,1
4/26/2009,1031,4,1,260.88,1.24942502,SP,TEMPERED / HUMID,0,0,1
4/27/2009,1031,4,2,136.29,1.25020178,SP,TEMPERED / HUMID,0,0,1
4/28/2009,1031,4,3,196.79,1.24172976,SP,TEMPERED / HUMID,0,0,1
4/29/2009,1031,4,4,910.7,0.94416383,SP,TEMPERED / HUMID,1,0,1
4/30/2009,1031,4,5,181.71,1.29585603,SP,TEMPERED / HUMID,0,0,1
5/01/2009,1031,5,6,207.7,1.1900337,SP,TEMPERED / HUMID,0,0,1
5/02/2009,1031,5,7,170,1.14970588,SP,TEMPERED / HUMID,0,0,1
5/03/2009,1031,5,1,254.61,1.25006873,SP,TEMPERED / HUMID,0,0,1
5/04/2009,1031,5,2,163.04,1.250184,SP,TEMPERED / HUMID,1,0,1
5/05/2009,1031,5,3,235.22,1.15122013,SP,TEMPERED / HUMID,0,0,1
5/06/2009,1031,5,4,138.27,0.98900702,SP,TEMPERED / HUMID,1,0,1
5/07/2009,1031,5,5,209.4,0.94990449,SP,TEMPERED / HUMID,1,0,1
5/08/2009,1031,5,6,549.81,0.74905877,SP,TEMPERED / HUMID,1,0,1
5/13/2009,1031,5,4,920.82,0.88142091,SP,TEMPERED / HUMID,1,0,1
5/14/2009,1031,5,5,235.76,1.36931625,SP,TEMPERED / HUMID,0,0,1
5/15/2009,1031,5,6,125.12,1.38019501,SP,TEMPERED / HUMID,0,0,1
5/16/2009,1031,5,7,424.72,0.98742701,SP,TEMPERED / HUMID,1,0,1
5/17/2009,1031,5,1,427.67,0.99006243,SP,TEMPERED / HUMID,1,0,1
5/18/2009,1031,5,2,188.92,1.37465594,SP,TEMPERED / HUMID,0,0,1
5/19/2009,1031,5,3,169.27,1.31482247,SP,TEMPERED / HUMID,0,0,1
5/20/2009,1031,5,4,1196.54,0.75039698,SP,TEMPERED / HUMID,1,0,1
5/21/2009,1031,5,5,157.75,1.36424723,SP,TEMPERED / HUMID,0,0,1
5/22/2009,1031,5,6,264,0.96708333,SP,TEMPERED / HUMID,1,0,1
5/23/2009,1031,5,7,590.93,0.85812194,SP,TEMPERED / HUMID,1,0,1
5/24/2009,1031,5,1,461.82,0.85977221,SP,TEMPERED / HUMID,1,0,1
5/25/2009,1031,5,2,282.35,0.86017354,SP,TEMPERED / HUMID,1,0,1
5/26/2009,1031,5,3,150.82,1.36712638,SP,TEMPERED / HUMID,0,0,1
5/27/2009,1031,5,4,483.8,0.89782968,SP,TEMPERED / HUMID,1,0,1
5/28/2009,1031,5,5,128.94,1.32472468,SP,TEMPERED / HUMID,0,0,1
5/29/2009,1031,5,6,115.89,1.37388903,SP,TEMPERED / HUMID,0,0,1
5/30/2009,1031,5,7,312.57,1.33854817,SP,TEMPERED / HUMID,0,0,1
5/31/2009,1031,5,1,236.13,1.30678016,SP,TEMPERED / HUMID,0,0,1
6/01/2009,1031,6,2,261.37,1.19019015,SP,TEMPERED / HUMID,0,0,1
