mode/oranges.csv
Sales_Date,Store,Month,Weekday,Sales,Unit_Price,State,Climate,Promo,Test20t,Test50t
9/15/2008,1058,9,2,104.66,1.17943818,SP,TEMPERED / HUMID,0,0,0
9/16/2008,1058,9,3,181.24,1.099371,SP,TEMPERED / HUMID,0,0,0
9/17/2008,1058,9,4,2403.68,0.47994741,SP,TEMPERED / HUMID,1,0,0
9/18/2008,1058,9,5,238.58,0.75002096,SP,TEMPERED / HUMID,1,0,0
9/19/2008,1058,9,6,126.22,1.18974806,SP,TEMPERED / HUMID,0,0,0
9/20/2008,1058,9,7,312.67,0.91191992,SP,TEMPERED / HUMID,1,0,0
9/21/2008,1058,9,1,238.63,0.79026107,SP,TEMPERED / HUMID,1,0,0
9/22/2008,1058,9,2,39.82,1.16700151,SP,TEMPERED / HUMID,0,0,0
9/23/2008,1058,9,3,303.38,0.60897225,SP,TEMPERED / HUMID,1,0,0
9/24/2008,1058,9,4,1693.22,0.47989629,SP,TEMPERED / HUMID,1,0,0
9/25/2008,1058,9,5,22.61,0.79035825,SP,TEMPERED / HUMID,1,0,0
9/26/2008,1058,9,6,56.72,1.15038787,SP,TEMPERED / HUMID,0,0,0
9/27/2008,1058,9,7,75.78,0.97030879,SP,TEMPERED / HUMID,0,0,0
9/28/2008,1058,9,1,102.69,0.79033986,SP,TEMPERED / HUMID,0,0,0
9/29/2008,1058,9,2,81.44,0.78990668,SP,TEMPERED / HUMID,0,0,0
9/30/2008,1058,9,3,148.95,0.78992951,SP,TEMPERED / HUMID,0,0,0
10/07/2008,1058,10,3,91.67,0.88524054,SP,TEMPERED / HUMID,1,0,0
10/08/2008,1058,10,4,142.38,1.28023599,SP,TEMPERED / HUMID,0,0,0
10/09/2008,1058,10,5,637.43,0.86779725,SP,TEMPERED / HUMID,1,0,0
10/10/2008,1058,10,6,110.69,0.99024302,SP,TEMPERED / HUMID,0,0,0
10/11/2008,1058,10,7,81.01,1.19034687,SP,TEMPERED / HUMID,0,0,0
10/12/2008,1058,10,1,320.04,0.84995626,SP,TEMPERED / HUMID,1,0,0
10/13/2008,1058,10,2,84.71,0.98996577,SP,TEMPERED / HUMID,0,0,0
10/14/2008,1058,10,3,76.67,0.73457676,SP,TEMPERED / HUMID,1,0,0
10/15/2008,1058,10,4,576.41,0.74872053,SP,TEMPERED / HUMID,1,0,0
10/16/2008,1058,10,5,106.45,0.9790512,SP,TEMPERED / HUMID,0,0,0
10/17/2008,1058,10,6,95.7,0.98975967,SP,TEMPERED / HUMID,0,0,0
10/18/2008,1058,10,7,207.63,0.98978953,SP,TEMPERED / HUMID,0,0,0
10/19/2008,1058,10,1,142.34,0.98967261,SP,TEMPERED / HUMID,0,0,0
10/20/2008,1058,10,2,103.65,0.9896768,SP,TEMPERED / HUMID,0,0,0
10/21/2008,1058,10,3,162.94,0.74585737,SP,TEMPERED / HUMID,1,0,0
10/22/2008,1058,10,4,155.91,0.74331345,SP,TEMPERED / HUMID,1,0,0
10/23/2008,1058,10,5,123.46,0.98776932,SP,TEMPERED / HUMID,0,0,0
10/24/2008,1058,10,6,88.67,0.99075223,SP,TEMPERED / HUMID,0,0,0
10/25/2008,1058,10,7,336.3,0.99006839,SP,TEMPERED / HUMID,0,0,0
10/26/2008,1058,10,1,365.09,0.98778383,SP,TEMPERED / HUMID,0,0,0
10/27/2008,1058,10,2,154.5,0.98983819,SP,TEMPERED / HUMID,0,0,0
10/28/2008,1058,10,3,227.56,0.85410441,SP,TEMPERED / HUMID,1,0,0
10/29/2008,1058,10,4,726.71,0.86829684,SP,TEMPERED / HUMID,1,0,0
10/30/2008,1058,10,5,189.54,1.07956104,SP,TEMPERED / HUMID,0,0,0
10/31/2008,1058,10,6,95.54,1.18473938,SP,TEMPERED / HUMID,0,0,0
11/07/2008,1058,11,6,35.31,1.05182668,SP,TEMPERED / HUMID,1,0,0
11/08/2008,1058,11,7,85.39,1.26982082,SP,TEMPERED / HUMID,0,0,0
11/09/2008,1058,11,1,162.55,0.99003384,SP,TEMPERED / HUMID,0,0,0
11/10/2008,1058,11,2,174,0.98747126,SP,TEMPERED / HUMID,0,0,0
11/11/2008,1058,11,3,219.59,0.8681634,SP,TEMPERED / HUMID,1,0,0
11/12/2008,1058,11,4,80.08,0.97652348,SP,TEMPERED / HUMID,0,0,0
11/13/2008,1058,11,5,119.52,1.06283467,SP,TEMPERED / HUMID,1,0,0
11/14/2008,1058,11,6,127.3,1.16080126,SP,TEMPERED / HUMID,0,0,0
11/15/2008,1058,11,7,307.17,0.88006641,SP,TEMPERED / HUMID,0,0,0
11/16/2008,1058,11,1,147.35,0.88008144,SP,TEMPERED / HUMID,0,0,0
11/17/2008,1058,11,2,74.23,0.88050653,SP,TEMPERED / HUMID,0,0,0
11/18/2008,1058,11,3,123.17,1.16262077,SP,TEMPERED / HUMID,0,0,0
11/19/2008,1058,11,4,1186.34,0.58997421,SP,TEMPERED / HUMID,1,0,0
11/20/2008,1058,11,5,97.4,0.87915811,SP,TEMPERED / HUMID,0,0,0
11/21/2008,1058,11,6,103.67,0.87971448,SP,TEMPERED / HUMID,0,0,0
11/22/2008,1058,11,7,80.09,0.98002247,SP,TEMPERED / HUMID,0,0,0
11/23/2008,1058,11,1,144.18,0.98016368,SP,TEMPERED / HUMID,0,0,0
11/24/2008,1058,11,2,78.79,0.98007361,SP,TEMPERED / HUMID,0,0,0
11/25/2008,1058,11,3,175.93,0.86551469,SP,TEMPERED / HUMID,1,0,0
11/26/2008,1058,11,4,302.3,0.86986437,SP,TEMPERED / HUMID,1,0,0
11/27/2008,1058,11,5,116.98,0.9799111,SP,TEMPERED / HUMID,0,0,0
11/28/2008,1058,11,6,98.36,0.97966653,SP,TEMPERED / HUMID,0,0,0
11/29/2008,1058,11,7,204.02,0.98009999,SP,TEMPERED / HUMID,0,0,0
11/30/2008,1058,11,1,223.47,0.98017631,SP,TEMPERED / HUMID,0,0,0
12/07/2008,1058,12,1,222.52,1.00206723,SP,TEMPERED / HUMID,1,0,0
12/08/2008,1058,12,2,95.79,1.19855935,SP,TEMPERED / HUMID,0,0,0
12/09/2008,1058,12,3,205.11,1.18004973,SP,TEMPERED / HUMID,0,0,0
12/10/2008,1058,12,4,115.88,0.98998964,SP,TEMPERED / HUMID,0,0,0
12/11/2008,1058,12,5,582.62,0.86964059,SP,TEMPERED / HUMID,1,0,0
12/12/2008,1058,12,6,59,0.98,SP,TEMPERED / HUMID,1,0,0
12/13/2008,1058,12,7,177.79,0.84999156,SP,TEMPERED / HUMID,1,0,0
12/14/2008,1058,12,1,118.05,0.84997882,SP,TEMPERED / HUMID,0,0,0
12/15/2008,1058,12,2,76.35,0.84977079,SP,TEMPERED / HUMID,0,0,0
12/16/2008,1058,12,3,135.9,0.85916115,SP,TEMPERED / HUMID,1,0,0
12/17/2008,1058,12,4,224.26,0.86676179,SP,TEMPERED / HUMID,1,0,0
12/18/2008,1058,12,5,116.84,0.97851763,SP,TEMPERED / HUMID,0,0,0
12/19/2008,1058,12,6,103.31,0.9902236,SP,TEMPERED / HUMID,0,0,0
12/20/2008,1058,12,7,193.01,0.83451635,SP,TEMPERED / HUMID,1,0,0
12/21/2008,1058,12,1,170.79,0.78997599,SP,TEMPERED / HUMID,1,0,0
12/22/2008,1058,12,2,146.77,0.8114056,SP,TEMPERED / HUMID,1,0,0
12/23/2008,1058,12,3,382.16,0.58983148,SP,TEMPERED / HUMID,1,0,0
12/24/2008,1058,12,4,185.04,0.97995028,SP,TEMPERED / HUMID,0,0,0
12/26/2008,1058,12,6,57.44,0.97963092,SP,TEMPERED / HUMID,1,0,0
12/27/2008,1058,12,7,140.91,0.789582,SP,TEMPERED / HUMID,1,0,0
12/28/2008,1058,12,1,75.36,0.98022824,SP,TEMPERED / HUMID,0,0,0
12/29/2008,1058,12,2,115.12,0.77988186,SP,TEMPERED / HUMID,0,0,0
12/30/2008,1058,12,3,222.98,0.77989057,SP,TEMPERED / HUMID,1,0,0
12/31/2008,1058,12,4,311.15,0.89014945,SP,TEMPERED / HUMID,1,0,0
1/02/2009,1058,1,6,116.58,1.290187,SP,TEMPERED / HUMID,0,0,0
1/03/2009,1058,1,7,155.99,1.45996538,SP,TEMPERED / HUMID,0,0,0
1/04/2009,1058,1,1,270.43,1.64316089,SP,TEMPERED / HUMID,0,0,0
1/06/2009,1058,1,3,49.58,1.12404195,SP,TEMPERED / HUMID,1,0,0
1/07/2009,1058,1,4,784.74,0.73851212,SP,TEMPERED / HUMID,1,0,0
1/08/2009,1058,1,5,177.37,0.98015448,SP,TEMPERED / HUMID,0,0,0
1/13/2009,1058,1,3,380.68,0.85016287,SP,TEMPERED / HUMID,1,0,0
1/14/2009,1058,1,4,681.22,0.84963742,SP,TEMPERED / HUMID,1,0,0
1/15/2009,1058,1,5,319.24,0.92425761,SP,TEMPERED / HUMID,1,0,0
1/16/2009,1058,1,6,285.95,0.78971848,SP,TEMPERED / HUMID,1,0,0
1/17/2009,1058,1,7,435.72,0.789888,SP,TEMPERED / HUMID,1,0,0
1/18/2009,1058,1,1,158.5,1.18990536,SP,TEMPERED / HUMID,0,0,0
1/19/2009,1058,1,2,121.05,1.18992152,SP,TEMPERED / HUMID,0,0,0
1/20/2009,1058,1,3,69.22,1.13522103,SP,TEMPERED / HUMID,0,0,0
1/21/2009,1058,1,4,497.19,0.74967316,SP,TEMPERED / HUMID,1,0,0
1/22/2009,1058,1,5,59.84,1.16661096,SP,TEMPERED / HUMID,0,0,0
1/23/2009,1058,1,6,64.78,1.18045693,SP,TEMPERED / HUMID,0,0,0
1/24/2009,1058,1,7,110.55,0.97982813,SP,TEMPERED / HUMID,0,0,0
1/25/2009,1058,1,1,124.7,0.97538091,SP,TEMPERED / HUMID,0,0,0
1/26/2009,1058,1,2,52.39,0.98033976,SP,TEMPERED / HUMID,0,0,1
1/27/2009,1058,1,3,157.85,0.98017105,SP,TEMPERED / HUMID,0,0,1
1/28/2009,1058,1,4,555.41,0.75317333,SP,TEMPERED / HUMID,1,0,1
1/29/2009,1058,1,5,69.7,0.97144907,SP,TEMPERED / HUMID,0,0,1
1/30/2009,1058,1,6,180.8,0.97986726,SP,TEMPERED / HUMID,0,0,1
1/31/2009,1058,1,7,140.23,1.29002353,SP,TEMPERED / HUMID,0,0,1
2/01/2009,1058,2,1,189.64,0.91151656,SP,TEMPERED / HUMID,1,0,1
2/02/2009,1058,2,2,67.11,1.2901207,SP,TEMPERED / HUMID,0,0,1
2/03/2009,1058,2,3,52.11,1.46018039,SP,TEMPERED / HUMID,0,0,1
2/04/2009,1058,2,4,122.89,1.57994955,SP,TEMPERED / HUMID,0,0,1
2/05/2009,1058,2,5,396.67,1.17326745,SP,TEMPERED / HUMID,1,0,1
2/06/2009,1058,2,6,118.54,0.87928126,SP,TEMPERED / HUMID,1,0,1
2/07/2009,1058,2,7,212.05,1.13907097,SP,TEMPERED / HUMID,0,0,1
2/08/2009,1058,2,1,151.08,0.9799444,SP,TEMPERED / HUMID,0,0,1
2/13/2009,1058,2,6,81.24,1.48030527,SP,TEMPERED / HUMID,0,0,1
2/14/2009,1058,2,7,156.06,1.27995643,SP,TEMPERED / HUMID,0,0,1
2/15/2009,1058,2,1,122.17,1.27993779,SP,TEMPERED / HUMID,0,0,1
2/16/2009,1058,2,2,41.05,1.27965895,SP,TEMPERED / HUMID,0,0,1
2/17/2009,1058,2,3,64.73,1.22107215,SP,TEMPERED / HUMID,0,0,1
2/18/2009,1058,2,4,147.41,1.28010311,SP,TEMPERED / HUMID,0,0,1
2/19/2009,1058,2,5,47.13,1.28071292,SP,TEMPERED / HUMID,0,0,1
2/20/2009,1058,2,6,129.48,1.28027495,SP,TEMPERED / HUMID,0,0,1
2/21/2009,1058,2,7,162.17,1.27976814,SP,TEMPERED / HUMID,0,0,1
2/22/2009,1058,2,1,108.92,1.28011385,SP,TEMPERED / HUMID,0,0,1
2/23/2009,1058,2,2,70.89,1.27987022,SP,TEMPERED / HUMID,0,0,1
2/24/2009,1058,2,3,121.65,0.96974928,SP,TEMPERED / HUMID,1,0,1
2/25/2009,1058,2,4,710.62,0.84901917,SP,TEMPERED / HUMID,1,0,1
2/26/2009,1058,2,5,188.38,0.95678947,SP,TEMPERED / HUMID,1,0,1
2/27/2009,1058,2,6,179.99,1.05044725,SP,TEMPERED / HUMID,1,0,1
2/28/2009,1058,2,7,357.65,0.78006431,SP,TEMPERED / HUMID,1,0,1
3/01/2009,1058,3,1,165.56,0.7899251,SP,TEMPERED / HUMID,1,0,1
3/02/2009,1058,3,2,51.63,1.23842727,SP,TEMPERED / HUMID,0,0,1
3/03/2009,1058,3,3,87.64,0.75,SP,TEMPERED / HUMID,1,0,1
3/04/2009,1058,3,4,109.06,1.3852925,SP,TEMPERED / HUMID,1,0,1
3/05/2009,1058,3,5,312.14,0.98994041,SP,TEMPERED / HUMID,1,0,1
3/06/2009,1058,3,6,217.49,0.93990528,SP,TEMPERED / HUMID,1,0,1
3/07/2009,1058,3,7,187.32,0.95003203,SP,TEMPERED / HUMID,1,0,1
3/08/2009,1058,3,1,44.69,0.9796375,SP,TEMPERED / HUMID,0,0,1
3/13/2009,1058,3,6,68.99,1.47992463,SP,TEMPERED / HUMID,0,0,1
3/14/2009,1058,3,7,114.9,1.47093124,SP,TEMPERED / HUMID,0,0,1
3/15/2009,1058,3,1,134.29,1.47196366,SP,TEMPERED / HUMID,0,0,1
3/16/2009,1058,3,2,104.7,1.48042025,SP,TEMPERED / HUMID,0,0,1
3/17/2009,1058,3,3,53.99,1.48008891,SP,TEMPERED / HUMID,0,0,1
3/18/2009,1058,3,4,93.92,1.70868825,SP,TEMPERED / HUMID,0,0,1
3/19/2009,1058,3,5,70.49,1.78039438,SP,TEMPERED / HUMID,0,0,1
3/20/2009,1058,3,6,91.06,1.47012958,SP,TEMPERED / HUMID,0,0,1
3/21/2009,1058,3,7,181.09,1.34270252,SP,TEMPERED / HUMID,0,0,1
3/22/2009,1058,3,1,117.22,1.18998464,SP,TEMPERED / HUMID,0,0,1
3/23/2009,1058,3,2,89.44,1.19029517,SP,TEMPERED / HUMID,0,0,1
3/24/2009,1058,3,3,57.29,1.48053762,SP,TEMPERED / HUMID,0,0,1
3/25/2009,1058,3,4,137.57,1.45504107,SP,TEMPERED / HUMID,0,0,1
3/26/2009,1058,3,5,50.27,1.60015914,SP,TEMPERED / HUMID,0,0,1
3/27/2009,1058,3,6,35.14,1.49943085,SP,TEMPERED / HUMID,0,0,1
3/28/2009,1058,3,7,187.62,1.64998401,SP,TEMPERED / HUMID,0,0,1
3/29/2009,1058,3,1,97.48,1.64997948,SP,TEMPERED / HUMID,0,0,1
3/30/2009,1058,3,2,54.45,1.64995409,SP,TEMPERED / HUMID,0,0,1
3/31/2009,1058,3,3,83.68,1.38814532,SP,TEMPERED / HUMID,0,0,1
4/01/2009,1058,4,4,122.64,0.98964449,SP,TEMPERED / HUMID,0,0,1
4/02/2009,1058,4,5,150.63,0.98645688,SP,TEMPERED / HUMID,0,0,1
4/03/2009,1058,4,6,1224.86,0.64985386,SP,TEMPERED / HUMID,1,0,1
4/04/2009,1058,4,7,234.33,1.38996287,SP,TEMPERED / HUMID,1,0,1
4/05/2009,1058,4,1,181.79,0.98976841,SP,TEMPERED / HUMID,1,0,1
4/06/2009,1058,4,2,64.09,1.56467468,SP,TEMPERED / HUMID,0,0,1
4/07/2009,1058,4,3,296.11,0.94995103,SP,TEMPERED / HUMID,1,0,1
4/08/2009,1058,4,4,61.51,0.64249715,SP,TEMPERED / HUMID,1,0,1
4/13/2009,1058,4,2,92.47,1.570239,SP,TEMPERED / HUMID,0,0,1
4/14/2009,1058,4,3,145.17,0.97692361,SP,TEMPERED / HUMID,1,0,1
4/15/2009,1058,4,4,263.29,0.9675263,SP,TEMPERED / HUMID,1,0,1
4/16/2009,1058,4,5,46.92,1.59036658,SP,TEMPERED / HUMID,0,0,1
4/17/2009,1058,4,6,50.54,1.5900277,SP,TEMPERED / HUMID,0,0,1
4/18/2009,1058,4,7,165.24,1.29030501,SP,TEMPERED / HUMID,0,0,1
4/19/2009,1058,4,1,122.24,1.28967605,SP,TEMPERED / HUMID,0,0,1
4/20/2009,1058,4,2,112.09,1.28958872,SP,TEMPERED / HUMID,0,0,1
4/21/2009,1058,4,3,205.24,0.95244592,SP,TEMPERED / HUMID,1,0,1
4/22/2009,1058,4,4,457.31,0.92536791,SP,TEMPERED / HUMID,1,0,1
4/23/2009,1058,4,5,174.45,0.89011178,SP,TEMPERED / HUMID,1,0,1
4/24/2009,1058,4,6,137.93,0.89016168,SP,TEMPERED / HUMID,1,0,1
4/25/2009,1058,4,7,260.73,0.89000115,SP,TEMPERED / HUMID,1,0,1
4/26/2009,1058,4,1,138.02,0.89001594,SP,TEMPERED / HUMID,1,0,1
4/27/2009,1058,4,2,52.22,1.27977786,SP,TEMPERED / HUMID,0,0,1
4/28/2009,1058,4,3,142.9,0.94793562,SP,TEMPERED / HUMID,1,0,1
4/29/2009,1058,4,4,279.06,0.95018992,SP,TEMPERED / HUMID,1,0,1
4/30/2009,1058,4,5,53.97,1.26533259,SP,TEMPERED / HUMID,0,0,1
5/01/2009,1058,5,6,99.82,0.98998197,SP,TEMPERED / HUMID,1,0,1
5/02/2009,1058,5,7,81.51,1.45847135,SP,TEMPERED / HUMID,0,0,1
5/03/2009,1058,5,1,64.36,1.37119329,SP,TEMPERED / HUMID,0,0,1
5/04/2009,1058,5,2,177.75,1.38987342,SP,TEMPERED / HUMID,1,0,1
5/05/2009,1058,5,3,226.52,0.93815116,SP,TEMPERED / HUMID,1,0,1
5/06/2009,1058,5,4,116.28,0.98099415,SP,TEMPERED / HUMID,1,0,1
5/07/2009,1058,5,5,135.83,0.9498638,SP,TEMPERED / HUMID,1,0,1
5/08/2009,1058,5,6,853.81,0.6500041,SP,TEMPERED / HUMID,1,0,1
5/13/2009,1058,5,4,431.28,0.94001577,SP,TEMPERED / HUMID,1,0,1
5/14/2009,1058,5,5,60.96,1.59055118,SP,TEMPERED / HUMID,0,0,1
5/15/2009,1058,5,6,69.22,1.68982953,SP,TEMPERED / HUMID,0,0,1
5/16/2009,1058,5,7,191.52,1.69016291,SP,TEMPERED / HUMID,0,0,1
5/17/2009,1058,5,1,144.3,1.69009009,SP,TEMPERED / HUMID,0,0,1
5/18/2009,1058,5,2,73.79,1.67990243,SP,TEMPERED / HUMID,0,0,1
5/19/2009,1058,5,3,127.58,0.94207556,SP,TEMPERED / HUMID,1,0,1
5/20/2009,1058,5,4,505.89,0.77963589,SP,TEMPERED / HUMID,1,0,1
5/21/2009,1058,5,5,88.07,1.58953105,SP,TEMPERED / HUMID,1,0,1
5/22/2009,1058,5,6,100.11,0.96993307,SP,TEMPERED / HUMID,1,0,1
5/23/2009,1058,5,7,195.49,0.96992174,SP,TEMPERED / HUMID,1,0,1
5/24/2009,1058,5,1,189.04,0.96995345,SP,TEMPERED / HUMID,1,0,1
5/25/2009,1058,5,2,63.55,1.68009441,SP,TEMPERED / HUMID,0,0,1
5/26/2009,1058,5,3,182.35,0.93457636,SP,TEMPERED / HUMID,1,0,1
5/27/2009,1058,5,4,317.52,0.93852356,SP,TEMPERED / HUMID,1,0,1
5/28/2009,1058,5,5,28.76,1.51495132,SP,TEMPERED / HUMID,0,0,1
5/29/2009,1058,5,6,54.87,1.58957536,SP,TEMPERED / HUMID,0,0,1
5/30/2009,1058,5,7,165.12,1.66975533,SP,TEMPERED / HUMID,0,0,1
5/31/2009,1058,5,1,148.6,1.66998654,SP,TEMPERED / HUMID,0,0,1
6/01/2009,1058,6,2,143.45,0.88065528,SP,TEMPERED / HUMID,1,0,1
6/02/2009,1058,6,3,122.44,1.46920941,SP,TEMPERED / HUMID,0,0,1
6/03/2009,1058,6,4,80.71,1.47986619,SP,TEMPERED / HUMID,0,0,1
6/04/2009,1058,6,5,39.48,1.57953394,SP,TEMPERED / HUMID,0,0,1
6/05/2009,1058,6,6,327.8,0.95015253,SP,TEMPERED / HUMID,1,0,1
6/06/2009,1058,6,7,205.44,0.98997274,SP,TEMPERED / HUMID,1,0,1
6/07/2009,1058,6,1,85.13,1.16210502,SP,TEMPERED / HUMID,0,0,1
6/08/2009,1058,6,2,115.1,1.29009557,SP,TEMPERED / HUMID,0,0,1
6/13/2009,1058,6,7,182.4,0.98991228,SP,TEMPERED / HUMID,1,0,1
6/14/2009,1058,6,1,94.14,1.49001487,SP,TEMPERED / HUMID,0,0,1
6/15/2009,1058,6,2,77.91,1.49005262,SP,TEMPERED / HUMID,0,0,1
6/16/2009,1058,6,3,152.79,0.83585313,SP,TEMPERED / HUMID,1,0,1
6/17/2009,1058,6,4,218.05,0.88860353,SP,TEMPERED / HUMID,1,0,1
6/18/2009,1058,6,5,49.37,1.530079,SP,TEMPERED / HUMID,0,0,1
6/19/2009,1058,6,6,51.39,1.5304534,SP,TEMPERED / HUMID,0,0,1
6/20/2009,1058,6,7,186.3,1.53027375,SP,TEMPERED / HUMID,0,0,1
6/21/2009,1058,6,1,151.37,1.53015789,SP,TEMPERED / HUMID,0,0,1
6/22/2009,1058,6,2,125.08,1.53006076,SP,TEMPERED / HUMID,0,0,1
6/23/2009,1058,6,3,176.61,1.17960478,SP,TEMPERED / HUMID,0,0,1
6/24/2009,1058,6,4,140.43,1.17004913,SP,TEMPERED / HUMID,0,0,1
6/25/2009,1058,6,5,40.69,1.13025313,SP,TEMPERED / HUMID,0,0,1
6/27/2009,1058,6,7,263.26,0.88558839,SP,TEMPERED / HUMID,1,0,1
6/28/2009,1058,6,1,173.24,0.89009467,SP,TEMPERED / HUMID,1,0,1
6/29/2009,1058,6,2,64.51,0.89009456,SP,TEMPERED / HUMID,1,0,1
6/30/2009,1058,6,3,191.03,0.79584358,SP,TEMPERED / HUMID,1,1,1
7/01/2009,1058,7,4,225.45,0.88001774,SP,TEMPERED / HUMID,1,1,1
7/02/2009,1058,7,5,165.44,1.42716393,SP,TEMPERED / HUMID,0,1,1
7/03/2009,1058,7,6,208.17,1.47994428,SP,TEMPERED / HUMID,0,1,1
7/04/2009,1058,7,7,154.56,0.95005176,SP,TEMPERED / HUMID,1,1,1
7/05/2009,1058,7,1,144.94,0.97392024,SP,TEMPERED / HUMID,1,1,1
7/06/2009,1058,7,2,160.01,0.99018811,SP,TEMPERED / HUMID,1,1,1
7/07/2009,1058,7,3,804.7,0.33999006,SP,TEMPERED / HUMID,1,1,1
7/08/2009,1058,7,4,85.96,1.39006515,SP,TEMPERED / HUMID,0,1,1
7/13/2009,1058,7,2,63.62,1.18972021,SP,TEMPERED / HUMID,0,1,1
7/14/2009,1058,7,3,294.22,0.60957787,SP,TEMPERED / HUMID,1,1,1
7/15/2009,1058,7,4,926.38,0.73824996,SP,TEMPERED / HUMID,1,1,1
7/16/2009,1058,7,5,78.37,1.19025137,SP,TEMPERED / HUMID,0,1,1
7/17/2009,1058,7,6,0,.,SP,TEMPERED / HUMID,0,1,1
7/18/2009,1058,7,7,223.51,1.16737506,SP,TEMPERED / HUMID,0,1,1
7/19/2009,1058,7,1,124.87,1.16328982,SP,TEMPERED / HUMID,0,1,1
7/20/2009,1058,7,2,83.86,1.1900787,SP,TEMPERED / HUMID,0,1,1
7/21/2009,1058,7,3,323.87,0.75635286,SP,TEMPERED / HUMID,1,1,1
7/22/2009,1058,7,4,716.93,0.76937776,SP,TEMPERED / HUMID,1,1,1
7/23/2009,1058,7,5,96.07,1.26262101,SP,TEMPERED / HUMID,0,1,1
7/24/2009,1058,7,6,219.73,0.7798662,SP,TEMPERED / HUMID,1,1,1
7/25/2009,1058,7,7,325.15,0.77997847,SP,TEMPERED / HUMID,1,1,1
7/26/2009,1058,7,1,158.51,0.78014005,SP,TEMPERED / HUMID,1,1,1
7/27/2009,1058,7,2,112.42,1.38987725,SP,TEMPERED / HUMID,0,1,1
7/28/2009,1058,7,3,310.63,0.64884267,SP,TEMPERED / HUMID,1,1,1
7/29/2009,1058,7,4,678.91,0.64990941,SP,TEMPERED / HUMID,1,1,1
7/30/2009,1058,7,5,65.68,1.13383069,SP,TEMPERED / HUMID,0,1,1
7/31/2009,1058,7,6,83.96,1.28966174,SP,TEMPERED / HUMID,0,1,1
8/01/2009,1058,8,7,95.11,0.97981285,SP,TEMPERED / HUMID,0,1,1
8/02/2009,1058,8,1,109.6,1.48029197,SP,TEMPERED / HUMID,0,1,1
8/03/2009,1058,8,2,74.05,1.48008103,SP,TEMPERED / HUMID,0,1,1
8/04/2009,1058,8,3,275.85,0.94888526,SP,TEMPERED / HUMID,1,1,1
8/05/2009,1058,8,4,215.08,0.97996094,SP,TEMPERED / HUMID,1,1,1
8/06/2009,1058,8,5,55.87,0.98979774,SP,TEMPERED / HUMID,1,1,1
8/07/2009,1058,8,6,240.02,0.34009666,SP,TEMPERED / HUMID,1,1,1
8/08/2009,1058,8,7,222.05,1.39000225,SP,TEMPERED / HUMID,0,1,1
8/13/2009,1058,8,5,71.29,1.28980222,SP,TEMPERED / HUMID,0,1,1
8/14/2009,1058,8,6,50.64,1.37993681,SP,TEMPERED / HUMID,0,1,1
8/15/2009,1058,8,7,195.64,1.2800552,SP,TEMPERED / HUMID,0,1,1
8/16/2009,1058,8,1,207.88,1.27992111,SP,TEMPERED / HUMID,0,1,1
8/17/2009,1058,8,2,85.85,1.2800233,SP,TEMPERED / HUMID,0,1,1
8/18/2009,1058,8,3,112.88,0.76346563,SP,TEMPERED / HUMID,1,1,1
