mode/oranges.csv
Sales_Date,Store,Month,Weekday,Sales,Unit_Price,State,Climate,Promo,Test20t,Test50t
8/19/2009,1058,8,4,286.16,0.78005312,SP,TEMPERED / HUMID,1,1,1
8/20/2009,1058,8,5,41.27,1.27986431,SP,TEMPERED / HUMID,0,1,1
8/21/2009,1058,8,6,75.18,1.25871242,SP,TEMPERED / HUMID,0,1,1
8/23/2009,1058,8,1,201.49,0.88982083,SP,TEMPERED / HUMID,1,1,1
8/24/2009,1058,8,2,82,0.88365854,SP,TEMPERED / HUMID,1,1,1
8/25/2009,1058,8,3,178.53,0.66061726,SP,TEMPERED / HUMID,1,1,1
8/26/2009,1058,8,4,609.66,0.71328281,SP,TEMPERED / HUMID,1,1,1
8/27/2009,1058,8,5,124.22,0.96844308,SP,TEMPERED / HUMID,0,1,1
8/31/2009,1058,8,2,84.31,0.99027399,SP,TEMPERED / HUMID,0,1,1
9/01/2009,1058,9,3,101.5,0.98,SP,TEMPERED / HUMID,0,1,1
9/02/2009,1058,9,4,64.93,1.47990143,SP,TEMPERED / HUMID,0,1,1
9/03/2009,1058,9,5,22.78,1.47936787,SP,TEMPERED / HUMID,0,1,1
9/04/2009,1058,9,6,264.1,0.95020825,SP,TEMPERED / HUMID,1,1,1
9/05/2009,1058,9,7,244.2,0.97993448,SP,TEMPERED / HUMID,1,1,1
9/06/2009,1058,9,1,122.23,0.72216314,SP,TEMPERED / HUMID,1,1,1
9/07/2009,1058,9,2,34.59,1.13616652,SP,TEMPERED / HUMID,0,1,1
9/08/2009,1058,9,3,91.58,1.39047827,SP,TEMPERED / HUMID,0,1,1
10/01/2009,1058,10,5,157.75,0.9800317,SP,TEMPERED / HUMID,0,1,1
10/02/2009,1058,10,6,69.91,1.47975969,SP,TEMPERED / HUMID,0,1,1
10/03/2009,1058,10,7,158.99,1.44939933,SP,TEMPERED / HUMID,0,1,1
10/04/2009,1058,10,1,199.9,0.94892446,SP,TEMPERED / HUMID,1,1,1
10/05/2009,1058,10,2,118.81,0.98005218,SP,TEMPERED / HUMID,1,1,1
10/06/2009,1058,10,3,629.54,0.66909172,SP,TEMPERED / HUMID,1,1,1
10/07/2009,1058,10,4,51.34,1.19010518,SP,TEMPERED / HUMID,0,1,1
10/08/2009,1058,10,5,117.53,1.38951757,SP,TEMPERED / HUMID,0,1,1
11/01/2009,1058,11,1,118.85,0.97997476,SP,TEMPERED / HUMID,0,1,1
11/02/2009,1058,11,2,154.2,1.45350195,SP,TEMPERED / HUMID,0,1,1
11/03/2009,1058,11,3,240.72,1.4689681,SP,TEMPERED / HUMID,0,1,1
11/04/2009,1058,11,4,244.64,0.95008993,SP,TEMPERED / HUMID,1,1,1
11/05/2009,1058,11,5,169.46,1.47509737,SP,TEMPERED / HUMID,0,1,1
11/06/2009,1058,11,6,177.9,1.48988196,SP,TEMPERED / HUMID,0,1,1
11/07/2009,1058,11,7,225.56,1.18988296,SP,TEMPERED / HUMID,0,1,1
11/08/2009,1058,11,1,477.54,0.57015119,SP,TEMPERED / HUMID,1,1,1
12/01/2009,1058,12,3,21.99,0.9799909,SP,TEMPERED / HUMID,0,1,1
12/02/2009,1058,12,4,61.51,1.47975939,SP,TEMPERED / HUMID,0,1,1
12/03/2009,1058,12,5,120.85,1.47960281,SP,TEMPERED / HUMID,0,1,1
12/04/2009,1058,12,6,64.31,0.94961903,SP,TEMPERED / HUMID,1,1,1
12/05/2009,1058,12,7,167.13,0.93705499,SP,TEMPERED / HUMID,1,1,1
12/06/2009,1058,12,1,148.4,1.14791105,SP,TEMPERED / HUMID,1,1,1
12/07/2009,1058,12,2,79.11,1.189483,SP,TEMPERED / HUMID,0,1,1
12/08/2009,1058,12,3,1190.25,0.56972905,SP,TEMPERED / HUMID,1,1,1
